stsafea_crypto.c:754:13:ComputeInitialValue.isra.1	0	static
stsafea_crypto.c:513:16:StSafeA_HostKeys_Init	0	static
stsafea_crypto.c:535:13:StSafeA_SHA_Init	0	static
stsafea_crypto.c:178:6:StSafeA_InitHASH	8	static
stsafea_crypto.c:557:13:StSafeA_SHA_Update	0	static
stsafea_crypto.c:581:13:StSafeA_SHA_Final	0	static
stsafea_crypto.c:193:6:StSafeA_ComputeHASH	8	static
stsafea_crypto.c:598:13:StSafeA_AES_MAC_Start	0	static
stsafea_crypto.c:615:13:StSafeA_AES_MAC_Update	0	static
stsafea_crypto.c:634:13:StSafeA_AES_MAC_LastUpdate	0	static
stsafea_crypto.c:652:13:StSafeA_AES_MAC_Final	0	static
stsafea_crypto.c:208:6:StSafeA_ComputeCMAC	40	static
stsafea_crypto.c:296:6:StSafeA_ComputeRMAC	24	static
stsafea_crypto.c:431:24:StSafeA_MAC_SHA_PrePostProcess	40	static
stsafea_crypto.c:672:16:StSafeA_AES_ECB_Encrypt	0	static
stsafea_crypto.c:696:16:StSafeA_AES_CBC_Encrypt	0	static
stsafea_crypto.c:333:24:StSafeA_DataEncryption	40	static
stsafea_crypto.c:723:16:StSafeA_AES_CBC_Decrypt	0	static
stsafea_crypto.c:372:24:StSafeA_DataDecryption	48	static
