stsafea_core.c:2672:31:StSafeA_AssignLVResponse	0	static
stsafea_core.c:2706:31:StSafeA_AssignLVBuffer	8	static
stsafea_core.c:2625:31:StSafeA_TransmitCommand	8	static
stsafea_core.c:2647:31:StSafeA_ReceiveResponse	8	static
stsafea_core.c:202:24:StSafeA_Init	8	static
stsafea_core.c:269:9:StSafeA_GetVersion	0	static
stsafea_core.c:1922:24:StSafeA_HostKeySlotQuery	24	static
stsafea_core.c:2771:13:StSafeA_BuildCommandHeaderCMAC	24	static
stsafea_core.c:288:24:StSafeA_Echo	24	static
stsafea_core.c:343:24:StSafeA_Reset	16	static
stsafea_core.c:391:24:StSafeA_GenerateRandom	16	static
stsafea_core.c:477:24:StSafeA_Hibernate	24	static
stsafea_core.c:551:24:StSafeA_DataPartitionQuery	40	static
stsafea_core.c:680:24:StSafeA_Decrement	32	static
stsafea_core.c:790:24:StSafeA_Read	24	static
stsafea_core.c:879:24:StSafeA_Process_Update	24	static
stsafea_core.c:973:24:StSafeA_Update	80	static
stsafea_core.c:1069:24:StSafeA_GenerateKeyPair	40	static
stsafea_core.c:1213:24:StSafeA_GenerateSignature	24	static
stsafea_core.c:1351:24:StSafeA_VerifyMessageSignature	40	static
stsafea_core.c:1515:24:StSafeA_EstablishKey	32	static
stsafea_core.c:1672:24:StSafeA_ProductDataQuery	32	static
stsafea_core.c:1811:24:StSafeA_I2cParameterQuery	24	static
stsafea_core.c:1868:24:StSafeA_LifeCycleStateQuery	24	static
stsafea_core.c:1988:24:StSafeA_PutAttribute	24	static
stsafea_core.c:2044:24:StSafeA_DeletePassword	16	static
stsafea_core.c:2094:24:StSafeA_VerifyPassword	24	static
stsafea_core.c:2160:24:StSafeA_RawCommand	24	static
stsafea_core.c:2245:24:StSafeA_LocalEnvelopeKeySlotQuery	24	static
stsafea_core.c:2337:24:StSafeA_GenerateLocalEnvelopeKey	24	static
stsafea_core.c:2418:24:StSafeA_WrapLocalEnvelope	24	static
stsafea_core.c:2525:24:StSafeA_UnwrapLocalEnvelope	24	static
stsafea_core.c:3328:24:StSafeA_CommandAuthorizationConfigurationQuery	24	static
