iot_serializer_json_encoder.c:275:13:_stopContainer	16	static
iot_serializer_json_encoder.c:289:15:_getSerializedLength	32	static
iot_serializer_json_encoder.c:335:15:_getKeyValueLength	32	static
iot_serializer_json_encoder.c:355:15:_getValueLength	32	static
iot_serializer_json_encoder.c:371:13:_appendTextString	24	static
iot_serializer_json_encoder.c:383:13:_appendByteString	40	static
iot_serializer_json_encoder.c:402:13:_appendInteger	48	static
iot_serializer_json_encoder.c:412:13:_appendBoolean	16	static
iot_serializer_json_encoder.c:429:13:_appendData	40	static
iot_serializer_json_encoder.c:475:13:_appendJsonValue	24	static
iot_serializer_json_encoder.c:489:13:_appendJsonKeyValuePair	24	static
iot_serializer_json_encoder.c:507:29:_init	32	static
iot_serializer_json_encoder.c:542:13:_destroy	24	static
iot_serializer_json_encoder.c:554:29:_openContainer	40	static
iot_serializer_json_encoder.c:596:29:_openContainerWithKey	48	static
iot_serializer_json_encoder.c:640:29:_closeContainer	24	static
iot_serializer_json_encoder.c:675:29:_append	32	static
iot_serializer_json_encoder.c:713:29:_appendKeyValue	40	static
iot_serializer_json_encoder.c:753:15:_getEncodedSize	24	static
iot_serializer_json_encoder.c:774:15:_getExtraBufferSizeNeeded	24	static
