iot_serializer_json_decoder.c:108:32:_getTokenType	24	static
iot_serializer_json_decoder.c:160:27:_createContainer	24	static
iot_serializer_json_decoder.c:176:13:_skipWhiteSpacesAndDelimeters	32	static
iot_serializer_json_decoder.c:199:13:parseContainer	32	static
iot_serializer_json_decoder.c:232:16:parseNumber	48	static
iot_serializer_json_decoder.c:258:13:parseTextString	32	static
iot_serializer_json_decoder.c:281:29:parseTokenValue	80	static
iot_serializer_json_decoder.c:423:29:_findKeyValue	64	static
iot_serializer_json_decoder.c:542:29:_init	48	static
iot_serializer_json_decoder.c:584:29:_find	32	static
iot_serializer_json_decoder.c:610:29:_stepIn	40	static
iot_serializer_json_decoder.c:665:13:_isEOF	24	static
iot_serializer_json_decoder.c:690:13:_isEndOfContainer	32	static
iot_serializer_json_decoder.c:707:29:_get	56	static
iot_serializer_json_decoder.c:746:29:_next	56	static
iot_serializer_json_decoder.c:780:29:_stepOut	32	static
iot_serializer_json_decoder.c:813:13:_destroy	16	static
