cbor.h:298:22:cbor_value_at_end	16	static
cbor.h:300:32:cbor_value_get_next_byte	16	static
cbor.h:310:26:_cbor_value_extract_int64_helper	24	static
cbor.h:318:26:cbor_value_get_type	16	static
cbor.h:328:22:cbor_value_is_boolean	16	static
cbor.h:330:27:cbor_value_get_boolean	16	static
cbor.h:348:22:cbor_value_is_integer	16	static
cbor.h:378:27:cbor_value_get_int	24	static
cbor.h:390:22:cbor_value_is_length_known	16	static
cbor.h:405:22:cbor_value_is_byte_string	16	static
cbor.h:407:22:cbor_value_is_text_string	16	static
cbor.h:430:27:cbor_value_copy_text_string	24	static
cbor.h:436:27:cbor_value_copy_byte_string	24	static
iot_serializer_tinycbor_decoder.c:84:13:_translateErrorCode	16	static
iot_serializer_tinycbor_decoder.c:110:32:_toSerializerType	16	static
iot_serializer_tinycbor_decoder.c:147:29:_createDecoderObject	64	static
iot_serializer_tinycbor_decoder.c:272:29:_init	64	static
iot_serializer_tinycbor_decoder.c:323:13:_destroy	24	static
iot_serializer_tinycbor_decoder.c:347:29:_get	24	static
iot_serializer_tinycbor_decoder.c:357:29:_find	56	static
iot_serializer_tinycbor_decoder.c:404:29:_stepIn	40	static
iot_serializer_tinycbor_decoder.c:438:29:_stepOut	32	static
iot_serializer_tinycbor_decoder.c:464:29:_next	32	static
iot_serializer_tinycbor_decoder.c:480:13:_isEndOfContainer	24	static
