FreeRTOS_POSIX_pthread.c:100:13:prvExitThread	16	static
FreeRTOS_POSIX_pthread.c:123:13:prvRunThread	24	static
FreeRTOS_POSIX_pthread.c:136:5:pthread_attr_destroy	16	static
FreeRTOS_POSIX_pthread.c:145:5:pthread_attr_getdetachstate	24	static
FreeRTOS_POSIX_pthread.c:164:5:pthread_attr_getschedparam	24	static
FreeRTOS_POSIX_pthread.c:176:5:pthread_attr_getstacksize	24	static
FreeRTOS_POSIX_pthread.c:188:5:pthread_attr_init	16	static
FreeRTOS_POSIX_pthread.c:198:5:pthread_attr_setdetachstate	24	static
FreeRTOS_POSIX_pthread.c:220:5:pthread_attr_setschedparam	32	static
FreeRTOS_POSIX_pthread.c:253:5:pthread_attr_setschedpolicy	16	static
FreeRTOS_POSIX_pthread.c:265:5:pthread_attr_setstacksize	24	static
FreeRTOS_POSIX_pthread.c:285:5:pthread_create	48	static
FreeRTOS_POSIX_pthread.c:370:5:pthread_getschedparam	32	static
FreeRTOS_POSIX_pthread.c:385:5:pthread_equal	16	static
FreeRTOS_POSIX_pthread.c:393:6:pthread_exit	24	static
FreeRTOS_POSIX_pthread.c:406:5:pthread_join	24	static
FreeRTOS_POSIX_pthread.c:478:11:pthread_self	8	static
FreeRTOS_POSIX_pthread.c:487:5:pthread_setschedparam	32	static
