wrap_aes.c:164:13:wrap_iv_psa_to_crypto	20	static
wrap_aes.c:191:21:wrap_import_raw_aes_key_into_psa	40	static
wrap_aes.c:252:9:AES_CBC_Encrypt_Init	112	static
wrap_aes.c:339:9:AES_CBC_Encrypt_Append	32	static
wrap_aes.c:392:9:AES_CBC_Encrypt_Finish	24	static
wrap_aes.c:448:9:AES_CBC_Decrypt_Init	112	static
wrap_aes.c:521:9:AES_CBC_Decrypt_Append	32	static
wrap_aes.c:573:9:AES_CBC_Decrypt_Finish	24	static
wrap_aes.c:638:9:AES_GCM_Encrypt_Init	24	static
wrap_aes.c:698:9:AES_GCM_Header_Append	16	static
wrap_aes.c:769:9:AES_GCM_Encrypt_Append	24	static
wrap_aes.c:814:9:AES_GCM_Encrypt_Finish	24	static
wrap_aes.c:870:9:AES_GCM_Decrypt_Init	16	static
wrap_aes.c:929:9:AES_GCM_Decrypt_Append	16	static
wrap_aes.c:980:9:AES_GCM_Decrypt_Finish	16	static
wrap_aes.c:1051:9:AES_CCM_Encrypt_Init	24	static
wrap_aes.c:1119:9:AES_CCM_Header_Append	12	static
wrap_aes.c:1164:9:AES_CCM_Encrypt_Append	40	static
wrap_aes.c:1217:9:AES_CCM_Encrypt_Finish	24	static
wrap_aes.c:1265:9:AES_CCM_Decrypt_Init	24	static
wrap_aes.c:1341:9:AES_CCM_Decrypt_Append	12	static
wrap_aes.c:1390:9:AES_CCM_Decrypt_Finish	40	static
wrap_aes.c:1453:9:AES_CMAC_Encrypt_Init	208	static
wrap_aes.c:1519:9:AES_CMAC_Encrypt_Append	8	static
wrap_aes.c:1563:9:AES_CMAC_Encrypt_Finish	24	static
wrap_aes.c:1626:9:AES_CMAC_Decrypt_Init	208	static
wrap_aes.c:1694:9:AES_CMAC_Decrypt_Append	8	static
wrap_aes.c:1742:9:AES_CMAC_Decrypt_Finish	16	static
wrap_aes.c:1811:9:AES_ECB_Encrypt_Init	16	static
wrap_aes.c:1857:9:AES_ECB_Encrypt_Append	32	static
wrap_aes.c:1904:9:AES_ECB_Encrypt_Finish	8	static
wrap_aes.c:1931:9:AES_ECB_Decrypt_Init	16	static
wrap_aes.c:1975:9:AES_ECB_Decrypt_Append	32	static
wrap_aes.c:2019:9:AES_ECB_Decrypt_Finish	8	static
