wrap_sign_verify.c:297:16:wrap_BigNum_to_uint8	24	static
wrap_sign_verify.c:225:16:wrap_uint8_to_BigNum	40	static
wrap_sign_verify.c:619:21:wrap_import_der_Key_into_psa	40	static
wrap_sign_verify.c:352:16:uint8_t_to_mpi	16	static
wrap_sign_verify.c:680:9:ECCinitEC	8	static
wrap_sign_verify.c:698:9:ECCfreeEC	0	static
wrap_sign_verify.c:715:9:ECCinitPoint	16	static
wrap_sign_verify.c:777:9:ECCfreePoint	8	static
wrap_sign_verify.c:811:9:ECCsetPointCoordinate	8	static
wrap_sign_verify.c:882:9:ECCgetPointCoordinate	24	static
wrap_sign_verify.c:932:9:ECCgetPointFlag	0	static
wrap_sign_verify.c:941:6:ECCsetPointFlag	0	static
wrap_sign_verify.c:951:9:ECCsetPointGenerator	0	static
wrap_sign_verify.c:961:9:ECCcopyPoint	0	static
wrap_sign_verify.c:976:9:ECCinitPrivKey	0	static
wrap_sign_verify.c:1000:9:ECCfreePrivKey	16	static
wrap_sign_verify.c:1027:9:ECCsetPrivKeyValue	8	static
wrap_sign_verify.c:1061:9:ECCgetPrivKeyValue	8	static
wrap_sign_verify.c:1090:9:ECCscalarMul	0	static
wrap_sign_verify.c:1108:9:ECDSAinitSign	0	static
wrap_sign_verify.c:1136:9:ECDSAfreeSign	8	static
wrap_sign_verify.c:1163:9:ECDSAsetSignature	8	static
wrap_sign_verify.c:1208:9:ECDSAgetSignature	8	static
wrap_sign_verify.c:1261:9:ECDSAverify	72	static
wrap_sign_verify.c:1415:9:ECCvalidatePubKey	136	static
wrap_sign_verify.c:1506:9:ECCkeyGen	0	static
wrap_sign_verify.c:1538:9:ECDSAsign	64	static
wrap_sign_verify.c:1676:9:RSA_PKCS1v15_Sign	1456	static
wrap_sign_verify.c:1835:9:RSA_PKCS1v15_Verify	616	static
