iot_linear_containers.h:303:20:IotLink_IsLinked	24	static
iot_linear_containers.h:330:20:IotListDouble_Create	24	static,ignoring_inline_asm
iot_linear_containers.h:584:20:IotListDouble_Remove	24	static,ignoring_inline_asm
iot_linear_containers.h:659:20:IotListDouble_RemoveAll	40	static,ignoring_inline_asm
aws_iot_shadow_api.c:175:28:_validateThingNameFlags	40	static
aws_iot_shadow_api.c:251:28:_validateDocumentInfo	40	static,ignoring_inline_asm
aws_iot_shadow_api.c:313:28:_setCallbackCommon	64	static
aws_iot_shadow_api.c:427:28:_modifyCallbackSubscriptions	128	static,ignoring_inline_asm
aws_iot_shadow_api.c:549:13:_callbackWrapperCommon	64	static,ignoring_inline_asm
aws_iot_shadow_api.c:575:13:_deltaCallbackWrapper	16	static
aws_iot_shadow_api.c:583:13:_updatedCallbackWrapper	16	static
aws_iot_shadow_api.c:591:21:AwsIotShadow_Init	24	static
aws_iot_shadow_api.c:627:6:AwsIotShadow_Cleanup	16	static
aws_iot_shadow_api.c:655:21:AwsIotShadow_Delete	56	static,ignoring_inline_asm
aws_iot_shadow_api.c:719:21:AwsIotShadow_TimedDelete	48	static,ignoring_inline_asm
aws_iot_shadow_api.c:753:21:AwsIotShadow_Get	56	static,ignoring_inline_asm
aws_iot_shadow_api.c:828:21:AwsIotShadow_TimedGet	48	static,ignoring_inline_asm
aws_iot_shadow_api.c:865:21:AwsIotShadow_Update	72	static,ignoring_inline_asm
aws_iot_shadow_api.c:982:21:AwsIotShadow_TimedUpdate	48	static,ignoring_inline_asm
aws_iot_shadow_api.c:1014:21:AwsIotShadow_Wait	40	static
aws_iot_shadow_api.c:1088:21:AwsIotShadow_SetDeltaCallback	32	static
aws_iot_shadow_api.c:1106:21:AwsIotShadow_SetUpdatedCallback	32	static
aws_iot_shadow_api.c:1124:14:AwsIotShadow_strerror	16	static
