es_wifi.c:81:17:Hex2Num	16	static
es_wifi.c:100:17:ParseHexNumber	24	static
es_wifi.c:124:16:ParseNumber	24	static
es_wifi.c:154:13:ParseMAC	24	static
es_wifi.c:174:14:ParseIP	24	static
es_wifi.c:193:31:ParseSecurity	16	static
es_wifi.c:210:13:AT_ParseInfo	32	static
es_wifi.c:261:13:AT_ParseAP	40	static
es_wifi.c:308:17:ArrayTo32bit	16	static
es_wifi.c:319:13:AT_ParseFWRev	32	static
es_wifi.c:353:13:AT_ParseSingleAP	32	static
es_wifi.c:452:13:AT_ParseSystemConfig	32	static
es_wifi.c:520:13:AT_ParseConnSettings	32	static
es_wifi.c:596:13:AT_ParseTransportSettings	32	static
es_wifi.c:664:13:AT_ParseIsConnected	16	static
es_wifi.c:675:13:AT_ParsePing	48	static
es_wifi.c:705:25:AT_ExecuteCommand	40	static
es_wifi.c:753:25:AT_RequestSendData	32	static
es_wifi.c:811:25:AT_RequestReceiveData	40	static
es_wifi.c:862:19:ES_WIFI_Init	24	static
es_wifi.c:886:19:ES_WIFI_DeInit	24	static
es_wifi.c:906:19:ES_WIFI_GetProductID	16	static
es_wifi.c:918:19:ES_WIFI_GetFWRevID	16	static
es_wifi.c:930:19:ES_WIFI_GetProductName	16	static
es_wifi.c:942:19:ES_WIFI_GetAPIRev	16	static
es_wifi.c:954:19:ES_WIFI_GetStackRev	16	static
es_wifi.c:966:19:ES_WIFI_GetRTOSRev	16	static
es_wifi.c:978:19:ES_WIFI_RegisterBusIO	24	static
es_wifi.c:1004:19:ES_WIFI_SetTimeout	16	static
es_wifi.c:1016:19:ES_WIFI_ListAccessPoints	40	static
es_wifi.c:1098:18:ES_WIFI_Connect	32	static
es_wifi.c:1157:9:ES_WIFI_IsConnected	24	static
es_wifi.c:1176:18:ES_WIFI_Disconnect	24	static
es_wifi.c:1191:18:ES_WIFI_GetNetworkSettings	24	static
es_wifi.c:1216:18:ES_WIFI_ActivateAP	24	static
es_wifi.c:1270:19:ES_WIFI_WaitAPStateChange	32	static
es_wifi.c:1339:18:ES_WIFI_GetMACAddress	32	static
es_wifi.c:1363:18:ES_WIFI_GetIPAddress	16	static
es_wifi.c:1375:18:ES_WIFI_SetMACAddress	56	static
es_wifi.c:1396:18:ES_WIFI_ResetToFactoryDefault	24	static
es_wifi.c:1411:18:ES_WIFI_ResetModule	32	static
es_wifi.c:1435:18:ES_WIFI_HardResetModule	24	static
es_wifi.c:1450:18:ES_WIFI_SetProductName	24	static
es_wifi.c:1535:18:ES_WIFI_GetSystemConfig	24	static
es_wifi.c:1557:18:ES_WIFI_Ping	48	static
es_wifi.c:1600:18:ES_WIFI_DNS_LookUp	40	static
es_wifi.c:1626:18:ES_WIFI_StartClientConnection	40	static
es_wifi.c:1692:18:ES_WIFI_StopClientConnection	24	static
es_wifi.c:1780:18:ES_WIFI_StartServerSingleConn	24	static
es_wifi.c:1846:19:ES_WIFI_WaitServerConnection	56	static
es_wifi.c:1937:18:ES_WIFI_CloseServerConnection	24	static
es_wifi.c:1968:18:ES_WIFI_StopServerSingleConn	24	static
es_wifi.c:2001:18:ES_WIFI_StartServerMultiConn	24	static
es_wifi.c:2062:18:ES_WIFI_StopServerMultiConn	24	static
es_wifi.c:2122:18:ES_WIFI_SendData	40	static
es_wifi.c:2184:19:ES_WIFI_SendDataTo	56	static
es_wifi.c:2282:18:ES_WIFI_ReceiveData	40	static
es_wifi.c:2343:19:ES_WIFI_ReceiveDataFrom	64	static
es_wifi.c:2435:19:ES_WIFI_SockInfo	48	static
es_wifi.c:2466:19:ES_WIFI_PeerInfo	48	static
es_wifi.c:2496:19:ES_WIFI_StoreCreds	40	static
es_wifi.c:2547:19:ES_WIFI_StoreCA	40	static
es_wifi.c:2571:19:ES_WIFI_StoreCertificate	40	static
es_wifi.c:2595:19:ES_WIFI_StoreKey	40	static
