sfu_low_level.c:99:17:SFU_LL_DeInit	0	static
sfu_low_level.c:143:17:SFU_LL_CRC_Config	8	static
sfu_low_level.c:123:17:SFU_LL_CRC_Init	8	static
sfu_low_level.c:84:17:SFU_LL_Init	0	static
sfu_low_level.c:211:10:SFU_LL_CRC_Calculate	0	static
sfu_low_level.c:231:17:SFU_LL_UART_Init	8	static
sfu_low_level.c:269:17:SFU_LL_UART_DeInit	0	static
sfu_low_level.c:293:17:SFU_LL_UART_Transmit	8	static
sfu_low_level.c:320:17:SFU_LL_UART_Receive	8	static
sfu_low_level.c:343:17:SFU_LL_UART_Flush	0	static
sfu_low_level.c:364:6:SFU_LL_SB_SRAM_Erase	0	static
sfu_low_level.c:390:17:SFU_LL_RTC_Init	8	static
sfu_low_level.c:426:17:SFU_LL_RTC_DeInit	0	static
sfu_low_level.c:452:6:SFU_LL_RTC_MspInit	232	static
sfu_low_level.c:518:6:SFU_LL_RTC_MspDeInit	0	static
sfu_low_level.c:529:6:SFU_LL_UART_MspInit	56	static
sfu_low_level.c:569:6:SFU_LL_UART_MspDeInit	8	static
