Archive member included to satisfy reference by file (symbol)

/Applications/STM32CubeIDE.app/Contents/Eclipse/plugins/com.st.stm32cube.ide.mcu.externaltools.gnu-tools-for-stm32.7-2018-q2-update.macos64_1.5.0.202011040924/tools/bin/../lib/gcc/arm-none-eabi/7.3.1/../../../../arm-none-eabi/lib/thumb/v7e-m/fpv4-sp/hard/libc_nano.a(lib_a-calloc.o)
                              Application/User/HAL_STSAFE-Axx/HAL_STSAFE-Axx.o (calloc)
/Applications/STM32CubeIDE.app/Contents/Eclipse/plugins/com.st.stm32cube.ide.mcu.externaltools.gnu-tools-for-stm32.7-2018-q2-update.macos64_1.5.0.202011040924/tools/bin/../lib/gcc/arm-none-eabi/7.3.1/../../../../arm-none-eabi/lib/thumb/v7e-m/fpv4-sp/hard/libc_nano.a(lib_a-errno.o)
                              Application/STM32CubeIDE/syscalls.o (__errno)
/Applications/STM32CubeIDE.app/Contents/Eclipse/plugins/com.st.stm32cube.ide.mcu.externaltools.gnu-tools-for-stm32.7-2018-q2-update.macos64_1.5.0.202011040924/tools/bin/../lib/gcc/arm-none-eabi/7.3.1/../../../../arm-none-eabi/lib/thumb/v7e-m/fpv4-sp/hard/libc_nano.a(lib_a-exit.o)
                              /Applications/STM32CubeIDE.app/Contents/Eclipse/plugins/com.st.stm32cube.ide.mcu.externaltools.gnu-tools-for-stm32.7-2018-q2-update.macos64_1.5.0.202011040924/tools/bin/../lib/gcc/arm-none-eabi/7.3.1/../../../../arm-none-eabi/lib/thumb/v7e-m/fpv4-sp/hard/crt0.o (exit)
/Applications/STM32CubeIDE.app/Contents/Eclipse/plugins/com.st.stm32cube.ide.mcu.externaltools.gnu-tools-for-stm32.7-2018-q2-update.macos64_1.5.0.202011040924/tools/bin/../lib/gcc/arm-none-eabi/7.3.1/../../../../arm-none-eabi/lib/thumb/v7e-m/fpv4-sp/hard/libc_nano.a(lib_a-impure.o)
                              /Applications/STM32CubeIDE.app/Contents/Eclipse/plugins/com.st.stm32cube.ide.mcu.externaltools.gnu-tools-for-stm32.7-2018-q2-update.macos64_1.5.0.202011040924/tools/bin/../lib/gcc/arm-none-eabi/7.3.1/../../../../arm-none-eabi/lib/thumb/v7e-m/fpv4-sp/hard/libc_nano.a(lib_a-exit.o) (_global_impure_ptr)
/Applications/STM32CubeIDE.app/Contents/Eclipse/plugins/com.st.stm32cube.ide.mcu.externaltools.gnu-tools-for-stm32.7-2018-q2-update.macos64_1.5.0.202011040924/tools/bin/../lib/gcc/arm-none-eabi/7.3.1/../../../../arm-none-eabi/lib/thumb/v7e-m/fpv4-sp/hard/libc_nano.a(lib_a-init.o)
                              /Applications/STM32CubeIDE.app/Contents/Eclipse/plugins/com.st.stm32cube.ide.mcu.externaltools.gnu-tools-for-stm32.7-2018-q2-update.macos64_1.5.0.202011040924/tools/bin/../lib/gcc/arm-none-eabi/7.3.1/../../../../arm-none-eabi/lib/thumb/v7e-m/fpv4-sp/hard/crt0.o (__libc_init_array)
/Applications/STM32CubeIDE.app/Contents/Eclipse/plugins/com.st.stm32cube.ide.mcu.externaltools.gnu-tools-for-stm32.7-2018-q2-update.macos64_1.5.0.202011040924/tools/bin/../lib/gcc/arm-none-eabi/7.3.1/../../../../arm-none-eabi/lib/thumb/v7e-m/fpv4-sp/hard/libc_nano.a(lib_a-malloc.o)
                              Application/User/HAL_STSAFE-Axx/HAL_STSAFE-Axx.o (free)
/Applications/STM32CubeIDE.app/Contents/Eclipse/plugins/com.st.stm32cube.ide.mcu.externaltools.gnu-tools-for-stm32.7-2018-q2-update.macos64_1.5.0.202011040924/tools/bin/../lib/gcc/arm-none-eabi/7.3.1/../../../../arm-none-eabi/lib/thumb/v7e-m/fpv4-sp/hard/libc_nano.a(lib_a-memcmp.o)
                              Middlewares/STSAFE_A1xx/CoreModules/stsafea_crypto.o (memcmp)
/Applications/STM32CubeIDE.app/Contents/Eclipse/plugins/com.st.stm32cube.ide.mcu.externaltools.gnu-tools-for-stm32.7-2018-q2-update.macos64_1.5.0.202011040924/tools/bin/../lib/gcc/arm-none-eabi/7.3.1/../../../../arm-none-eabi/lib/thumb/v7e-m/fpv4-sp/hard/libc_nano.a(lib_a-memcpy-stub.o)
                              Application/User/HAL_STSAFE-Axx/HAL_STSAFE-Axx.o (memcpy)
/Applications/STM32CubeIDE.app/Contents/Eclipse/plugins/com.st.stm32cube.ide.mcu.externaltools.gnu-tools-for-stm32.7-2018-q2-update.macos64_1.5.0.202011040924/tools/bin/../lib/gcc/arm-none-eabi/7.3.1/../../../../arm-none-eabi/lib/thumb/v7e-m/fpv4-sp/hard/libc_nano.a(lib_a-memmove.o)
                              Middlewares/STSAFE_A1xx/CoreModules/stsafea_core.o (memmove)
/Applications/STM32CubeIDE.app/Contents/Eclipse/plugins/com.st.stm32cube.ide.mcu.externaltools.gnu-tools-for-stm32.7-2018-q2-update.macos64_1.5.0.202011040924/tools/bin/../lib/gcc/arm-none-eabi/7.3.1/../../../../arm-none-eabi/lib/thumb/v7e-m/fpv4-sp/hard/libc_nano.a(lib_a-memset.o)
                              /Applications/STM32CubeIDE.app/Contents/Eclipse/plugins/com.st.stm32cube.ide.mcu.externaltools.gnu-tools-for-stm32.7-2018-q2-update.macos64_1.5.0.202011040924/tools/bin/../lib/gcc/arm-none-eabi/7.3.1/../../../../arm-none-eabi/lib/thumb/v7e-m/fpv4-sp/hard/crt0.o (memset)
/Applications/STM32CubeIDE.app/Contents/Eclipse/plugins/com.st.stm32cube.ide.mcu.externaltools.gnu-tools-for-stm32.7-2018-q2-update.macos64_1.5.0.202011040924/tools/bin/../lib/gcc/arm-none-eabi/7.3.1/../../../../arm-none-eabi/lib/thumb/v7e-m/fpv4-sp/hard/libc_nano.a(lib_a-nano-callocr.o)
[...]
Memory Configuration

Name             Origin             Length             Attributes
FLASH            0x0000000008000000 0x0000000000100000 xr
RAM              0x0000000020000000 0x0000000000018000 xrw
*default*        0x0000000000000000 0xffffffffffffffff

Linker script and memory map

LOAD /Applications/STM32CubeIDE.app/Contents/Eclipse/plugins/com.st.stm32cube.ide.mcu.externaltools.gnu-tools-for-stm32.7-2018-q2-update.macos64_1.5.0.202011040924/tools/bin/../lib/gcc/arm-none-eabi/7.3.1/thumb/v7e-m/fpv4-sp/hard/crti.o
LOAD /Applications/STM32CubeIDE.app/Contents/Eclipse/plugins/com.st.stm32cube.ide.mcu.externaltools.gnu-tools-for-stm32.7-2018-q2-update.macos64_1.5.0.202011040924/tools/bin/../lib/gcc/arm-none-eabi/7.3.1/thumb/v7e-m/fpv4-sp/hard/crtbegin.o
LOAD /Applications/STM32CubeIDE.app/Contents/Eclipse/plugins/com.st.stm32cube.ide.mcu.externaltools.gnu-tools-for-stm32.7-2018-q2-update.macos64_1.5.0.202011040924/tools/bin/../lib/gcc/arm-none-eabi/7.3.1/../../../../arm-none-eabi/lib/thumb/v7e-m/fpv4-sp/hard/crt0.o
LOAD Application/STM32CubeIDE/startup_stm32l4S5xx.o
LOAD Application/STM32CubeIDE/syscalls.o
LOAD Application/User/HAL_STSAFE-Axx/HAL_STSAFE-Axx.o
LOAD Application/User/HAL_STSAFE-Axx/HAL_STSAFE-Axx_INTERNAL.o
LOAD Application/User/HAL_STSAFE-Axx/Pairing.o
LOAD Application/User/flash_if.o
LOAD Application/User/main.o
LOAD Application/User/stm32l4xx_hal_msp.o
LOAD Application/User/stm32l4xx_it.o
LOAD Application/User/stsafea_crypto_mbedtls_interface.o
LOAD Application/User/stsafea_service_interface.o
LOAD Application/User/system_stm32l4xx.o
LOAD Drivers/BSP/B-L475E-IOT01/stm32l475e_iot01.o
LOAD Drivers/STM32L4xx_HAL_Driver/stm32l4xx_hal.o
LOAD Drivers/STM32L4xx_HAL_Driver/stm32l4xx_hal_adc.o
LOAD Drivers/STM32L4xx_HAL_Driver/stm32l4xx_hal_adc_ex.o
LOAD Drivers/STM32L4xx_HAL_Driver/stm32l4xx_hal_cortex.o
LOAD Drivers/STM32L4xx_HAL_Driver/stm32l4xx_hal_crc.o
LOAD Drivers/STM32L4xx_HAL_Driver/stm32l4xx_hal_crc_ex.o
LOAD Drivers/STM32L4xx_HAL_Driver/stm32l4xx_hal_dma.o
LOAD Drivers/STM32L4xx_HAL_Driver/stm32l4xx_hal_dma_ex.o
LOAD Drivers/STM32L4xx_HAL_Driver/stm32l4xx_hal_flash.o
LOAD Drivers/STM32L4xx_HAL_Driver/stm32l4xx_hal_flash_ex.o
LOAD Drivers/STM32L4xx_HAL_Driver/stm32l4xx_hal_gpio.o
LOAD Drivers/STM32L4xx_HAL_Driver/stm32l4xx_hal_i2c.o
LOAD Drivers/STM32L4xx_HAL_Driver/stm32l4xx_hal_i2c_ex.o
LOAD Drivers/STM32L4xx_HAL_Driver/stm32l4xx_hal_iwdg.o
LOAD Drivers/STM32L4xx_HAL_Driver/stm32l4xx_hal_pwr.o
LOAD Drivers/STM32L4xx_HAL_Driver/stm32l4xx_hal_pwr_ex.o
LOAD Drivers/STM32L4xx_HAL_Driver/stm32l4xx_hal_rcc.o
LOAD Drivers/STM32L4xx_HAL_Driver/stm32l4xx_hal_rcc_ex.o
LOAD Drivers/STM32L4xx_HAL_Driver/stm32l4xx_hal_rtc.o
LOAD Drivers/STM32L4xx_HAL_Driver/stm32l4xx_hal_rtc_ex.o
LOAD Drivers/STM32L4xx_HAL_Driver/stm32l4xx_hal_spi.o
LOAD Drivers/STM32L4xx_HAL_Driver/stm32l4xx_hal_spi_ex.o
LOAD Drivers/STM32L4xx_HAL_Driver/stm32l4xx_hal_tim.o
LOAD Drivers/STM32L4xx_HAL_Driver/stm32l4xx_hal_tim_ex.o
LOAD Drivers/STM32L4xx_HAL_Driver/stm32l4xx_hal_uart.o
LOAD Drivers/STM32L4xx_HAL_Driver/stm32l4xx_hal_uart_ex.o
LOAD Middlewares/STSAFE_A1xx/CoreModules/stsafea_core.o
LOAD Middlewares/STSAFE_A1xx/CoreModules/stsafea_crypto.o
LOAD Middlewares/STSAFE_A1xx/CoreModules/stsafea_service.o
LOAD Middlewares/Third_Party/MbedTLS/aes.o
LOAD Middlewares/Third_Party/MbedTLS/cipher.o
LOAD Middlewares/Third_Party/MbedTLS/cipher_wrap.o
LOAD Middlewares/Third_Party/MbedTLS/cmac.o
LOAD Middlewares/Third_Party/MbedTLS/platform.o
LOAD Middlewares/Third_Party/MbedTLS/platform_util.o
START GROUP
LOAD /Applications/STM32CubeIDE.app/Contents/Eclipse/plugins/com.st.stm32cube.ide.mcu.externaltools.gnu-tools-for-stm32.7-2018-q2-update.macos64_1.5.0.202011040924/tools/bin/../lib/gcc/arm-none-eabi/7.3.1/../../../../arm-none-eabi/lib/thumb/v7e-m/fpv4-sp/hard/libc_nano.a
LOAD /Applications/STM32CubeIDE.app/Contents/Eclipse/plugins/com.st.stm32cube.ide.mcu.externaltools.gnu-tools-for-stm32.7-2018-q2-update.macos64_1.5.0.202011040924/tools/bin/../lib/gcc/arm-none-eabi/7.3.1/../../../../arm-none-eabi/lib/thumb/v7e-m/fpv4-sp/hard/libm.a
END GROUP
START GROUP
LOAD /Applications/STM32CubeIDE.app/Contents/Eclipse/plugins/com.st.stm32cube.ide.mcu.externaltools.gnu-tools-for-stm32.7-2018-q2-update.macos64_1.5.0.202011040924/tools/bin/../lib/gcc/arm-none-eabi/7.3.1/thumb/v7e-m/fpv4-sp/hard/libgcc.a
LOAD /Applications/STM32CubeIDE.app/Contents/Eclipse/plugins/com.st.stm32cube.ide.mcu.externaltools.gnu-tools-for-stm32.7-2018-q2-update.macos64_1.5.0.202011040924/tools/bin/../lib/gcc/arm-none-eabi/7.3.1/../../../../arm-none-eabi/lib/thumb/v7e-m/fpv4-sp/hard/libc_nano.a
END GROUP
START GROUP
LOAD /Applications/STM32CubeIDE.app/Contents/Eclipse/plugins/com.st.stm32cube.ide.mcu.externaltools.gnu-tools-for-stm32.7-2018-q2-update.macos64_1.5.0.202011040924/tools/bin/../lib/gcc/arm-none-eabi/7.3.1/thumb/v7e-m/fpv4-sp/hard/libgcc.a
LOAD /Applications/STM32CubeIDE.app/Contents/Eclipse/plugins/com.st.stm32cube.ide.mcu.externaltools.gnu-tools-for-stm32.7-2018-q2-update.macos64_1.5.0.202011040924/tools/bin/../lib/gcc/arm-none-eabi/7.3.1/../../../../arm-none-eabi/lib/thumb/v7e-m/fpv4-sp/hard/libc_nano.a
LOAD /Applications/STM32CubeIDE.app/Contents/Eclipse/plugins/com.st.stm32cube.ide.mcu.externaltools.gnu-tools-for-stm32.7-2018-q2-update.macos64_1.5.0.202011040924/tools/bin/../lib/gcc/arm-none-eabi/7.3.1/../../../../arm-none-eabi/lib/thumb/v7e-m/fpv4-sp/hard/libnosys.a
END GROUP
START GROUP
LOAD /Applications/STM32CubeIDE.app/Contents/Eclipse/plugins/com.st.stm32cube.ide.mcu.externaltools.gnu-tools-for-stm32.7-2018-q2-update.macos64_1.5.0.202011040924/tools/bin/../lib/gcc/arm-none-eabi/7.3.1/thumb/v7e-m/fpv4-sp/hard/libgcc.a
LOAD /Applications/STM32CubeIDE.app/Contents/Eclipse/plugins/com.st.stm32cube.ide.mcu.externaltools.gnu-tools-for-stm32.7-2018-q2-update.macos64_1.5.0.202011040924/tools/bin/../lib/gcc/arm-none-eabi/7.3.1/../../../../arm-none-eabi/lib/thumb/v7e-m/fpv4-sp/hard/libc_nano.a
LOAD /Applications/STM32CubeIDE.app/Contents/Eclipse/plugins/com.st.stm32cube.ide.mcu.externaltools.gnu-tools-for-stm32.7-2018-q2-update.macos64_1.5.0.202011040924/tools/bin/../lib/gcc/arm-none-eabi/7.3.1/../../../../arm-none-eabi/lib/thumb/v7e-m/fpv4-sp/hard/libnosys.a
END GROUP
LOAD /Applications/STM32CubeIDE.app/Contents/Eclipse/plugins/com.st.stm32cube.ide.mcu.externaltools.gnu-tools-for-stm32.7-2018-q2-update.macos64_1.5.0.202011040924/tools/bin/../lib/gcc/arm-none-eabi/7.3.1/thumb/v7e-m/fpv4-sp/hard/crtend.o
LOAD /Applications/STM32CubeIDE.app/Contents/Eclipse/plugins/com.st.stm32cube.ide.mcu.externaltools.gnu-tools-for-stm32.7-2018-q2-update.macos64_1.5.0.202011040924/tools/bin/../lib/gcc/arm-none-eabi/7.3.1/thumb/v7e-m/fpv4-sp/hard/crtn.o
                0x0000000020018000                _estack = 0x20018000
                0x0000000000002000                _Min_Heap_Size = 0x2000
                0x0000000000004000                _Min_Stack_Size = 0x4000

.isr_vector     0x0000000008000000      0x1c0
                0x0000000008000000                . = ALIGN (0x8)
 *(.isr_vector)
 .isr_vector    0x0000000008000000      0x1bc Application/STM32CubeIDE/startup_stm32l4S5xx.o
                0x0000000008000000                g_pfnVectors
                0x00000000080001c0                . = ALIGN (0x8)
 *fill*         0x00000000080001bc        0x4 

.text           0x00000000080001c0     0x6330
                0x00000000080001c0                . = ALIGN (0x8)
 *(.text)
 .text          0x00000000080001c0       0x40 /Applications/STM32CubeIDE.app/Contents/Eclipse/plugins/com.st.stm32cube.ide.mcu.externaltools.gnu-tools-for-stm32.7-2018-q2-update.macos64_1.5.0.202011040924/tools/bin/../lib/gcc/arm-none-eabi/7.3.1/thumb/v7e-m/fpv4-sp/hard/crtbegin.o
 .text          0x0000000008000200       0xa0 /Applications/STM32CubeIDE.app/Contents/Eclipse/plugins/com.st.stm32cube.ide.mcu.externaltools.gnu-tools-for-stm32.7-2018-q2-update.macos64_1.5.0.202011040924/tools/bin/../lib/gcc/arm-none-eabi/7.3.1/../../../../arm-none-eabi/lib/thumb/v7e-m/fpv4-sp/hard/libc_nano.a(lib_a-memchr.o)
                0x0000000008000200                memchr
 .text          0x00000000080002a0       0x30 /Applications/STM32CubeIDE.app/Contents/Eclipse/plugins/com.st.stm32cube.ide.mcu.externaltools.gnu-tools-for-stm32.7-2018-q2-update.macos64_1.5.0.202011040924/tools/bin/../lib/gcc/arm-none-eabi/7.3.1/thumb/v7e-m/fpv4-sp/hard/libgcc.a(_aeabi_uldivmod.o)
                0x00000000080002a0                __aeabi_uldivmod
 .text          0x00000000080002d0      0x2cc /Applications/STM32CubeIDE.app/Contents/Eclipse/plugins/com.st.stm32cube.ide.mcu.externaltools.gnu-tools-for-stm32.7-2018-q2-update.macos64_1.5.0.202011040924/tools/bin/../lib/gcc/arm-none-eabi/7.3.1/thumb/v7e-m/fpv4-sp/hard/libgcc.a(_udivmoddi4.o)
                0x00000000080002d0                __udivmoddi4
 .text          0x000000000800059c        0x4 /Applications/STM32CubeIDE.app/Contents/Eclipse/plugins/com.st.stm32cube.ide.mcu.externaltools.gnu-tools-for-stm32.7-2018-q2-update.macos64_1.5.0.202011040924/tools/bin/../lib/gcc/arm-none-eabi/7.3.1/thumb/v7e-m/fpv4-sp/hard/libgcc.a(_dvmd_tls.o)
                0x000000000800059c                __aeabi_ldiv0
                0x000000000800059c                __aeabi_idiv0
 *(.text*)
 .text.Reset_Handler
                0x00000000080005a0       0x50 Application/STM32CubeIDE/startup_stm32l4S5xx.o
                0x00000000080005a0                Reset_Handler
 .text.Default_Handler
                0x00000000080005f0        0x2 Application/STM32CubeIDE/startup_stm32l4S5xx.o
                0x00000000080005f0                TIM1_BRK_TIM15_IRQHandler
                0x00000000080005f0                EXTI2_IRQHandler
                0x00000000080005f0                TIM8_TRG_COM_IRQHandler
                0x00000000080005f0                TIM8_CC_IRQHandler
                0x00000000080005f0                TIM1_CC_IRQHandler
                0x00000000080005f0                TSC_IRQHandler
                0x00000000080005f0                TAMP_STAMP_IRQHandler
                0x00000000080005f0                EXTI3_IRQHandler
                0x00000000080005f0                LPTIM2_IRQHandler
                0x00000000080005f0                DFSDM1_FLT1_IRQHandler
                0x00000000080005f0                GFXMMU_IRQHandler
                0x00000000080005f0                I2C3_ER_IRQHandler
                0x00000000080005f0                DFSDM1_FLT2_IRQHandler
                0x00000000080005f0                EXTI0_IRQHandler
                0x00000000080005f0                I2C2_EV_IRQHandler
                0x00000000080005f0                CAN1_RX0_IRQHandler
                0x00000000080005f0                FPU_IRQHandler
                0x00000000080005f0                TIM1_UP_TIM16_IRQHandler
                0x00000000080005f0                LTDC_ER_IRQHandler
                0x00000000080005f0                SPI1_IRQHandler
                0x00000000080005f0                OCTOSPI1_IRQHandler
                0x00000000080005f0                TIM6_DAC_IRQHandler
                0x00000000080005f0                DCMI_IRQHandler
                0x00000000080005f0                TIM8_UP_IRQHandler
                0x00000000080005f0                OCTOSPI2_IRQHandler
                0x00000000080005f0                DMA2_Channel2_IRQHandler
                0x00000000080005f0                DMA1_Channel4_IRQHandler
                0x00000000080005f0                SAI2_IRQHandler
                0x00000000080005f0                ADC1_IRQHandler
                0x00000000080005f0                DFSDM1_FLT3_IRQHandler
                0x00000000080005f0                USART3_IRQHandler
                0x00000000080005f0                DMA1_Channel7_IRQHandler
                0x00000000080005f0                CAN1_RX1_IRQHandler
                0x00000000080005f0                UART5_IRQHandler
                0x00000000080005f0                TIM4_IRQHandler
                0x00000000080005f0                DMA2_Channel1_IRQHandler
                0x00000000080005f0                I2C1_EV_IRQHandler
                0x00000000080005f0                DMAMUX1_OVR_IRQHandler
                0x00000000080005f0                DMA1_Channel6_IRQHandler
                0x00000000080005f0                UART4_IRQHandler
                0x00000000080005f0                DMA2_Channel4_IRQHandler
                0x00000000080005f0                TIM3_IRQHandler
                0x00000000080005f0                RCC_IRQHandler
                0x00000000080005f0                DMA1_Channel1_IRQHandler
                0x00000000080005f0                Default_Handler
                0x00000000080005f0                DMA2_Channel7_IRQHandler
                0x00000000080005f0                TIM7_IRQHandler
                0x00000000080005f0                SDMMC1_IRQHandler
                0x00000000080005f0                TIM5_IRQHandler
                0x00000000080005f0                I2C3_EV_IRQHandler
                0x00000000080005f0                RTC_WKUP_IRQHandler
                0x00000000080005f0                LTDC_IRQHandler
                0x00000000080005f0                PVD_PVM_IRQHandler
                0x00000000080005f0                SPI2_IRQHandler
                0x00000000080005f0                CAN1_TX_IRQHandler
                0x00000000080005f0                DMA2_Channel5_IRQHandler
                0x00000000080005f0                DMA1_Channel5_IRQHandler
                0x00000000080005f0                EXTI4_IRQHandler
                0x00000000080005f0                RNG_IRQHandler
                0x00000000080005f0                TIM1_TRG_COM_TIM17_IRQHandler
                0x00000000080005f0                DMA1_Channel3_IRQHandler
                0x00000000080005f0                COMP_IRQHandler
                0x00000000080005f0                HASH_CRS_IRQHandler
                0x00000000080005f0                WWDG_IRQHandler
                0x00000000080005f0                I2C4_EV_IRQHandler
                0x00000000080005f0                LPUART1_IRQHandler
                0x00000000080005f0                DMA2_Channel6_IRQHandler
                0x00000000080005f0                TIM2_IRQHandler
                0x00000000080005f0                DMA2D_IRQHandler
                0x00000000080005f0                EXTI1_IRQHandler
                0x00000000080005f0                AES_IRQHandler
                0x00000000080005f0                USART2_IRQHandler
                0x00000000080005f0                DFSDM1_FLT0_IRQHandler
                0x00000000080005f0                I2C2_ER_IRQHandler
                0x00000000080005f0                DMA1_Channel2_IRQHandler
                0x00000000080005f0                TIM8_BRK_IRQHandler
                0x00000000080005f0                CAN1_SCE_IRQHandler
                0x00000000080005f0                FLASH_IRQHandler
                0x00000000080005f0                USART1_IRQHandler
                0x00000000080005f0                OTG_FS_IRQHandler
                0x00000000080005f0                SPI3_IRQHandler
                0x00000000080005f0                I2C1_ER_IRQHandler
                0x00000000080005f0                FMC_IRQHandler
                0x00000000080005f0                LPTIM1_IRQHandler
                0x00000000080005f0                I2C4_ER_IRQHandler
                0x00000000080005f0                SAI1_IRQHandler
                0x00000000080005f0                DMA2_Channel3_IRQHandler
                0x00000000080005f0                RTC_Alarm_IRQHandler
 .text._read    0x00000000080005f2       0x1c Application/STM32CubeIDE/syscalls.o
                0x00000000080005f2                _read
 .text._write   0x000000000800060e       0x1c Application/STM32CubeIDE/syscalls.o
                0x000000000800060e                _write
 *fill*         0x000000000800062a        0x2 
 .text._sbrk    0x000000000800062c       0x34 Application/STM32CubeIDE/syscalls.o
                0x000000000800062c                _sbrk
 .text._close   0x0000000008000660        0x6 Application/STM32CubeIDE/syscalls.o
                0x0000000008000660                _close
 .text._fstat   0x0000000008000666        0xa Application/STM32CubeIDE/syscalls.o
                0x0000000008000666                _fstat
 .text._isatty  0x0000000008000670        0x4 Application/STM32CubeIDE/syscalls.o
                0x0000000008000670                _isatty
 .text._lseek   0x0000000008000674        0x4 Application/STM32CubeIDE/syscalls.o
                0x0000000008000674                _lseek
 .text.Init_HAL
                0x0000000008000678       0x20 Application/User/HAL_STSAFE-Axx/HAL_STSAFE-Axx.o
                0x0000000008000678                Init_HAL
 .text.Init_Perso
                0x0000000008000698       0x70 Application/User/HAL_STSAFE-Axx/HAL_STSAFE-Axx.o
                0x0000000008000698                Init_Perso
 .text.HAL_Store_Data_Zone
                0x0000000008000708       0x52 Application/User/HAL_STSAFE-Axx/HAL_STSAFE-Axx.o
                0x0000000008000708                HAL_Store_Data_Zone
 .text.HAL_Erase_Data_Zone
                0x000000000800075a       0x50 Application/User/HAL_STSAFE-Axx/HAL_STSAFE-Axx.o
                0x000000000800075a                HAL_Erase_Data_Zone
 .text.UpdateZone
                0x00000000080007aa      0x15e Application/User/HAL_STSAFE-Axx/HAL_STSAFE-Axx_INTERNAL.o
                0x00000000080007aa                UpdateZone
 .text.WriteUnsignedCharArrayToFlash
                0x0000000008000908       0x46 Application/User/HAL_STSAFE-Axx/HAL_STSAFE-Axx_INTERNAL.o
                0x0000000008000908                WriteUnsignedCharArrayToFlash
 .text.GenerateUnsignedChallenge
                0x000000000800094e       0x3e Application/User/HAL_STSAFE-Axx/HAL_STSAFE-Axx_INTERNAL.o
                0x000000000800094e                GenerateUnsignedChallenge
 .text.Check_Host_Keys
                0x000000000800098c      0x16c Application/User/HAL_STSAFE-Axx/HAL_STSAFE-Axx_INTERNAL.o
                0x000000000800098c                Check_Host_Keys
 .text.GetPage  0x0000000008000af8       0x34 Application/User/flash_if.o
                0x0000000008000af8                GetPage
 .text.GetBank  0x0000000008000b2c       0x58 Application/User/flash_if.o
                0x0000000008000b2c                GetBank
 .text.FLASH_If_Erase_NumPages
                0x0000000008000b84       0x4e Application/User/flash_if.o
                0x0000000008000b84                FLASH_If_Erase_NumPages
 .text.flash_read_data
                0x0000000008000bd2       0x16 Application/User/flash_if.o
                0x0000000008000bd2                flash_read_data
 .text.SystemClock_Config
                0x0000000008000be8       0x78 Application/User/main.o
                0x0000000008000be8                SystemClock_Config
 .text.startup.main
                0x0000000008000c60      0x174 Application/User/main.o
                0x0000000008000c60                main
 .text.__io_putchar
                0x0000000008000dd4       0x28 Application/User/main.o
                0x0000000008000dd4                __io_putchar
 .text.__io_getchar
                0x0000000008000dfc       0x2c Application/User/main.o
                0x0000000008000dfc                __io_getchar
 .text.HAL_MspInit
                0x0000000008000e28       0x30 Application/User/stm32l4xx_hal_msp.o
                0x0000000008000e28                HAL_MspInit
 .text.HAL_UART_MspInit
                0x0000000008000e58       0x64 Application/User/stm32l4xx_hal_msp.o
                0x0000000008000e58                HAL_UART_MspInit
 .text.NMI_Handler
                0x0000000008000ebc        0x2 Application/User/stm32l4xx_it.o
                0x0000000008000ebc                NMI_Handler
 .text.HardFault_Handler
                0x0000000008000ebe        0x2 Application/User/stm32l4xx_it.o
                0x0000000008000ebe                HardFault_Handler
 .text.MemManage_Handler
                0x0000000008000ec0        0x2 Application/User/stm32l4xx_it.o
                0x0000000008000ec0                MemManage_Handler
 .text.BusFault_Handler
                0x0000000008000ec2        0x2 Application/User/stm32l4xx_it.o
                0x0000000008000ec2                BusFault_Handler
 .text.UsageFault_Handler
                0x0000000008000ec4        0x2 Application/User/stm32l4xx_it.o
                0x0000000008000ec4                UsageFault_Handler
 .text.SVC_Handler
                0x0000000008000ec6        0x2 Application/User/stm32l4xx_it.o
                0x0000000008000ec6                SVC_Handler
 .text.DebugMon_Handler
                0x0000000008000ec8        0x2 Application/User/stm32l4xx_it.o
                0x0000000008000ec8                DebugMon_Handler
 .text.PendSV_Handler
                0x0000000008000eca        0x2 Application/User/stm32l4xx_it.o
                0x0000000008000eca                PendSV_Handler
 .text.SysTick_Handler
                0x0000000008000ecc        0x4 Application/User/stm32l4xx_it.o
                0x0000000008000ecc                SysTick_Handler
 .text.EXTI9_5_IRQHandler
                0x0000000008000ed0       0x20 Application/User/stm32l4xx_it.o
                0x0000000008000ed0                EXTI9_5_IRQHandler
 .text.EXTI15_10_IRQHandler
                0x0000000008000ef0       0x2e Application/User/stm32l4xx_it.o
                0x0000000008000ef0                EXTI15_10_IRQHandler
 *fill*         0x0000000008000f1e        0x2 
 .text.StSafeA_HostKeys_Init
                0x0000000008000f20       0x58 Application/User/stsafea_crypto_mbedtls_interface.o
                0x0000000008000f20                StSafeA_HostKeys_Init
 .text.StSafeA_AES_MAC_Start
                0x0000000008000f78       0x38 Application/User/stsafea_crypto_mbedtls_interface.o
                0x0000000008000f78                StSafeA_AES_MAC_Start
 .text.StSafeA_AES_MAC_Update
                0x0000000008000fb0       0x10 Application/User/stsafea_crypto_mbedtls_interface.o
                0x0000000008000fb0                StSafeA_AES_MAC_Update
 .text.StSafeA_AES_MAC_LastUpdate
                0x0000000008000fc0        0x4 Application/User/stsafea_crypto_mbedtls_interface.o
                0x0000000008000fc0                StSafeA_AES_MAC_LastUpdate
 .text.StSafeA_AES_MAC_Final
                0x0000000008000fc4       0x1c Application/User/stsafea_crypto_mbedtls_interface.o
                0x0000000008000fc4                StSafeA_AES_MAC_Final
 .text.HW_IO_Init
                0x0000000008000fe0       0x50 Application/User/stsafea_service_interface.o
                0x0000000008000fe0                HW_IO_Init
 .text.BSP_I2C2_Send
                0x0000000008001030       0x28 Application/User/stsafea_service_interface.o
                0x0000000008001030                BSP_I2C2_Send
 .text.BSP_I2C2_Recv
                0x0000000008001058       0x28 Application/User/stsafea_service_interface.o
                0x0000000008001058                BSP_I2C2_Recv
 .text.BSP_I2C2_DeInit
                0x0000000008001080       0x40 Application/User/stsafea_service_interface.o
                0x0000000008001080                BSP_I2C2_DeInit
 .text.StSafeA_HW_Probe
                0x00000000080010c0       0x48 Application/User/stsafea_service_interface.o
                0x00000000080010c0                StSafeA_HW_Probe
 .text.MX_I2C2_Init
                0x0000000008001108       0x3e Application/User/stsafea_service_interface.o
                0x0000000008001108                MX_I2C2_Init
 *fill*         0x0000000008001146        0x2 
 .text.BSP_I2C2_Init
                0x0000000008001148       0xc4 Application/User/stsafea_service_interface.o
                0x0000000008001148                BSP_I2C2_Init
 .text.SystemInit
                0x000000000800120c       0x48 Application/User/system_stm32l4xx.o
                0x000000000800120c                SystemInit
 .text.HAL_InitTick
                0x0000000008001254       0x48 Drivers/STM32L4xx_HAL_Driver/stm32l4xx_hal.o
                0x0000000008001254                HAL_InitTick
 .text.HAL_Init
                0x000000000800129c       0x1e Drivers/STM32L4xx_HAL_Driver/stm32l4xx_hal.o
                0x000000000800129c                HAL_Init
 *fill*         0x00000000080012ba        0x2 
 .text.HAL_IncTick
                0x00000000080012bc       0x18 Drivers/STM32L4xx_HAL_Driver/stm32l4xx_hal.o
                0x00000000080012bc                HAL_IncTick
 .text.HAL_GetTick
                0x00000000080012d4        0xc Drivers/STM32L4xx_HAL_Driver/stm32l4xx_hal.o
                0x00000000080012d4                HAL_GetTick
 .text.HAL_Delay
                0x00000000080012e0       0x28 Drivers/STM32L4xx_HAL_Driver/stm32l4xx_hal.o
                0x00000000080012e0                HAL_Delay
 .text.HAL_NVIC_SetPriorityGrouping
                0x0000000008001308       0x24 Drivers/STM32L4xx_HAL_Driver/stm32l4xx_hal_cortex.o
                0x0000000008001308                HAL_NVIC_SetPriorityGrouping
 .text.HAL_NVIC_SetPriority
                0x000000000800132c       0x68 Drivers/STM32L4xx_HAL_Driver/stm32l4xx_hal_cortex.o
                0x000000000800132c                HAL_NVIC_SetPriority
 .text.HAL_SYSTICK_Config
                0x0000000008001394       0x2c Drivers/STM32L4xx_HAL_Driver/stm32l4xx_hal_cortex.o
                0x0000000008001394                HAL_SYSTICK_Config
 .text.FLASH_Program_Fast
                0x00000000080013c0       0x2c Drivers/STM32L4xx_HAL_Driver/stm32l4xx_hal_flash.o
 .text.HAL_FLASH_Unlock
                0x00000000080013ec       0x24 Drivers/STM32L4xx_HAL_Driver/stm32l4xx_hal_flash.o
                0x00000000080013ec                HAL_FLASH_Unlock
 .text.HAL_FLASH_Lock
                0x0000000008001410       0x14 Drivers/STM32L4xx_HAL_Driver/stm32l4xx_hal_flash.o
                0x0000000008001410                HAL_FLASH_Lock
 .text.HAL_FLASH_GetError
                0x0000000008001424        0xc Drivers/STM32L4xx_HAL_Driver/stm32l4xx_hal_flash.o
                0x0000000008001424                HAL_FLASH_GetError
 .text.FLASH_WaitForLastOperation
                0x0000000008001430       0x58 Drivers/STM32L4xx_HAL_Driver/stm32l4xx_hal_flash.o
                0x0000000008001430                FLASH_WaitForLastOperation
 .text.HAL_FLASH_Program
                0x0000000008001488       0xa4 Drivers/STM32L4xx_HAL_Driver/stm32l4xx_hal_flash.o
                0x0000000008001488                HAL_FLASH_Program
 .text.FLASH_MassErase
                0x000000000800152c       0x44 Drivers/STM32L4xx_HAL_Driver/stm32l4xx_hal_flash_ex.o
 .text.FLASH_PageErase
                0x0000000008001570       0x44 Drivers/STM32L4xx_HAL_Driver/stm32l4xx_hal_flash_ex.o
                0x0000000008001570                FLASH_PageErase
 .text.FLASH_FlushCaches
                0x00000000080015b4       0x58 Drivers/STM32L4xx_HAL_Driver/stm32l4xx_hal_flash_ex.o
                0x00000000080015b4                FLASH_FlushCaches
 .text.HAL_FLASHEx_Erase
                0x000000000800160c       0xe8 Drivers/STM32L4xx_HAL_Driver/stm32l4xx_hal_flash_ex.o
                0x000000000800160c                HAL_FLASHEx_Erase
 .text.HAL_GPIO_Init
                0x00000000080016f4      0x1b4 Drivers/STM32L4xx_HAL_Driver/stm32l4xx_hal_gpio.o
                0x00000000080016f4                HAL_GPIO_Init
 .text.HAL_GPIO_DeInit
                0x00000000080018a8      0x11c Drivers/STM32L4xx_HAL_Driver/stm32l4xx_hal_gpio.o
                0x00000000080018a8                HAL_GPIO_DeInit
 .text.HAL_GPIO_WritePin
                0x00000000080019c4        0xa Drivers/STM32L4xx_HAL_Driver/stm32l4xx_hal_gpio.o
                0x00000000080019c4                HAL_GPIO_WritePin
 .text.HAL_GPIO_EXTI_Callback
                0x00000000080019ce        0x2 Drivers/STM32L4xx_HAL_Driver/stm32l4xx_hal_gpio.o
                0x00000000080019ce                HAL_GPIO_EXTI_Callback
 .text.HAL_GPIO_EXTI_IRQHandler
                0x00000000080019d0       0x18 Drivers/STM32L4xx_HAL_Driver/stm32l4xx_hal_gpio.o
                0x00000000080019d0                HAL_GPIO_EXTI_IRQHandler
 .text.I2C_Flush_TXDR
                0x00000000080019e8       0x1c Drivers/STM32L4xx_HAL_Driver/stm32l4xx_hal_i2c.o
 .text.I2C_TransferConfig
                0x0000000008001a04       0x28 Drivers/STM32L4xx_HAL_Driver/stm32l4xx_hal_i2c.o
 .text.I2C_IsAcknowledgeFailed
                0x0000000008001a2c       0x7a Drivers/STM32L4xx_HAL_Driver/stm32l4xx_hal_i2c.o
 .text.I2C_WaitOnRXNEFlagUntilTimeout
                0x0000000008001aa6       0x7e Drivers/STM32L4xx_HAL_Driver/stm32l4xx_hal_i2c.o
 .text.I2C_WaitOnSTOPFlagUntilTimeout
                0x0000000008001b24       0x4a Drivers/STM32L4xx_HAL_Driver/stm32l4xx_hal_i2c.o
 .text.I2C_WaitOnFlagUntilTimeout
                0x0000000008001b6e       0x54 Drivers/STM32L4xx_HAL_Driver/stm32l4xx_hal_i2c.o
 .text.I2C_WaitOnTXISFlagUntilTimeout
                0x0000000008001bc2       0x4e Drivers/STM32L4xx_HAL_Driver/stm32l4xx_hal_i2c.o
 .text.HAL_I2C_MspInit
                0x0000000008001c10        0x2 Drivers/STM32L4xx_HAL_Driver/stm32l4xx_hal_i2c.o
                0x0000000008001c10                HAL_I2C_MspInit
 .text.HAL_I2C_Init
                0x0000000008001c12       0xa2 Drivers/STM32L4xx_HAL_Driver/stm32l4xx_hal_i2c.o
                0x0000000008001c12                HAL_I2C_Init
 .text.HAL_I2C_MspDeInit
                0x0000000008001cb4        0x2 Drivers/STM32L4xx_HAL_Driver/stm32l4xx_hal_i2c.o
                0x0000000008001cb4                HAL_I2C_MspDeInit
 .text.HAL_I2C_DeInit
                0x0000000008001cb6       0x32 Drivers/STM32L4xx_HAL_Driver/stm32l4xx_hal_i2c.o
                0x0000000008001cb6                HAL_I2C_DeInit
 .text.HAL_I2C_Master_Transmit
                0x0000000008001ce8      0x124 Drivers/STM32L4xx_HAL_Driver/stm32l4xx_hal_i2c.o
                0x0000000008001ce8                HAL_I2C_Master_Transmit
 .text.HAL_I2C_Master_Receive
                0x0000000008001e0c      0x124 Drivers/STM32L4xx_HAL_Driver/stm32l4xx_hal_i2c.o
                0x0000000008001e0c                HAL_I2C_Master_Receive
 .text.HAL_I2C_GetState
                0x0000000008001f30        0x6 Drivers/STM32L4xx_HAL_Driver/stm32l4xx_hal_i2c.o
                0x0000000008001f30                HAL_I2C_GetState
 .text.HAL_I2CEx_ConfigAnalogFilter
                0x0000000008001f36       0x4c Drivers/STM32L4xx_HAL_Driver/stm32l4xx_hal_i2c_ex.o
                0x0000000008001f36                HAL_I2CEx_ConfigAnalogFilter
 .text.HAL_I2CEx_ConfigDigitalFilter
                0x0000000008001f82       0x4a Drivers/STM32L4xx_HAL_Driver/stm32l4xx_hal_i2c_ex.o
                0x0000000008001f82                HAL_I2CEx_ConfigDigitalFilter
 .text.HAL_PWREx_GetVoltageRange
                0x0000000008001fcc       0x24 Drivers/STM32L4xx_HAL_Driver/stm32l4xx_hal_pwr_ex.o
                0x0000000008001fcc                HAL_PWREx_GetVoltageRange
 .text.HAL_PWREx_ControlVoltageScaling
                0x0000000008001ff0       0xb4 Drivers/STM32L4xx_HAL_Driver/stm32l4xx_hal_pwr_ex.o
                0x0000000008001ff0                HAL_PWREx_ControlVoltageScaling
 .text.RCC_SetFlashLatencyFromMSIRange
                0x00000000080020a4       0x7c Drivers/STM32L4xx_HAL_Driver/stm32l4xx_hal_rcc.o
 .text.HAL_RCC_GetSysClockFreq
                0x0000000008002120       0x9c Drivers/STM32L4xx_HAL_Driver/stm32l4xx_hal_rcc.o
                0x0000000008002120                HAL_RCC_GetSysClockFreq
 .text.HAL_RCC_OscConfig
                0x00000000080021bc      0x55c Drivers/STM32L4xx_HAL_Driver/stm32l4xx_hal_rcc.o
                0x00000000080021bc                HAL_RCC_OscConfig
 .text.HAL_RCC_ClockConfig
                0x0000000008002718      0x1f4 Drivers/STM32L4xx_HAL_Driver/stm32l4xx_hal_rcc.o
                0x0000000008002718                HAL_RCC_ClockConfig
 .text.HAL_RCC_GetPCLK1Freq
                0x000000000800290c       0x24 Drivers/STM32L4xx_HAL_Driver/stm32l4xx_hal_rcc.o
                0x000000000800290c                HAL_RCC_GetPCLK1Freq
 .text.HAL_RCC_GetPCLK2Freq
                0x0000000008002930       0x24 Drivers/STM32L4xx_HAL_Driver/stm32l4xx_hal_rcc.o
                0x0000000008002930                HAL_RCC_GetPCLK2Freq
 .text.RCCEx_PLLSAI1_Config
                0x0000000008002954      0x104 Drivers/STM32L4xx_HAL_Driver/stm32l4xx_hal_rcc_ex.o
 .text.RCCEx_PLLSAI2_Config.constprop.1
                0x0000000008002a58       0xc8 Drivers/STM32L4xx_HAL_Driver/stm32l4xx_hal_rcc_ex.o
 .text.HAL_RCCEx_PeriphCLKConfig
                0x0000000008002b20      0x428 Drivers/STM32L4xx_HAL_Driver/stm32l4xx_hal_rcc_ex.o
                0x0000000008002b20                HAL_RCCEx_PeriphCLKConfig
 .text.UART_SetConfig
                0x0000000008002f48      0x9d0 Drivers/STM32L4xx_HAL_Driver/stm32l4xx_hal_uart.o
                0x0000000008002f48                UART_SetConfig
 .text.UART_AdvFeatureConfig
                0x0000000008003918       0xa8 Drivers/STM32L4xx_HAL_Driver/stm32l4xx_hal_uart.o
                0x0000000008003918                UART_AdvFeatureConfig
 .text.UART_WaitOnFlagUntilTimeout
                0x00000000080039c0       0x8e Drivers/STM32L4xx_HAL_Driver/stm32l4xx_hal_uart.o
                0x00000000080039c0                UART_WaitOnFlagUntilTimeout
 .text.HAL_UART_Transmit
                0x0000000008003a4e       0xb8 Drivers/STM32L4xx_HAL_Driver/stm32l4xx_hal_uart.o
                0x0000000008003a4e                HAL_UART_Transmit
 .text.HAL_UART_Receive
                0x0000000008003b06       0xec Drivers/STM32L4xx_HAL_Driver/stm32l4xx_hal_uart.o
                0x0000000008003b06                HAL_UART_Receive
 .text.UART_CheckIdleState
                0x0000000008003bf2       0x66 Drivers/STM32L4xx_HAL_Driver/stm32l4xx_hal_uart.o
                0x0000000008003bf2                UART_CheckIdleState
 .text.HAL_UART_Init
                0x0000000008003c58       0x60 Drivers/STM32L4xx_HAL_Driver/stm32l4xx_hal_uart.o
                0x0000000008003c58                HAL_UART_Init
 .text.StSafeA_AssignLVResponse
                0x0000000008003cb8       0x1a Middlewares/STSAFE_A1xx/CoreModules/stsafea_core.o
 .text.StSafeA_TransmitCommand
                0x0000000008003cd2       0x1e Middlewares/STSAFE_A1xx/CoreModules/stsafea_core.o
 .text.StSafeA_ReceiveResponse
                0x0000000008003cf0       0x1e Middlewares/STSAFE_A1xx/CoreModules/stsafea_core.o
 .text.StSafeA_Init
                0x0000000008003d0e       0x3c Middlewares/STSAFE_A1xx/CoreModules/stsafea_core.o
                0x0000000008003d0e                StSafeA_Init
 .text.StSafeA_HostKeySlotQuery
                0x0000000008003d4a       0x7c Middlewares/STSAFE_A1xx/CoreModules/stsafea_core.o
                0x0000000008003d4a                StSafeA_HostKeySlotQuery
 .text.StSafeA_BuildCommandHeaderCMAC
                0x0000000008003dc6       0x32 Middlewares/STSAFE_A1xx/CoreModules/stsafea_core.o
 .text.StSafeA_GenerateRandom
                0x0000000008003df8       0x5a Middlewares/STSAFE_A1xx/CoreModules/stsafea_core.o
                0x0000000008003df8                StSafeA_GenerateRandom
 .text.StSafeA_Process_Update
                0x0000000008003e52       0xa2 Middlewares/STSAFE_A1xx/CoreModules/stsafea_core.o
                0x0000000008003e52                StSafeA_Process_Update
 .text.StSafeA_Update
                0x0000000008003ef4       0xb2 Middlewares/STSAFE_A1xx/CoreModules/stsafea_core.o
                0x0000000008003ef4                StSafeA_Update
 .text.StSafeA_PutAttribute
                0x0000000008003fa6       0x60 Middlewares/STSAFE_A1xx/CoreModules/stsafea_core.o
                0x0000000008003fa6                StSafeA_PutAttribute
 .text.ComputeInitialValue.isra.1
                0x0000000008004006       0x24 Middlewares/STSAFE_A1xx/CoreModules/stsafea_crypto.o
 .text.StSafeA_SHA_Update
                0x000000000800402a        0x2 Middlewares/STSAFE_A1xx/CoreModules/stsafea_crypto.o
                0x000000000800402a                StSafeA_SHA_Update
 .text.StSafeA_ComputeCMAC
                0x000000000800402c      0x158 Middlewares/STSAFE_A1xx/CoreModules/stsafea_crypto.o
                0x000000000800402c                StSafeA_ComputeCMAC
 .text.StSafeA_ComputeRMAC
                0x0000000008004184       0x8c Middlewares/STSAFE_A1xx/CoreModules/stsafea_crypto.o
                0x0000000008004184                StSafeA_ComputeRMAC
 .text.StSafeA_MAC_SHA_PrePostProcess
                0x0000000008004210       0xb2 Middlewares/STSAFE_A1xx/CoreModules/stsafea_crypto.o
                0x0000000008004210                StSafeA_MAC_SHA_PrePostProcess
 *fill*         0x00000000080042c2        0x2 
 .text.StSafeA_Crc16
                0x00000000080042c4       0x24 Middlewares/STSAFE_A1xx/CoreModules/stsafea_service.o
 .text.StSafeA_Transmit
                0x00000000080042e8       0x7c Middlewares/STSAFE_A1xx/CoreModules/stsafea_service.o
                0x00000000080042e8                StSafeA_Transmit
 .text.StSafeA_Receive
                0x0000000008004364      0x12c Middlewares/STSAFE_A1xx/CoreModules/stsafea_service.o
                0x0000000008004364                StSafeA_Receive
 .text.StSafeA_Delay
                0x0000000008004490       0x10 Middlewares/STSAFE_A1xx/CoreModules/stsafea_service.o
                0x0000000008004490                StSafeA_Delay
 .text.StSafeA_HW_Init
                0x00000000080044a0       0x28 Middlewares/STSAFE_A1xx/CoreModules/stsafea_service.o
                0x00000000080044a0                StSafeA_HW_Init
 .text.CRC16X25_Init
                0x00000000080044c8        0x4 Middlewares/STSAFE_A1xx/CoreModules/stsafea_service.o
                0x00000000080044c8                CRC16X25_Init
 .text.CRC_Compute
                0x00000000080044cc       0x80 Middlewares/STSAFE_A1xx/CoreModules/stsafea_service.o
                0x00000000080044cc                CRC_Compute
 .text.mbedtls_aes_init
                0x000000000800454c        0xa Middlewares/Third_Party/MbedTLS/aes.o
                0x000000000800454c                mbedtls_aes_init
 .text.mbedtls_aes_free
                0x0000000008004556        0xc Middlewares/Third_Party/MbedTLS/aes.o
                0x0000000008004556                mbedtls_aes_free
 *fill*         0x0000000008004562        0x2 
 .text.mbedtls_aes_setkey_enc
                0x0000000008004564      0x214 Middlewares/Third_Party/MbedTLS/aes.o
                0x0000000008004564                mbedtls_aes_setkey_enc
 .text.mbedtls_aes_setkey_dec
                0x0000000008004778       0xd8 Middlewares/Third_Party/MbedTLS/aes.o
                0x0000000008004778                mbedtls_aes_setkey_dec
 .text.mbedtls_internal_aes_encrypt
                0x0000000008004850      0x340 Middlewares/Third_Party/MbedTLS/aes.o
                0x0000000008004850                mbedtls_internal_aes_encrypt
 .text.mbedtls_internal_aes_decrypt
                0x0000000008004b90      0x354 Middlewares/Third_Party/MbedTLS/aes.o
                0x0000000008004b90                mbedtls_internal_aes_decrypt
 .text.mbedtls_aes_crypt_ecb
                0x0000000008004ee4       0x1c Middlewares/Third_Party/MbedTLS/aes.o
                0x0000000008004ee4                mbedtls_aes_crypt_ecb
 .text.mbedtls_aes_crypt_cbc
                0x0000000008004f00       0xd0 Middlewares/Third_Party/MbedTLS/aes.o
                0x0000000008004f00                mbedtls_aes_crypt_cbc
 .text.mbedtls_cipher_get_block_size
                0x0000000008004fd0        0xa Middlewares/Third_Party/MbedTLS/cipher.o
 *fill*         0x0000000008004fda        0x2 
 .text.get_no_padding
                0x0000000008004fdc       0x14 Middlewares/Third_Party/MbedTLS/cipher.o
 .text.mbedtls_cipher_info_from_type
                0x0000000008004ff0       0x1c Middlewares/Third_Party/MbedTLS/cipher.o
                0x0000000008004ff0                mbedtls_cipher_info_from_type
 .text.mbedtls_cipher_init
                0x000000000800500c        0x8 Middlewares/Third_Party/MbedTLS/cipher.o
                0x000000000800500c                mbedtls_cipher_init
 .text.mbedtls_cipher_free
                0x0000000008005014       0x30 Middlewares/Third_Party/MbedTLS/cipher.o
                0x0000000008005014                mbedtls_cipher_free
 .text.mbedtls_cipher_setkey
                0x0000000008005044       0x40 Middlewares/Third_Party/MbedTLS/cipher.o
                0x0000000008005044                mbedtls_cipher_setkey
 .text.mbedtls_cipher_update
                0x0000000008005084      0x174 Middlewares/Third_Party/MbedTLS/cipher.o
                0x0000000008005084                mbedtls_cipher_update
 .text.mbedtls_cipher_set_padding_mode
                0x00000000080051f8       0x30 Middlewares/Third_Party/MbedTLS/cipher.o
                0x00000000080051f8                mbedtls_cipher_set_padding_mode
 .text.mbedtls_cipher_setup
                0x0000000008005228       0x3c Middlewares/Third_Party/MbedTLS/cipher.o
                0x0000000008005228                mbedtls_cipher_setup
 .text.aes_ctx_free
                0x0000000008005264       0x12 Middlewares/Third_Party/MbedTLS/cipher_wrap.o
 .text.aes_ctx_alloc
                0x0000000008005276       0x18 Middlewares/Third_Party/MbedTLS/cipher_wrap.o
 .text.aes_setkey_dec_wrap
                0x000000000800528e        0x4 Middlewares/Third_Party/MbedTLS/cipher_wrap.o
 .text.aes_setkey_enc_wrap
                0x0000000008005292        0x4 Middlewares/Third_Party/MbedTLS/cipher_wrap.o
 .text.aes_crypt_cbc_wrap
                0x0000000008005296        0x4 Middlewares/Third_Party/MbedTLS/cipher_wrap.o
 .text.aes_crypt_ecb_wrap
                0x000000000800529a        0x4 Middlewares/Third_Party/MbedTLS/cipher_wrap.o
 *fill*         0x000000000800529e        0x2 
 .text.cmac_multiply_by_u
                0x00000000080052a0       0x48 Middlewares/Third_Party/MbedTLS/cmac.o
 .text.cmac_xor_block
                0x00000000080052e8       0x16 Middlewares/Third_Party/MbedTLS/cmac.o
 *fill*         0x00000000080052fe        0x2 
 .text.mbedtls_cipher_cmac_starts
                0x0000000008005300       0x4c Middlewares/Third_Party/MbedTLS/cmac.o
                0x0000000008005300                mbedtls_cipher_cmac_starts
 .text.mbedtls_cipher_cmac_update
                0x000000000800534c       0xcc Middlewares/Third_Party/MbedTLS/cmac.o
                0x000000000800534c                mbedtls_cipher_cmac_update
 .text.mbedtls_cipher_cmac_finish
                0x0000000008005418      0x114 Middlewares/Third_Party/MbedTLS/cmac.o
                0x0000000008005418                mbedtls_cipher_cmac_finish
 .text.mbedtls_platform_zeroize
                0x000000000800552c       0x10 Middlewares/Third_Party/MbedTLS/platform_util.o
                0x000000000800552c                mbedtls_platform_zeroize
 .text.calloc   0x000000000800553c       0x10 /Applications/STM32CubeIDE.app/Contents/Eclipse/plugins/com.st.stm32cube.ide.mcu.externaltools.gnu-tools-for-stm32.7-2018-q2-update.macos64_1.5.0.202011040924/tools/bin/../lib/gcc/arm-none-eabi/7.3.1/../../../../arm-none-eabi/lib/thumb/v7e-m/fpv4-sp/hard/libc_nano.a(lib_a-calloc.o)
                0x000000000800553c                calloc
 .text.__errno  0x000000000800554c        0xc /Applications/STM32CubeIDE.app/Contents/Eclipse/plugins/com.st.stm32cube.ide.mcu.externaltools.gnu-tools-for-stm32.7-2018-q2-update.macos64_1.5.0.202011040924/tools/bin/../lib/gcc/arm-none-eabi/7.3.1/../../../../arm-none-eabi/lib/thumb/v7e-m/fpv4-sp/hard/libc_nano.a(lib_a-errno.o)
                0x000000000800554c                __errno
 .text.__libc_init_array
                0x0000000008005558       0x48 /Applications/STM32CubeIDE.app/Contents/Eclipse/plugins/com.st.stm32cube.ide.mcu.externaltools.gnu-tools-for-stm32.7-2018-q2-update.macos64_1.5.0.202011040924/tools/bin/../lib/gcc/arm-none-eabi/7.3.1/../../../../arm-none-eabi/lib/thumb/v7e-m/fpv4-sp/hard/libc_nano.a(lib_a-init.o)
                0x0000000008005558                __libc_init_array
 .text.free     0x00000000080055a0       0x10 /Applications/STM32CubeIDE.app/Contents/Eclipse/plugins/com.st.stm32cube.ide.mcu.externaltools.gnu-tools-for-stm32.7-2018-q2-update.macos64_1.5.0.202011040924/tools/bin/../lib/gcc/arm-none-eabi/7.3.1/../../../../arm-none-eabi/lib/thumb/v7e-m/fpv4-sp/hard/libc_nano.a(lib_a-malloc.o)
                0x00000000080055a0                free
 .text.memcmp   0x00000000080055b0       0x1e /Applications/STM32CubeIDE.app/Contents/Eclipse/plugins/com.st.stm32cube.ide.mcu.externaltools.gnu-tools-for-stm32.7-2018-q2-update.macos64_1.5.0.202011040924/tools/bin/../lib/gcc/arm-none-eabi/7.3.1/../../../../arm-none-eabi/lib/thumb/v7e-m/fpv4-sp/hard/libc_nano.a(lib_a-memcmp.o)
                0x00000000080055b0                memcmp
 .text.memcpy   0x00000000080055ce       0x16 /Applications/STM32CubeIDE.app/Contents/Eclipse/plugins/com.st.stm32cube.ide.mcu.externaltools.gnu-tools-for-stm32.7-2018-q2-update.macos64_1.5.0.202011040924/tools/bin/../lib/gcc/arm-none-eabi/7.3.1/../../../../arm-none-eabi/lib/thumb/v7e-m/fpv4-sp/hard/libc_nano.a(lib_a-memcpy-stub.o)
                0x00000000080055ce                memcpy
 .text.memmove  0x00000000080055e4       0x32 /Applications/STM32CubeIDE.app/Contents/Eclipse/plugins/com.st.stm32cube.ide.mcu.externaltools.gnu-tools-for-stm32.7-2018-q2-update.macos64_1.5.0.202011040924/tools/bin/../lib/gcc/arm-none-eabi/7.3.1/../../../../arm-none-eabi/lib/thumb/v7e-m/fpv4-sp/hard/libc_nano.a(lib_a-memmove.o)
                0x00000000080055e4                memmove
 .text.memset   0x0000000008005616       0x10 /Applications/STM32CubeIDE.app/Contents/Eclipse/plugins/com.st.stm32cube.ide.mcu.externaltools.gnu-tools-for-stm32.7-2018-q2-update.macos64_1.5.0.202011040924/tools/bin/../lib/gcc/arm-none-eabi/7.3.1/../../../../arm-none-eabi/lib/thumb/v7e-m/fpv4-sp/hard/libc_nano.a(lib_a-memset.o)
                0x0000000008005616                memset
 .text._calloc_r
                0x0000000008005626       0x1c /Applications/STM32CubeIDE.app/Contents/Eclipse/plugins/com.st.stm32cube.ide.mcu.externaltools.gnu-tools-for-stm32.7-2018-q2-update.macos64_1.5.0.202011040924/tools/bin/../lib/gcc/arm-none-eabi/7.3.1/../../../../arm-none-eabi/lib/thumb/v7e-m/fpv4-sp/hard/libc_nano.a(lib_a-nano-callocr.o)
                0x0000000008005626                _calloc_r
 *fill*         0x0000000008005642        0x2 
 .text._free_r  0x0000000008005644       0x9c /Applications/STM32CubeIDE.app/Contents/Eclipse/plugins/com.st.stm32cube.ide.mcu.externaltools.gnu-tools-for-stm32.7-2018-q2-update.macos64_1.5.0.202011040924/tools/bin/../lib/gcc/arm-none-eabi/7.3.1/../../../../arm-none-eabi/lib/thumb/v7e-m/fpv4-sp/hard/libc_nano.a(lib_a-nano-freer.o)
                0x0000000008005644                _free_r
 .text._malloc_r
                0x00000000080056e0       0xb4 /Applications/STM32CubeIDE.app/Contents/Eclipse/plugins/com.st.stm32cube.ide.mcu.externaltools.gnu-tools-for-stm32.7-2018-q2-update.macos64_1.5.0.202011040924/tools/bin/../lib/gcc/arm-none-eabi/7.3.1/../../../../arm-none-eabi/lib/thumb/v7e-m/fpv4-sp/hard/libc_nano.a(lib_a-nano-mallocr.o)
                0x00000000080056e0                _malloc_r
 .text.printf   0x0000000008005794       0x30 /Applications/STM32CubeIDE.app/Contents/Eclipse/plugins/com.st.stm32cube.ide.mcu.externaltools.gnu-tools-for-stm32.7-2018-q2-update.macos64_1.5.0.202011040924/tools/bin/../lib/gcc/arm-none-eabi/7.3.1/../../../../arm-none-eabi/lib/thumb/v7e-m/fpv4-sp/hard/libc_nano.a(lib_a-printf.o)
                0x0000000008005794                printf
                0x0000000008005794                iprintf
 .text._puts_r  0x00000000080057c4       0xb8 /Applications/STM32CubeIDE.app/Contents/Eclipse/plugins/com.st.stm32cube.ide.mcu.externaltools.gnu-tools-for-stm32.7-2018-q2-update.macos64_1.5.0.202011040924/tools/bin/../lib/gcc/arm-none-eabi/7.3.1/../../../../arm-none-eabi/lib/thumb/v7e-m/fpv4-sp/hard/libc_nano.a(lib_a-puts.o)
                0x00000000080057c4                _puts_r
 .text.puts     0x000000000800587c       0x10 /Applications/STM32CubeIDE.app/Contents/Eclipse/plugins/com.st.stm32cube.ide.mcu.externaltools.gnu-tools-for-stm32.7-2018-q2-update.macos64_1.5.0.202011040924/tools/bin/../lib/gcc/arm-none-eabi/7.3.1/../../../../arm-none-eabi/lib/thumb/v7e-m/fpv4-sp/hard/libc_nano.a(lib_a-puts.o)
                0x000000000800587c                puts
 .text._sbrk_r  0x000000000800588c       0x20 /Applications/STM32CubeIDE.app/Contents/Eclipse/plugins/com.st.stm32cube.ide.mcu.externaltools.gnu-tools-for-stm32.7-2018-q2-update.macos64_1.5.0.202011040924/tools/bin/../lib/gcc/arm-none-eabi/7.3.1/../../../../arm-none-eabi/lib/thumb/v7e-m/fpv4-sp/hard/libc_nano.a(lib_a-sbrkr.o)
                0x000000000800588c                _sbrk_r
 .text.__swbuf_r
                0x00000000080058ac       0xa4 /Applications/STM32CubeIDE.app/Contents/Eclipse/plugins/com.st.stm32cube.ide.mcu.externaltools.gnu-tools-for-stm32.7-2018-q2-update.macos64_1.5.0.202011040924/tools/bin/../lib/gcc/arm-none-eabi/7.3.1/../../../../arm-none-eabi/lib/thumb/v7e-m/fpv4-sp/hard/libc_nano.a(lib_a-wbuf.o)
                0x00000000080058ac                __swbuf_r
 .text.__swsetup_r
                0x0000000008005950       0xdc /Applications/STM32CubeIDE.app/Contents/Eclipse/plugins/com.st.stm32cube.ide.mcu.externaltools.gnu-tools-for-stm32.7-2018-q2-update.macos64_1.5.0.202011040924/tools/bin/../lib/gcc/arm-none-eabi/7.3.1/../../../../arm-none-eabi/lib/thumb/v7e-m/fpv4-sp/hard/libc_nano.a(lib_a-wsetup.o)
                0x0000000008005950                __swsetup_r
 .text.__sflush_r
                0x0000000008005a2c      0x10c /Applications/STM32CubeIDE.app/Contents/Eclipse/plugins/com.st.stm32cube.ide.mcu.externaltools.gnu-tools-for-stm32.7-2018-q2-update.macos64_1.5.0.202011040924/tools/bin/../lib/gcc/arm-none-eabi/7.3.1/../../../../arm-none-eabi/lib/thumb/v7e-m/fpv4-sp/hard/libc_nano.a(lib_a-fflush.o)
                0x0000000008005a2c                __sflush_r
 .text._fflush_r
                0x0000000008005b38       0x54 /Applications/STM32CubeIDE.app/Contents/Eclipse/plugins/com.st.stm32cube.ide.mcu.externaltools.gnu-tools-for-stm32.7-2018-q2-update.macos64_1.5.0.202011040924/tools/bin/../lib/gcc/arm-none-eabi/7.3.1/../../../../arm-none-eabi/lib/thumb/v7e-m/fpv4-sp/hard/libc_nano.a(lib_a-fflush.o)
                0x0000000008005b38                _fflush_r
 .text.std      0x0000000008005b8c       0x48 /Applications/STM32CubeIDE.app/Contents/Eclipse/plugins/com.st.stm32cube.ide.mcu.externaltools.gnu-tools-for-stm32.7-2018-q2-update.macos64_1.5.0.202011040924/tools/bin/../lib/gcc/arm-none-eabi/7.3.1/../../../../arm-none-eabi/lib/thumb/v7e-m/fpv4-sp/hard/libc_nano.a(lib_a-findfp.o)
 .text._cleanup_r
                0x0000000008005bd4        0xc /Applications/STM32CubeIDE.app/Contents/Eclipse/plugins/com.st.stm32cube.ide.mcu.externaltools.gnu-tools-for-stm32.7-2018-q2-update.macos64_1.5.0.202011040924/tools/bin/../lib/gcc/arm-none-eabi/7.3.1/../../../../arm-none-eabi/lib/thumb/v7e-m/fpv4-sp/hard/libc_nano.a(lib_a-findfp.o)
                0x0000000008005bd4                _cleanup_r
 .text.__sfmoreglue
                0x0000000008005be0       0x2c /Applications/STM32CubeIDE.app/Contents/Eclipse/plugins/com.st.stm32cube.ide.mcu.externaltools.gnu-tools-for-stm32.7-2018-q2-update.macos64_1.5.0.202011040924/tools/bin/../lib/gcc/arm-none-eabi/7.3.1/../../../../arm-none-eabi/lib/thumb/v7e-m/fpv4-sp/hard/libc_nano.a(lib_a-findfp.o)
                0x0000000008005be0                __sfmoreglue
 .text.__sinit  0x0000000008005c0c       0x60 /Applications/STM32CubeIDE.app/Contents/Eclipse/plugins/com.st.stm32cube.ide.mcu.externaltools.gnu-tools-for-stm32.7-2018-q2-update.macos64_1.5.0.202011040924/tools/bin/../lib/gcc/arm-none-eabi/7.3.1/../../../../arm-none-eabi/lib/thumb/v7e-m/fpv4-sp/hard/libc_nano.a(lib_a-findfp.o)
                0x0000000008005c0c                __sinit
 .text.__sfp    0x0000000008005c6c       0x78 /Applications/STM32CubeIDE.app/Contents/Eclipse/plugins/com.st.stm32cube.ide.mcu.externaltools.gnu-tools-for-stm32.7-2018-q2-update.macos64_1.5.0.202011040924/tools/bin/../lib/gcc/arm-none-eabi/7.3.1/../../../../arm-none-eabi/lib/thumb/v7e-m/fpv4-sp/hard/libc_nano.a(lib_a-findfp.o)
                0x0000000008005c6c                __sfp
 .text._fwalk_reent
                0x0000000008005ce4       0x3c /Applications/STM32CubeIDE.app/Contents/Eclipse/plugins/com.st.stm32cube.ide.mcu.externaltools.gnu-tools-for-stm32.7-2018-q2-update.macos64_1.5.0.202011040924/tools/bin/../lib/gcc/arm-none-eabi/7.3.1/../../../../arm-none-eabi/lib/thumb/v7e-m/fpv4-sp/hard/libc_nano.a(lib_a-fwalk.o)
                0x0000000008005ce4                _fwalk_reent
 .text.__swhatbuf_r
                0x0000000008005d20       0x48 /Applications/STM32CubeIDE.app/Contents/Eclipse/plugins/com.st.stm32cube.ide.mcu.externaltools.gnu-tools-for-stm32.7-2018-q2-update.macos64_1.5.0.202011040924/tools/bin/../lib/gcc/arm-none-eabi/7.3.1/../../../../arm-none-eabi/lib/thumb/v7e-m/fpv4-sp/hard/libc_nano.a(lib_a-makebuf.o)
                0x0000000008005d20                __swhatbuf_r
 .text.__smakebuf_r
                0x0000000008005d68       0x80 /Applications/STM32CubeIDE.app/Contents/Eclipse/plugins/com.st.stm32cube.ide.mcu.externaltools.gnu-tools-for-stm32.7-2018-q2-update.macos64_1.5.0.202011040924/tools/bin/../lib/gcc/arm-none-eabi/7.3.1/../../../../arm-none-eabi/lib/thumb/v7e-m/fpv4-sp/hard/libc_nano.a(lib_a-makebuf.o)
                0x0000000008005d68                __smakebuf_r
 .text.__malloc_lock
                0x0000000008005de8        0x2 /Applications/STM32CubeIDE.app/Contents/Eclipse/plugins/com.st.stm32cube.ide.mcu.externaltools.gnu-tools-for-stm32.7-2018-q2-update.macos64_1.5.0.202011040924/tools/bin/../lib/gcc/arm-none-eabi/7.3.1/../../../../arm-none-eabi/lib/thumb/v7e-m/fpv4-sp/hard/libc_nano.a(lib_a-mlock.o)
                0x0000000008005de8                __malloc_lock
 .text.__malloc_unlock
                0x0000000008005dea        0x2 /Applications/STM32CubeIDE.app/Contents/Eclipse/plugins/com.st.stm32cube.ide.mcu.externaltools.gnu-tools-for-stm32.7-2018-q2-update.macos64_1.5.0.202011040924/tools/bin/../lib/gcc/arm-none-eabi/7.3.1/../../../../arm-none-eabi/lib/thumb/v7e-m/fpv4-sp/hard/libc_nano.a(lib_a-mlock.o)
                0x0000000008005dea                __malloc_unlock
 .text.__sfputc_r
                0x0000000008005dec       0x2e /Applications/STM32CubeIDE.app/Contents/Eclipse/plugins/com.st.stm32cube.ide.mcu.externaltools.gnu-tools-for-stm32.7-2018-q2-update.macos64_1.5.0.202011040924/tools/bin/../lib/gcc/arm-none-eabi/7.3.1/../../../../arm-none-eabi/lib/thumb/v7e-m/fpv4-sp/hard/libc_nano.a(lib_a-nano-vfprintf.o)
 .text.__sfputs_r
                0x0000000008005e1a       0x24 /Applications/STM32CubeIDE.app/Contents/Eclipse/plugins/com.st.stm32cube.ide.mcu.externaltools.gnu-tools-for-stm32.7-2018-q2-update.macos64_1.5.0.202011040924/tools/bin/../lib/gcc/arm-none-eabi/7.3.1/../../../../arm-none-eabi/lib/thumb/v7e-m/fpv4-sp/hard/libc_nano.a(lib_a-nano-vfprintf.o)
                0x0000000008005e1a                __sfputs_r
 *fill*         0x0000000008005e3e        0x2 
 .text._vfprintf_r
                0x0000000008005e40      0x22c /Applications/STM32CubeIDE.app/Contents/Eclipse/plugins/com.st.stm32cube.ide.mcu.externaltools.gnu-tools-for-stm32.7-2018-q2-update.macos64_1.5.0.202011040924/tools/bin/../lib/gcc/arm-none-eabi/7.3.1/../../../../arm-none-eabi/lib/thumb/v7e-m/fpv4-sp/hard/libc_nano.a(lib_a-nano-vfprintf.o)
                0x0000000008005e40                _vfiprintf_r
                0x0000000008005e40                _vfprintf_r
 .text._printf_common
                0x000000000800606c       0xea /Applications/STM32CubeIDE.app/Contents/Eclipse/plugins/com.st.stm32cube.ide.mcu.externaltools.gnu-tools-for-stm32.7-2018-q2-update.macos64_1.5.0.202011040924/tools/bin/../lib/gcc/arm-none-eabi/7.3.1/../../../../arm-none-eabi/lib/thumb/v7e-m/fpv4-sp/hard/libc_nano.a(lib_a-nano-vfprintf_i.o)
                0x000000000800606c                _printf_common
 *fill*         0x0000000008006156        0x2 
 .text._printf_i
                0x0000000008006158      0x224 /Applications/STM32CubeIDE.app/Contents/Eclipse/plugins/com.st.stm32cube.ide.mcu.externaltools.gnu-tools-for-stm32.7-2018-q2-update.macos64_1.5.0.202011040924/tools/bin/../lib/gcc/arm-none-eabi/7.3.1/../../../../arm-none-eabi/lib/thumb/v7e-m/fpv4-sp/hard/libc_nano.a(lib_a-nano-vfprintf_i.o)
                0x0000000008006158                _printf_i
 .text.__sread  0x000000000800637c       0x22 /Applications/STM32CubeIDE.app/Contents/Eclipse/plugins/com.st.stm32cube.ide.mcu.externaltools.gnu-tools-for-stm32.7-2018-q2-update.macos64_1.5.0.202011040924/tools/bin/../lib/gcc/arm-none-eabi/7.3.1/../../../../arm-none-eabi/lib/thumb/v7e-m/fpv4-sp/hard/libc_nano.a(lib_a-stdio.o)
                0x000000000800637c                __sread
 .text.__swrite
                0x000000000800639e       0x38 /Applications/STM32CubeIDE.app/Contents/Eclipse/plugins/com.st.stm32cube.ide.mcu.externaltools.gnu-tools-for-stm32.7-2018-q2-update.macos64_1.5.0.202011040924/tools/bin/../lib/gcc/arm-none-eabi/7.3.1/../../../../arm-none-eabi/lib/thumb/v7e-m/fpv4-sp/hard/libc_nano.a(lib_a-stdio.o)
                0x000000000800639e                __swrite
 .text.__sseek  0x00000000080063d6       0x24 /Applications/STM32CubeIDE.app/Contents/Eclipse/plugins/com.st.stm32cube.ide.mcu.externaltools.gnu-tools-for-stm32.7-2018-q2-update.macos64_1.5.0.202011040924/tools/bin/../lib/gcc/arm-none-eabi/7.3.1/../../../../arm-none-eabi/lib/thumb/v7e-m/fpv4-sp/hard/libc_nano.a(lib_a-stdio.o)
                0x00000000080063d6                __sseek
 .text.__sclose
                0x00000000080063fa        0x8 /Applications/STM32CubeIDE.app/Contents/Eclipse/plugins/com.st.stm32cube.ide.mcu.externaltools.gnu-tools-for-stm32.7-2018-q2-update.macos64_1.5.0.202011040924/tools/bin/../lib/gcc/arm-none-eabi/7.3.1/../../../../arm-none-eabi/lib/thumb/v7e-m/fpv4-sp/hard/libc_nano.a(lib_a-stdio.o)
                0x00000000080063fa                __sclose
 *fill*         0x0000000008006402        0x2 
 .text._write_r
                0x0000000008006404       0x24 /Applications/STM32CubeIDE.app/Contents/Eclipse/plugins/com.st.stm32cube.ide.mcu.externaltools.gnu-tools-for-stm32.7-2018-q2-update.macos64_1.5.0.202011040924/tools/bin/../lib/gcc/arm-none-eabi/7.3.1/../../../../arm-none-eabi/lib/thumb/v7e-m/fpv4-sp/hard/libc_nano.a(lib_a-writer.o)
                0x0000000008006404                _write_r
 .text._close_r
                0x0000000008006428       0x20 /Applications/STM32CubeIDE.app/Contents/Eclipse/plugins/com.st.stm32cube.ide.mcu.externaltools.gnu-tools-for-stm32.7-2018-q2-update.macos64_1.5.0.202011040924/tools/bin/../lib/gcc/arm-none-eabi/7.3.1/../../../../arm-none-eabi/lib/thumb/v7e-m/fpv4-sp/hard/libc_nano.a(lib_a-closer.o)
                0x0000000008006428                _close_r
 .text._fstat_r
                0x0000000008006448       0x24 /Applications/STM32CubeIDE.app/Contents/Eclipse/plugins/com.st.stm32cube.ide.mcu.externaltools.gnu-tools-for-stm32.7-2018-q2-update.macos64_1.5.0.202011040924/tools/bin/../lib/gcc/arm-none-eabi/7.3.1/../../../../arm-none-eabi/lib/thumb/v7e-m/fpv4-sp/hard/libc_nano.a(lib_a-fstatr.o)
                0x0000000008006448                _fstat_r
 .text._isatty_r
                0x000000000800646c       0x20 /Applications/STM32CubeIDE.app/Contents/Eclipse/plugins/com.st.stm32cube.ide.mcu.externaltools.gnu-tools-for-stm32.7-2018-q2-update.macos64_1.5.0.202011040924/tools/bin/../lib/gcc/arm-none-eabi/7.3.1/../../../../arm-none-eabi/lib/thumb/v7e-m/fpv4-sp/hard/libc_nano.a(lib_a-isattyr.o)
                0x000000000800646c                _isatty_r
 .text._lseek_r
                0x000000000800648c       0x24 /Applications/STM32CubeIDE.app/Contents/Eclipse/plugins/com.st.stm32cube.ide.mcu.externaltools.gnu-tools-for-stm32.7-2018-q2-update.macos64_1.5.0.202011040924/tools/bin/../lib/gcc/arm-none-eabi/7.3.1/../../../../arm-none-eabi/lib/thumb/v7e-m/fpv4-sp/hard/libc_nano.a(lib_a-lseekr.o)
                0x000000000800648c                _lseek_r
 .text._read_r  0x00000000080064b0       0x24 /Applications/STM32CubeIDE.app/Contents/Eclipse/plugins/com.st.stm32cube.ide.mcu.externaltools.gnu-tools-for-stm32.7-2018-q2-update.macos64_1.5.0.202011040924/tools/bin/../lib/gcc/arm-none-eabi/7.3.1/../../../../arm-none-eabi/lib/thumb/v7e-m/fpv4-sp/hard/libc_nano.a(lib_a-readr.o)
                0x00000000080064b0                _read_r
 *(.glue_7)
 .glue_7        0x00000000080064d4        0x0 linker stubs
 *(.glue_7t)
 .glue_7t       0x00000000080064d4        0x0 linker stubs
 *(.eh_frame)
 .eh_frame      0x00000000080064d4        0x0 /Applications/STM32CubeIDE.app/Contents/Eclipse/plugins/com.st.stm32cube.ide.mcu.externaltools.gnu-tools-for-stm32.7-2018-q2-update.macos64_1.5.0.202011040924/tools/bin/../lib/gcc/arm-none-eabi/7.3.1/thumb/v7e-m/fpv4-sp/hard/crtbegin.o
 *(.init)
 .init          0x00000000080064d4        0x4 /Applications/STM32CubeIDE.app/Contents/Eclipse/plugins/com.st.stm32cube.ide.mcu.externaltools.gnu-tools-for-stm32.7-2018-q2-update.macos64_1.5.0.202011040924/tools/bin/../lib/gcc/arm-none-eabi/7.3.1/thumb/v7e-m/fpv4-sp/hard/crti.o
                0x00000000080064d4                _init
 .init          0x00000000080064d8        0x8 /Applications/STM32CubeIDE.app/Contents/Eclipse/plugins/com.st.stm32cube.ide.mcu.externaltools.gnu-tools-for-stm32.7-2018-q2-update.macos64_1.5.0.202011040924/tools/bin/../lib/gcc/arm-none-eabi/7.3.1/thumb/v7e-m/fpv4-sp/hard/crtn.o
 *(.fini)
 .fini          0x00000000080064e0        0x4 /Applications/STM32CubeIDE.app/Contents/Eclipse/plugins/com.st.stm32cube.ide.mcu.externaltools.gnu-tools-for-stm32.7-2018-q2-update.macos64_1.5.0.202011040924/tools/bin/../lib/gcc/arm-none-eabi/7.3.1/thumb/v7e-m/fpv4-sp/hard/crti.o
                0x00000000080064e0                _fini
 .fini          0x00000000080064e4        0x8 /Applications/STM32CubeIDE.app/Contents/Eclipse/plugins/com.st.stm32cube.ide.mcu.externaltools.gnu-tools-for-stm32.7-2018-q2-update.macos64_1.5.0.202011040924/tools/bin/../lib/gcc/arm-none-eabi/7.3.1/thumb/v7e-m/fpv4-sp/hard/crtn.o
                0x00000000080064f0                . = ALIGN (0x8)
 *fill*         0x00000000080064ec        0x4 
                0x00000000080064f0                _etext = .

.vfp11_veneer   0x00000000080064f0        0x0
 .vfp11_veneer  0x00000000080064f0        0x0 linker stubs

.v4_bx          0x00000000080064f0        0x0
 .v4_bx         0x00000000080064f0        0x0 linker stubs

.iplt           0x00000000080064f0        0x0
 .iplt          0x00000000080064f0        0x0 /Applications/STM32CubeIDE.app/Contents/Eclipse/plugins/com.st.stm32cube.ide.mcu.externaltools.gnu-tools-for-stm32.7-2018-q2-update.macos64_1.5.0.202011040924/tools/bin/../lib/gcc/arm-none-eabi/7.3.1/thumb/v7e-m/fpv4-sp/hard/crtbegin.o

.rodata         0x00000000080064f0     0x2798
                0x00000000080064f0                . = ALIGN (0x8)
 *(.rodata)
 .rodata        0x00000000080064f0       0x20 Application/User/HAL_STSAFE-Axx/HAL_STSAFE-Axx_INTERNAL.o
 .rodata        0x0000000008006510       0x48 Application/User/system_stm32l4xx.o
                0x0000000008006510                MSIRangeTable
                0x0000000008006540                AHBPrescTable
                0x0000000008006550                APBPrescTable
 .rodata        0x0000000008006558       0x11 Drivers/STM32L4xx_HAL_Driver/stm32l4xx_hal_uart.o
 *fill*         0x0000000008006569        0x3 
 .rodata        0x000000000800656c     0x2228 Middlewares/Third_Party/MbedTLS/aes.o
 .rodata        0x0000000008008794       0xfc Middlewares/Third_Party/MbedTLS/cipher_wrap.o
                0x0000000008008794                mbedtls_cipher_definitions
 *(.rodata*)
 .rodata.str1.1
                0x0000000008008890       0x3c Application/User/HAL_STSAFE-Axx/HAL_STSAFE-Axx.o
 .rodata.str1.1
                0x00000000080088cc      0x2db Application/User/main.o
                                        0x2eb (size before relaxing)
 .rodata.str1.1
                0x0000000008008ba7       0x48 Middlewares/Third_Party/MbedTLS/cipher_wrap.o
 *fill*         0x0000000008008bef        0x1 
 .rodata._global_impure_ptr
                0x0000000008008bf0        0x4 /Applications/STM32CubeIDE.app/Contents/Eclipse/plugins/com.st.stm32cube.ide.mcu.externaltools.gnu-tools-for-stm32.7-2018-q2-update.macos64_1.5.0.202011040924/tools/bin/../lib/gcc/arm-none-eabi/7.3.1/../../../../arm-none-eabi/lib/thumb/v7e-m/fpv4-sp/hard/libc_nano.a(lib_a-impure.o)
                0x0000000008008bf0                _global_impure_ptr
 .rodata.__sf_fake_stderr
                0x0000000008008bf4       0x20 /Applications/STM32CubeIDE.app/Contents/Eclipse/plugins/com.st.stm32cube.ide.mcu.externaltools.gnu-tools-for-stm32.7-2018-q2-update.macos64_1.5.0.202011040924/tools/bin/../lib/gcc/arm-none-eabi/7.3.1/../../../../arm-none-eabi/lib/thumb/v7e-m/fpv4-sp/hard/libc_nano.a(lib_a-findfp.o)
                0x0000000008008bf4                __sf_fake_stderr
 .rodata.__sf_fake_stdin
                0x0000000008008c14       0x20 /Applications/STM32CubeIDE.app/Contents/Eclipse/plugins/com.st.stm32cube.ide.mcu.externaltools.gnu-tools-for-stm32.7-2018-q2-update.macos64_1.5.0.202011040924/tools/bin/../lib/gcc/arm-none-eabi/7.3.1/../../../../arm-none-eabi/lib/thumb/v7e-m/fpv4-sp/hard/libc_nano.a(lib_a-findfp.o)
                0x0000000008008c14                __sf_fake_stdin
 .rodata.__sf_fake_stdout
                0x0000000008008c34       0x20 /Applications/STM32CubeIDE.app/Contents/Eclipse/plugins/com.st.stm32cube.ide.mcu.externaltools.gnu-tools-for-stm32.7-2018-q2-update.macos64_1.5.0.202011040924/tools/bin/../lib/gcc/arm-none-eabi/7.3.1/../../../../arm-none-eabi/lib/thumb/v7e-m/fpv4-sp/hard/libc_nano.a(lib_a-findfp.o)
                0x0000000008008c34                __sf_fake_stdout
 .rodata._vfprintf_r.str1.1
                0x0000000008008c54       0x11 /Applications/STM32CubeIDE.app/Contents/Eclipse/plugins/com.st.stm32cube.ide.mcu.externaltools.gnu-tools-for-stm32.7-2018-q2-update.macos64_1.5.0.202011040924/tools/bin/../lib/gcc/arm-none-eabi/7.3.1/../../../../arm-none-eabi/lib/thumb/v7e-m/fpv4-sp/hard/libc_nano.a(lib_a-nano-vfprintf.o)
 .rodata._printf_i.str1.1
                0x0000000008008c65       0x22 /Applications/STM32CubeIDE.app/Contents/Eclipse/plugins/com.st.stm32cube.ide.mcu.externaltools.gnu-tools-for-stm32.7-2018-q2-update.macos64_1.5.0.202011040924/tools/bin/../lib/gcc/arm-none-eabi/7.3.1/../../../../arm-none-eabi/lib/thumb/v7e-m/fpv4-sp/hard/libc_nano.a(lib_a-nano-vfprintf_i.o)
                0x0000000008008c88                . = ALIGN (0x8)
 *fill*         0x0000000008008c87        0x1 

.ARM.extab      0x0000000008008c88        0x0
                0x0000000008008c88                . = ALIGN (0x8)
 *(.ARM.extab* .gnu.linkonce.armextab.*)
                0x0000000008008c88                . = ALIGN (0x8)

.ARM            0x0000000008008c88        0x8
                0x0000000008008c88                . = ALIGN (0x8)
                0x0000000008008c88                __exidx_start = .
 *(.ARM.exidx*)
 .ARM.exidx     0x0000000008008c88        0x8 /Applications/STM32CubeIDE.app/Contents/Eclipse/plugins/com.st.stm32cube.ide.mcu.externaltools.gnu-tools-for-stm32.7-2018-q2-update.macos64_1.5.0.202011040924/tools/bin/../lib/gcc/arm-none-eabi/7.3.1/thumb/v7e-m/fpv4-sp/hard/libgcc.a(_udivmoddi4.o)
                0x0000000008008c90                __exidx_end = .
                0x0000000008008c90                . = ALIGN (0x8)

.rel.dyn        0x0000000008008c90        0x0
 .rel.iplt      0x0000000008008c90        0x0 /Applications/STM32CubeIDE.app/Contents/Eclipse/plugins/com.st.stm32cube.ide.mcu.externaltools.gnu-tools-for-stm32.7-2018-q2-update.macos64_1.5.0.202011040924/tools/bin/../lib/gcc/arm-none-eabi/7.3.1/thumb/v7e-m/fpv4-sp/hard/crtbegin.o

.preinit_array  0x0000000008008c90        0x0
                0x0000000008008c90                . = ALIGN (0x8)
                0x0000000008008c90                PROVIDE (__preinit_array_start = .)
 *(.preinit_array*)
                0x0000000008008c90                PROVIDE (__preinit_array_end = .)
                0x0000000008008c90                . = ALIGN (0x8)

.init_array     0x0000000008008c90        0x8
                0x0000000008008c90                . = ALIGN (0x8)
                0x0000000008008c90                PROVIDE (__init_array_start = .)
 *(SORT_BY_NAME(.init_array.*))
 *(.init_array*)
 .init_array    0x0000000008008c90        0x4 /Applications/STM32CubeIDE.app/Contents/Eclipse/plugins/com.st.stm32cube.ide.mcu.externaltools.gnu-tools-for-stm32.7-2018-q2-update.macos64_1.5.0.202011040924/tools/bin/../lib/gcc/arm-none-eabi/7.3.1/thumb/v7e-m/fpv4-sp/hard/crtbegin.o
                0x0000000008008c94                PROVIDE (__init_array_end = .)
                0x0000000008008c98                . = ALIGN (0x8)
 *fill*         0x0000000008008c94        0x4 

.fini_array     0x0000000008008c98        0x8
                0x0000000008008c98                . = ALIGN (0x8)
                [!provide]                        PROVIDE (__fini_array_start = .)
 *(SORT_BY_NAME(.fini_array.*))
 *(.fini_array*)
 .fini_array    0x0000000008008c98        0x4 /Applications/STM32CubeIDE.app/Contents/Eclipse/plugins/com.st.stm32cube.ide.mcu.externaltools.gnu-tools-for-stm32.7-2018-q2-update.macos64_1.5.0.202011040924/tools/bin/../lib/gcc/arm-none-eabi/7.3.1/thumb/v7e-m/fpv4-sp/hard/crtbegin.o
                [!provide]                        PROVIDE (__fini_array_end = .)
                0x0000000008008ca0                . = ALIGN (0x8)
 *fill*         0x0000000008008c9c        0x4 
                0x0000000008008ca0                _sidata = LOADADDR (.data)

.data           0x0000000020000000      0x4a8 load address 0x0000000008008ca0
                0x0000000020000000                . = ALIGN (0x8)
                0x0000000020000000                _sdata = .
 *(.data)
 .data          0x0000000020000000        0x8 Application/User/HAL_STSAFE-Axx/Pairing.o
                0x0000000020000000                PCROP_Write_Enc_Keys_To_Registers
                0x0000000020000004                PCROP_Write_Mac_Keys_To_Registers
 .data          0x0000000020000008      0x405 Application/User/main.o
 *fill*         0x000000002000040d        0x3 
 .data          0x0000000020000410        0x4 Application/User/system_stm32l4xx.o
                0x0000000020000410                SystemCoreClock
 .data          0x0000000020000414        0x8 Drivers/STM32L4xx_HAL_Driver/stm32l4xx_hal.o
                0x0000000020000414                uwTickFreq
                0x0000000020000418                uwTickPrio
 .data          0x000000002000041c       0x20 Drivers/STM32L4xx_HAL_Driver/stm32l4xx_hal_flash.o
                0x000000002000041c                pFlash
 .data          0x000000002000043c        0x4 Middlewares/Third_Party/MbedTLS/platform_util.o
 *(.data*)
 .data._impure_ptr
                0x0000000020000440        0x4 /Applications/STM32CubeIDE.app/Contents/Eclipse/plugins/com.st.stm32cube.ide.mcu.externaltools.gnu-tools-for-stm32.7-2018-q2-update.macos64_1.5.0.202011040924/tools/bin/../lib/gcc/arm-none-eabi/7.3.1/../../../../arm-none-eabi/lib/thumb/v7e-m/fpv4-sp/hard/libc_nano.a(lib_a-impure.o)
                0x0000000020000440                _impure_ptr
 .data.impure_data
                0x0000000020000444       0x60 /Applications/STM32CubeIDE.app/Contents/Eclipse/plugins/com.st.stm32cube.ide.mcu.externaltools.gnu-tools-for-stm32.7-2018-q2-update.macos64_1.5.0.202011040924/tools/bin/../lib/gcc/arm-none-eabi/7.3.1/../../../../arm-none-eabi/lib/thumb/v7e-m/fpv4-sp/hard/libc_nano.a(lib_a-impure.o)
                0x00000000200004a8                . = ALIGN (0x8)
 *fill*         0x00000000200004a4        0x4 
                0x00000000200004a8                _edata = .

.igot.plt       0x00000000200004a8        0x0 load address 0x0000000008009148
 .igot.plt      0x00000000200004a8        0x0 /Applications/STM32CubeIDE.app/Contents/Eclipse/plugins/com.st.stm32cube.ide.mcu.externaltools.gnu-tools-for-stm32.7-2018-q2-update.macos64_1.5.0.202011040924/tools/bin/../lib/gcc/arm-none-eabi/7.3.1/thumb/v7e-m/fpv4-sp/hard/crtbegin.o
                0x00000000200004a8                . = ALIGN (0x4)

.bss            0x00000000200004a8      0x3ac load address 0x0000000008009148
                0x00000000200004a8                _sbss = .
                0x00000000200004a8                __bss_start__ = _sbss
 *(.bss)
 .bss           0x00000000200004a8       0x1c /Applications/STM32CubeIDE.app/Contents/Eclipse/plugins/com.st.stm32cube.ide.mcu.externaltools.gnu-tools-for-stm32.7-2018-q2-update.macos64_1.5.0.202011040924/tools/bin/../lib/gcc/arm-none-eabi/7.3.1/thumb/v7e-m/fpv4-sp/hard/crtbegin.o
 .bss           0x00000000200004c4        0x8 Application/STM32CubeIDE/syscalls.o
                0x00000000200004c8                __env
 .bss           0x00000000200004cc       0x44 Application/User/stsafea_crypto_mbedtls_interface.o
 .bss           0x0000000020000510       0x15 Middlewares/STSAFE_A1xx/CoreModules/stsafea_crypto.o
 *fill*         0x0000000020000525        0x3 
 .bss           0x0000000020000528      0x224 Middlewares/STSAFE_A1xx/CoreModules/stsafea_service.o
 *(.bss*)
 .bss.__malloc_free_list
                0x000000002000074c        0x4 /Applications/STM32CubeIDE.app/Contents/Eclipse/plugins/com.st.stm32cube.ide.mcu.externaltools.gnu-tools-for-stm32.7-2018-q2-update.macos64_1.5.0.202011040924/tools/bin/../lib/gcc/arm-none-eabi/7.3.1/../../../../arm-none-eabi/lib/thumb/v7e-m/fpv4-sp/hard/libc_nano.a(lib_a-nano-mallocr.o)
                0x000000002000074c                __malloc_free_list
 .bss.__malloc_sbrk_start
                0x0000000020000750        0x4 /Applications/STM32CubeIDE.app/Contents/Eclipse/plugins/com.st.stm32cube.ide.mcu.externaltools.gnu-tools-for-stm32.7-2018-q2-update.macos64_1.5.0.202011040924/tools/bin/../lib/gcc/arm-none-eabi/7.3.1/../../../../arm-none-eabi/lib/thumb/v7e-m/fpv4-sp/hard/libc_nano.a(lib_a-nano-mallocr.o)
                0x0000000020000750                __malloc_sbrk_start
 *(COMMON)
 COMMON         0x0000000020000754       0x8c Application/User/main.o
                0x0000000020000754                huart1
 COMMON         0x00000000200007e0       0x20 Application/User/stsafea_crypto_mbedtls_interface.o
                0x00000000200007e0                aHostCipherKey
                0x00000000200007f0                aHostMacKey
 COMMON         0x0000000020000800       0x4c Application/User/stsafea_service_interface.o
                0x0000000020000800                hbus_i2c2
 COMMON         0x000000002000084c        0x4 Drivers/STM32L4xx_HAL_Driver/stm32l4xx_hal.o
                0x000000002000084c                uwTick
 COMMON         0x0000000020000850        0x4 /Applications/STM32CubeIDE.app/Contents/Eclipse/plugins/com.st.stm32cube.ide.mcu.externaltools.gnu-tools-for-stm32.7-2018-q2-update.macos64_1.5.0.202011040924/tools/bin/../lib/gcc/arm-none-eabi/7.3.1/../../../../arm-none-eabi/lib/thumb/v7e-m/fpv4-sp/hard/libc_nano.a(lib_a-reent.o)
                0x0000000020000850                errno
                0x0000000020000854                . = ALIGN (0x4)
                0x0000000020000854                _ebss = .
                0x0000000020000854                __bss_end__ = _ebss

._user_heap_stack
                0x0000000020000854     0x6004 load address 0x0000000008009148
                0x0000000020000858                . = ALIGN (0x8)
 *fill*         0x0000000020000854        0x4 
                0x0000000020000858                PROVIDE (end = .)
                [!provide]                        PROVIDE (_end = .)
                0x0000000020002858                . = (. + _Min_Heap_Size)
 *fill*         0x0000000020000858     0x2000 
                0x0000000020006858                . = (. + _Min_Stack_Size)
 *fill*         0x0000000020002858     0x4000 
                0x0000000020006858                . = ALIGN (0x8)

/DISCARD/
 libc.a(*)
 libm.a(*)
 libgcc.a(*)

.ARM.attributes
                0x0000000000000000       0x30
 *(.ARM.attributes)
 .ARM.attributes
                0x0000000000000000       0x22 /Applications/STM32CubeIDE.app/Contents/Eclipse/plugins/com.st.stm32cube.ide.mcu.externaltools.gnu-tools-for-stm32.7-2018-q2-update.macos64_1.5.0.202011040924/tools/bin/../lib/gcc/arm-none-eabi/7.3.1/thumb/v7e-m/fpv4-sp/hard/crti.o
 .ARM.attributes
                0x0000000000000022       0x34 /Applications/STM32CubeIDE.app/Contents/Eclipse/plugins/com.st.stm32cube.ide.mcu.externaltools.gnu-tools-for-stm32.7-2018-q2-update.macos64_1.5.0.202011040924/tools/bin/../lib/gcc/arm-none-eabi/7.3.1/thumb/v7e-m/fpv4-sp/hard/crtbegin.o
 .ARM.attributes
                0x0000000000000056       0x21 Application/STM32CubeIDE/startup_stm32l4S5xx.o
 .ARM.attributes
                0x0000000000000077       0x39 Application/STM32CubeIDE/syscalls.o
 .ARM.attributes
                0x00000000000000b0       0x39 Application/User/HAL_STSAFE-Axx/HAL_STSAFE-Axx.o
 .ARM.attributes
                0x00000000000000e9       0x39 Application/User/HAL_STSAFE-Axx/HAL_STSAFE-Axx_INTERNAL.o
 .ARM.attributes
                0x0000000000000122       0x39 Application/User/HAL_STSAFE-Axx/Pairing.o
 .ARM.attributes
                0x000000000000015b       0x39 Application/User/flash_if.o
 .ARM.attributes
                0x0000000000000194       0x39 Application/User/main.o
 .ARM.attributes
                0x00000000000001cd       0x39 Application/User/stm32l4xx_hal_msp.o
 .ARM.attributes
                0x0000000000000206       0x39 Application/User/stm32l4xx_it.o
 .ARM.attributes
                0x000000000000023f       0x39 Application/User/stsafea_crypto_mbedtls_interface.o
 .ARM.attributes
                0x0000000000000278       0x39 Application/User/stsafea_service_interface.o
 .ARM.attributes
                0x00000000000002b1       0x39 Application/User/system_stm32l4xx.o
 .ARM.attributes
                0x00000000000002ea       0x39 Drivers/STM32L4xx_HAL_Driver/stm32l4xx_hal.o
 .ARM.attributes
                0x0000000000000323       0x39 Drivers/STM32L4xx_HAL_Driver/stm32l4xx_hal_cortex.o
 .ARM.attributes
                0x000000000000035c       0x39 Drivers/STM32L4xx_HAL_Driver/stm32l4xx_hal_flash.o
 .ARM.attributes
                0x0000000000000395       0x39 Drivers/STM32L4xx_HAL_Driver/stm32l4xx_hal_flash_ex.o
 .ARM.attributes
                0x00000000000003ce       0x39 Drivers/STM32L4xx_HAL_Driver/stm32l4xx_hal_gpio.o
 .ARM.attributes
                0x0000000000000407       0x39 Drivers/STM32L4xx_HAL_Driver/stm32l4xx_hal_i2c.o
 .ARM.attributes
                0x0000000000000440       0x39 Drivers/STM32L4xx_HAL_Driver/stm32l4xx_hal_i2c_ex.o
 .ARM.attributes
                0x0000000000000479       0x39 Drivers/STM32L4xx_HAL_Driver/stm32l4xx_hal_pwr_ex.o
 .ARM.attributes
                0x00000000000004b2       0x39 Drivers/STM32L4xx_HAL_Driver/stm32l4xx_hal_rcc.o
 .ARM.attributes
                0x00000000000004eb       0x39 Drivers/STM32L4xx_HAL_Driver/stm32l4xx_hal_rcc_ex.o
 .ARM.attributes
                0x0000000000000524       0x39 Drivers/STM32L4xx_HAL_Driver/stm32l4xx_hal_uart.o
 .ARM.attributes
                0x000000000000055d       0x39 Middlewares/STSAFE_A1xx/CoreModules/stsafea_core.o
 .ARM.attributes
                0x0000000000000596       0x39 Middlewares/STSAFE_A1xx/CoreModules/stsafea_crypto.o
 .ARM.attributes
                0x00000000000005cf       0x39 Middlewares/STSAFE_A1xx/CoreModules/stsafea_service.o
 .ARM.attributes
                0x0000000000000608       0x39 Middlewares/Third_Party/MbedTLS/aes.o
 .ARM.attributes
                0x0000000000000641       0x39 Middlewares/Third_Party/MbedTLS/cipher.o
 .ARM.attributes
                0x000000000000067a       0x39 Middlewares/Third_Party/MbedTLS/cipher_wrap.o
 .ARM.attributes
                0x00000000000006b3       0x39 Middlewares/Third_Party/MbedTLS/cmac.o
 .ARM.attributes
                0x00000000000006ec       0x39 Middlewares/Third_Party/MbedTLS/platform_util.o
 .ARM.attributes
                0x0000000000000725       0x34 /Applications/STM32CubeIDE.app/Contents/Eclipse/plugins/com.st.stm32cube.ide.mcu.externaltools.gnu-tools-for-stm32.7-2018-q2-update.macos64_1.5.0.202011040924/tools/bin/../lib/gcc/arm-none-eabi/7.3.1/../../../../arm-none-eabi/lib/thumb/v7e-m/fpv4-sp/hard/libc_nano.a(lib_a-calloc.o)
 .ARM.attributes
                0x0000000000000759       0x34 /Applications/STM32CubeIDE.app/Contents/Eclipse/plugins/com.st.stm32cube.ide.mcu.externaltools.gnu-tools-for-stm32.7-2018-q2-update.macos64_1.5.0.202011040924/tools/bin/../lib/gcc/arm-none-eabi/7.3.1/../../../../arm-none-eabi/lib/thumb/v7e-m/fpv4-sp/hard/libc_nano.a(lib_a-errno.o)
 .ARM.attributes
                0x000000000000078d       0x34 /Applications/STM32CubeIDE.app/Contents/Eclipse/plugins/com.st.stm32cube.ide.mcu.externaltools.gnu-tools-for-stm32.7-2018-q2-update.macos64_1.5.0.202011040924/tools/bin/../lib/gcc/arm-none-eabi/7.3.1/../../../../arm-none-eabi/lib/thumb/v7e-m/fpv4-sp/hard/libc_nano.a(lib_a-impure.o)
 .ARM.attributes
                0x00000000000007c1       0x34 /Applications/STM32CubeIDE.app/Contents/Eclipse/plugins/com.st.stm32cube.ide.mcu.externaltools.gnu-tools-for-stm32.7-2018-q2-update.macos64_1.5.0.202011040924/tools/bin/../lib/gcc/arm-none-eabi/7.3.1/../../../../arm-none-eabi/lib/thumb/v7e-m/fpv4-sp/hard/libc_nano.a(lib_a-init.o)
 .ARM.attributes
                0x00000000000007f5       0x34 /Applications/STM32CubeIDE.app/Contents/Eclipse/plugins/com.st.stm32cube.ide.mcu.externaltools.gnu-tools-for-stm32.7-2018-q2-update.macos64_1.5.0.202011040924/tools/bin/../lib/gcc/arm-none-eabi/7.3.1/../../../../arm-none-eabi/lib/thumb/v7e-m/fpv4-sp/hard/libc_nano.a(lib_a-malloc.o)
 .ARM.attributes
                0x0000000000000829       0x34 /Applications/STM32CubeIDE.app/Contents/Eclipse/plugins/com.st.stm32cube.ide.mcu.externaltools.gnu-tools-for-stm32.7-2018-q2-update.macos64_1.5.0.202011040924/tools/bin/../lib/gcc/arm-none-eabi/7.3.1/../../../../arm-none-eabi/lib/thumb/v7e-m/fpv4-sp/hard/libc_nano.a(lib_a-memcmp.o)
 .ARM.attributes
                0x000000000000085d       0x34 /Applications/STM32CubeIDE.app/Contents/Eclipse/plugins/com.st.stm32cube.ide.mcu.externaltools.gnu-tools-for-stm32.7-2018-q2-update.macos64_1.5.0.202011040924/tools/bin/../lib/gcc/arm-none-eabi/7.3.1/../../../../arm-none-eabi/lib/thumb/v7e-m/fpv4-sp/hard/libc_nano.a(lib_a-memcpy-stub.o)
 .ARM.attributes
                0x0000000000000891       0x34 /Applications/STM32CubeIDE.app/Contents/Eclipse/plugins/com.st.stm32cube.ide.mcu.externaltools.gnu-tools-for-stm32.7-2018-q2-update.macos64_1.5.0.202011040924/tools/bin/../lib/gcc/arm-none-eabi/7.3.1/../../../../arm-none-eabi/lib/thumb/v7e-m/fpv4-sp/hard/libc_nano.a(lib_a-memmove.o)
 .ARM.attributes
                0x00000000000008c5       0x34 /Applications/STM32CubeIDE.app/Contents/Eclipse/plugins/com.st.stm32cube.ide.mcu.externaltools.gnu-tools-for-stm32.7-2018-q2-update.macos64_1.5.0.202011040924/tools/bin/../lib/gcc/arm-none-eabi/7.3.1/../../../../arm-none-eabi/lib/thumb/v7e-m/fpv4-sp/hard/libc_nano.a(lib_a-memset.o)
 .ARM.attributes
                0x00000000000008f9       0x34 /Applications/STM32CubeIDE.app/Contents/Eclipse/plugins/com.st.stm32cube.ide.mcu.externaltools.gnu-tools-for-stm32.7-2018-q2-update.macos64_1.5.0.202011040924/tools/bin/../lib/gcc/arm-none-eabi/7.3.1/../../../../arm-none-eabi/lib/thumb/v7e-m/fpv4-sp/hard/libc_nano.a(lib_a-nano-callocr.o)
 .ARM.attributes
                0x000000000000092d       0x34 /Applications/STM32CubeIDE.app/Contents/Eclipse/plugins/com.st.stm32cube.ide.mcu.externaltools.gnu-tools-for-stm32.7-2018-q2-update.macos64_1.5.0.202011040924/tools/bin/../lib/gcc/arm-none-eabi/7.3.1/../../../../arm-none-eabi/lib/thumb/v7e-m/fpv4-sp/hard/libc_nano.a(lib_a-nano-freer.o)
 .ARM.attributes
                0x0000000000000961       0x34 /Applications/STM32CubeIDE.app/Contents/Eclipse/plugins/com.st.stm32cube.ide.mcu.externaltools.gnu-tools-for-stm32.7-2018-q2-update.macos64_1.5.0.202011040924/tools/bin/../lib/gcc/arm-none-eabi/7.3.1/../../../../arm-none-eabi/lib/thumb/v7e-m/fpv4-sp/hard/libc_nano.a(lib_a-nano-mallocr.o)
 .ARM.attributes
                0x0000000000000995       0x34 /Applications/STM32CubeIDE.app/Contents/Eclipse/plugins/com.st.stm32cube.ide.mcu.externaltools.gnu-tools-for-stm32.7-2018-q2-update.macos64_1.5.0.202011040924/tools/bin/../lib/gcc/arm-none-eabi/7.3.1/../../../../arm-none-eabi/lib/thumb/v7e-m/fpv4-sp/hard/libc_nano.a(lib_a-printf.o)
 .ARM.attributes
                0x00000000000009c9       0x34 /Applications/STM32CubeIDE.app/Contents/Eclipse/plugins/com.st.stm32cube.ide.mcu.externaltools.gnu-tools-for-stm32.7-2018-q2-update.macos64_1.5.0.202011040924/tools/bin/../lib/gcc/arm-none-eabi/7.3.1/../../../../arm-none-eabi/lib/thumb/v7e-m/fpv4-sp/hard/libc_nano.a(lib_a-puts.o)
 .ARM.attributes
                0x00000000000009fd       0x34 /Applications/STM32CubeIDE.app/Contents/Eclipse/plugins/com.st.stm32cube.ide.mcu.externaltools.gnu-tools-for-stm32.7-2018-q2-update.macos64_1.5.0.202011040924/tools/bin/../lib/gcc/arm-none-eabi/7.3.1/../../../../arm-none-eabi/lib/thumb/v7e-m/fpv4-sp/hard/libc_nano.a(lib_a-sbrkr.o)
 .ARM.attributes
                0x0000000000000a31       0x34 /Applications/STM32CubeIDE.app/Contents/Eclipse/plugins/com.st.stm32cube.ide.mcu.externaltools.gnu-tools-for-stm32.7-2018-q2-update.macos64_1.5.0.202011040924/tools/bin/../lib/gcc/arm-none-eabi/7.3.1/../../../../arm-none-eabi/lib/thumb/v7e-m/fpv4-sp/hard/libc_nano.a(lib_a-wbuf.o)
 .ARM.attributes
                0x0000000000000a65       0x34 /Applications/STM32CubeIDE.app/Contents/Eclipse/plugins/com.st.stm32cube.ide.mcu.externaltools.gnu-tools-for-stm32.7-2018-q2-update.macos64_1.5.0.202011040924/tools/bin/../lib/gcc/arm-none-eabi/7.3.1/../../../../arm-none-eabi/lib/thumb/v7e-m/fpv4-sp/hard/libc_nano.a(lib_a-wsetup.o)
 .ARM.attributes
                0x0000000000000a99       0x34 /Applications/STM32CubeIDE.app/Contents/Eclipse/plugins/com.st.stm32cube.ide.mcu.externaltools.gnu-tools-for-stm32.7-2018-q2-update.macos64_1.5.0.202011040924/tools/bin/../lib/gcc/arm-none-eabi/7.3.1/../../../../arm-none-eabi/lib/thumb/v7e-m/fpv4-sp/hard/libc_nano.a(lib_a-fflush.o)
 .ARM.attributes
                0x0000000000000acd       0x34 /Applications/STM32CubeIDE.app/Contents/Eclipse/plugins/com.st.stm32cube.ide.mcu.externaltools.gnu-tools-for-stm32.7-2018-q2-update.macos64_1.5.0.202011040924/tools/bin/../lib/gcc/arm-none-eabi/7.3.1/../../../../arm-none-eabi/lib/thumb/v7e-m/fpv4-sp/hard/libc_nano.a(lib_a-findfp.o)
 .ARM.attributes
                0x0000000000000b01       0x34 /Applications/STM32CubeIDE.app/Contents/Eclipse/plugins/com.st.stm32cube.ide.mcu.externaltools.gnu-tools-for-stm32.7-2018-q2-update.macos64_1.5.0.202011040924/tools/bin/../lib/gcc/arm-none-eabi/7.3.1/../../../../arm-none-eabi/lib/thumb/v7e-m/fpv4-sp/hard/libc_nano.a(lib_a-fwalk.o)
 .ARM.attributes
                0x0000000000000b35       0x34 /Applications/STM32CubeIDE.app/Contents/Eclipse/plugins/com.st.stm32cube.ide.mcu.externaltools.gnu-tools-for-stm32.7-2018-q2-update.macos64_1.5.0.202011040924/tools/bin/../lib/gcc/arm-none-eabi/7.3.1/../../../../arm-none-eabi/lib/thumb/v7e-m/fpv4-sp/hard/libc_nano.a(lib_a-makebuf.o)
 .ARM.attributes
                0x0000000000000b69       0x34 /Applications/STM32CubeIDE.app/Contents/Eclipse/plugins/com.st.stm32cube.ide.mcu.externaltools.gnu-tools-for-stm32.7-2018-q2-update.macos64_1.5.0.202011040924/tools/bin/../lib/gcc/arm-none-eabi/7.3.1/../../../../arm-none-eabi/lib/thumb/v7e-m/fpv4-sp/hard/libc_nano.a(lib_a-mlock.o)
 .ARM.attributes
                0x0000000000000b9d       0x34 /Applications/STM32CubeIDE.app/Contents/Eclipse/plugins/com.st.stm32cube.ide.mcu.externaltools.gnu-tools-for-stm32.7-2018-q2-update.macos64_1.5.0.202011040924/tools/bin/../lib/gcc/arm-none-eabi/7.3.1/../../../../arm-none-eabi/lib/thumb/v7e-m/fpv4-sp/hard/libc_nano.a(lib_a-nano-vfprintf.o)
 .ARM.attributes
                0x0000000000000bd1       0x34 /Applications/STM32CubeIDE.app/Contents/Eclipse/plugins/com.st.stm32cube.ide.mcu.externaltools.gnu-tools-for-stm32.7-2018-q2-update.macos64_1.5.0.202011040924/tools/bin/../lib/gcc/arm-none-eabi/7.3.1/../../../../arm-none-eabi/lib/thumb/v7e-m/fpv4-sp/hard/libc_nano.a(lib_a-nano-vfprintf_i.o)
 .ARM.attributes
                0x0000000000000c05       0x34 /Applications/STM32CubeIDE.app/Contents/Eclipse/plugins/com.st.stm32cube.ide.mcu.externaltools.gnu-tools-for-stm32.7-2018-q2-update.macos64_1.5.0.202011040924/tools/bin/../lib/gcc/arm-none-eabi/7.3.1/../../../../arm-none-eabi/lib/thumb/v7e-m/fpv4-sp/hard/libc_nano.a(lib_a-reent.o)
 .ARM.attributes
                0x0000000000000c39       0x34 /Applications/STM32CubeIDE.app/Contents/Eclipse/plugins/com.st.stm32cube.ide.mcu.externaltools.gnu-tools-for-stm32.7-2018-q2-update.macos64_1.5.0.202011040924/tools/bin/../lib/gcc/arm-none-eabi/7.3.1/../../../../arm-none-eabi/lib/thumb/v7e-m/fpv4-sp/hard/libc_nano.a(lib_a-stdio.o)
 .ARM.attributes
                0x0000000000000c6d       0x34 /Applications/STM32CubeIDE.app/Contents/Eclipse/plugins/com.st.stm32cube.ide.mcu.externaltools.gnu-tools-for-stm32.7-2018-q2-update.macos64_1.5.0.202011040924/tools/bin/../lib/gcc/arm-none-eabi/7.3.1/../../../../arm-none-eabi/lib/thumb/v7e-m/fpv4-sp/hard/libc_nano.a(lib_a-writer.o)
 .ARM.attributes
                0x0000000000000ca1       0x34 /Applications/STM32CubeIDE.app/Contents/Eclipse/plugins/com.st.stm32cube.ide.mcu.externaltools.gnu-tools-for-stm32.7-2018-q2-update.macos64_1.5.0.202011040924/tools/bin/../lib/gcc/arm-none-eabi/7.3.1/../../../../arm-none-eabi/lib/thumb/v7e-m/fpv4-sp/hard/libc_nano.a(lib_a-closer.o)
 .ARM.attributes
                0x0000000000000cd5       0x34 /Applications/STM32CubeIDE.app/Contents/Eclipse/plugins/com.st.stm32cube.ide.mcu.externaltools.gnu-tools-for-stm32.7-2018-q2-update.macos64_1.5.0.202011040924/tools/bin/../lib/gcc/arm-none-eabi/7.3.1/../../../../arm-none-eabi/lib/thumb/v7e-m/fpv4-sp/hard/libc_nano.a(lib_a-fstatr.o)
 .ARM.attributes
                0x0000000000000d09       0x34 /Applications/STM32CubeIDE.app/Contents/Eclipse/plugins/com.st.stm32cube.ide.mcu.externaltools.gnu-tools-for-stm32.7-2018-q2-update.macos64_1.5.0.202011040924/tools/bin/../lib/gcc/arm-none-eabi/7.3.1/../../../../arm-none-eabi/lib/thumb/v7e-m/fpv4-sp/hard/libc_nano.a(lib_a-isattyr.o)
 .ARM.attributes
                0x0000000000000d3d       0x34 /Applications/STM32CubeIDE.app/Contents/Eclipse/plugins/com.st.stm32cube.ide.mcu.externaltools.gnu-tools-for-stm32.7-2018-q2-update.macos64_1.5.0.202011040924/tools/bin/../lib/gcc/arm-none-eabi/7.3.1/../../../../arm-none-eabi/lib/thumb/v7e-m/fpv4-sp/hard/libc_nano.a(lib_a-lseekr.o)
 .ARM.attributes
                0x0000000000000d71       0x20 /Applications/STM32CubeIDE.app/Contents/Eclipse/plugins/com.st.stm32cube.ide.mcu.externaltools.gnu-tools-for-stm32.7-2018-q2-update.macos64_1.5.0.202011040924/tools/bin/../lib/gcc/arm-none-eabi/7.3.1/../../../../arm-none-eabi/lib/thumb/v7e-m/fpv4-sp/hard/libc_nano.a(lib_a-memchr.o)
 .ARM.attributes
                0x0000000000000d91       0x34 /Applications/STM32CubeIDE.app/Contents/Eclipse/plugins/com.st.stm32cube.ide.mcu.externaltools.gnu-tools-for-stm32.7-2018-q2-update.macos64_1.5.0.202011040924/tools/bin/../lib/gcc/arm-none-eabi/7.3.1/../../../../arm-none-eabi/lib/thumb/v7e-m/fpv4-sp/hard/libc_nano.a(lib_a-readr.o)
 .ARM.attributes
                0x0000000000000dc5       0x22 /Applications/STM32CubeIDE.app/Contents/Eclipse/plugins/com.st.stm32cube.ide.mcu.externaltools.gnu-tools-for-stm32.7-2018-q2-update.macos64_1.5.0.202011040924/tools/bin/../lib/gcc/arm-none-eabi/7.3.1/thumb/v7e-m/fpv4-sp/hard/libgcc.a(_aeabi_uldivmod.o)
 .ARM.attributes
                0x0000000000000de7       0x34 /Applications/STM32CubeIDE.app/Contents/Eclipse/plugins/com.st.stm32cube.ide.mcu.externaltools.gnu-tools-for-stm32.7-2018-q2-update.macos64_1.5.0.202011040924/tools/bin/../lib/gcc/arm-none-eabi/7.3.1/thumb/v7e-m/fpv4-sp/hard/libgcc.a(_udivmoddi4.o)
 .ARM.attributes
                0x0000000000000e1b       0x22 /Applications/STM32CubeIDE.app/Contents/Eclipse/plugins/com.st.stm32cube.ide.mcu.externaltools.gnu-tools-for-stm32.7-2018-q2-update.macos64_1.5.0.202011040924/tools/bin/../lib/gcc/arm-none-eabi/7.3.1/thumb/v7e-m/fpv4-sp/hard/libgcc.a(_dvmd_tls.o)
 .ARM.attributes
                0x0000000000000e3d       0x22 /Applications/STM32CubeIDE.app/Contents/Eclipse/plugins/com.st.stm32cube.ide.mcu.externaltools.gnu-tools-for-stm32.7-2018-q2-update.macos64_1.5.0.202011040924/tools/bin/../lib/gcc/arm-none-eabi/7.3.1/thumb/v7e-m/fpv4-sp/hard/crtn.o
OUTPUT(B-L4S5I-IOT01_STSAFE_Provisioning.elf elf32-littlearm)

.debug_line     0x0000000000000000    0x15888
 .debug_line    0x0000000000000000      0x108 Application/STM32CubeIDE/startup_stm32l4S5xx.o
 .debug_line    0x0000000000000108      0x805 Application/STM32CubeIDE/syscalls.o
 .debug_line    0x000000000000090d      0xe25 Application/User/HAL_STSAFE-Axx/HAL_STSAFE-Axx.o
 .debug_line    0x0000000000001732      0xcbd Application/User/HAL_STSAFE-Axx/HAL_STSAFE-Axx_INTERNAL.o
 .debug_line    0x00000000000023ef      0x7ce Application/User/HAL_STSAFE-Axx/Pairing.o
 .debug_line    0x0000000000002bbd      0x897 Application/User/flash_if.o
 .debug_line    0x0000000000003454      0xd2f Application/User/main.o
 .debug_line    0x0000000000004183      0xad3 Application/User/stm32l4xx_hal_msp.o
 .debug_line    0x0000000000004c56      0xb10 Application/User/stm32l4xx_it.o
 .debug_line    0x0000000000005766      0xc63 Application/User/stsafea_crypto_mbedtls_interface.o
 .debug_line    0x00000000000063c9      0x969 Application/User/stsafea_service_interface.o
 .debug_line    0x0000000000006d32      0x812 Application/User/system_stm32l4xx.o
 .debug_line    0x0000000000007544      0xa13 Drivers/STM32L4xx_HAL_Driver/stm32l4xx_hal.o
 .debug_line    0x0000000000007f57      0x9f3 Drivers/STM32L4xx_HAL_Driver/stm32l4xx_hal_cortex.o
 .debug_line    0x000000000000894a      0x9b9 Drivers/STM32L4xx_HAL_Driver/stm32l4xx_hal_flash.o