iot_pkcs11_st.c:59:6:prvEnterSecureSection	8	static
iot_pkcs11_st.c:80:6:prvExitSecureSection	8	static
iot_pkcs11_st.c:194:5:C_Initialize	24	static
iot_pkcs11_st.c:222:5:C_Finalize	24	static
iot_pkcs11_st.c:256:1:C_GetFunctionList	24	static
iot_pkcs11_st.c:292:1:C_GetSlotList	32	static
iot_pkcs11_st.c:323:1:C_GetTokenInfo	24	static
iot_pkcs11_st.c:353:1:C_InitToken	24	static
iot_pkcs11_st.c:380:1:C_GetMechanismInfo	32	static
iot_pkcs11_st.c:457:1:C_OpenSession	40	static
iot_pkcs11_st.c:489:1:C_CloseSession	24	static
iot_pkcs11_st.c:517:1:C_Login	24	static
iot_pkcs11_st.c:550:1:C_CreateObject	32	static
iot_pkcs11_st.c:581:1:C_DestroyObject	24	static
iot_pkcs11_st.c:622:1:C_GetAttributeValue	32	static
iot_pkcs11_st.c:665:1:C_FindObjectsInit	32	static
iot_pkcs11_st.c:714:1:C_FindObjects	32	static
iot_pkcs11_st.c:752:1:C_FindObjectsFinal	24	static
iot_pkcs11_st.c:788:1:C_DigestInit	24	static
iot_pkcs11_st.c:826:1:C_DigestUpdate	32	static
iot_pkcs11_st.c:874:1:C_DigestFinal	32	static
iot_pkcs11_st.c:919:1:C_SignInit	32	static
iot_pkcs11_st.c:971:1:C_Sign	40	static
iot_pkcs11_st.c:1013:1:C_VerifyInit	32	static
iot_pkcs11_st.c:1055:1:C_Verify	40	static
iot_pkcs11_st.c:1103:1:C_GenerateKeyPair	48	static
iot_pkcs11_st.c:1141:1:C_GenerateRandom	32	static
