iot_wifi.c:90:31:prvConvertSecurityFromAbstractedToST	24	static
iot_wifi.c:130:23:prvConvertSecurityFromSTToAbstracted	24	static
iot_wifi.c:162:18:WIFI_On	24	static
iot_wifi.c:207:18:WIFI_Off	16	static
iot_wifi.c:227:18:WIFI_ConnectAP	48	static,ignoring_inline_asm
iot_wifi.c:296:18:WIFI_Disconnect	16	static
iot_wifi.c:329:18:WIFI_Reset	16	static
iot_wifi.c:355:18:WIFI_SetMode	24	static
iot_wifi.c:363:18:WIFI_GetMode	24	static
iot_wifi.c:372:18:WIFI_NetworkAdd	24	static
iot_wifi.c:382:18:WIFI_NetworkGet	24	static
iot_wifi.c:393:18:WIFI_NetworkDelete	24	static
iot_wifi.c:402:18:WIFI_Ping	40	static
iot_wifi.c:439:18:WIFI_GetIP	24	static,ignoring_inline_asm
iot_wifi.c:467:18:WIFI_GetMAC	24	static,ignoring_inline_asm
iot_wifi.c:494:18:WIFI_GetHostIP	32	static,ignoring_inline_asm
iot_wifi.c:525:18:WIFI_Scan	480	static,ignoring_inline_asm
iot_wifi.c:570:18:WIFI_StartAP	16	static
iot_wifi.c:579:18:WIFI_StopAP	16	static
iot_wifi.c:589:18:WIFI_ConfigureAP	104	static,ignoring_inline_asm
iot_wifi.c:635:18:WIFI_SetPMMode	24	static
iot_wifi.c:644:18:WIFI_GetPMMode	24	static
iot_wifi.c:653:12:WIFI_IsConnected	16	static
iot_wifi.c:773:18:WIFI_GetFirmwareVersion	24	static
iot_wifi.c:798:18:WIFI_RegisterNetworkStateChangeEventCallback	16	static
