iot_linear_containers.h:303:20:IotLink_IsLinked	24	static
iot_linear_containers.h:330:20:IotListDouble_Create	24	static,ignoring_inline_asm
iot_linear_containers.h:349:22:IotListDouble_Count	24	static
iot_linear_containers.h:378:20:IotListDouble_IsEmpty	16	static
iot_linear_containers.h:396:27:IotListDouble_PeekHead	24	static
iot_linear_containers.h:446:20:IotListDouble_InsertHead	32	static,ignoring_inline_asm
iot_linear_containers.h:473:20:IotListDouble_InsertTail	32	static,ignoring_inline_asm
iot_linear_containers.h:584:20:IotListDouble_Remove	24	static,ignoring_inline_asm
iot_linear_containers.h:609:27:IotListDouble_RemoveHead	24	static
iot_linear_containers.h:659:20:IotListDouble_RemoveAll	40	static,ignoring_inline_asm
iot_linear_containers.h:860:20:IotDeQueue_Create	16	static
iot_linear_containers.h:874:22:IotDeQueue_Count	16	static
iot_linear_containers.h:889:20:IotDeQueue_IsEmpty	16	static
iot_linear_containers.h:906:27:IotDeQueue_PeekHead	16	static
iot_linear_containers.h:936:20:IotDeQueue_EnqueueHead	16	static
iot_linear_containers.h:953:27:IotDeQueue_DequeueHead	16	static
iot_linear_containers.h:966:20:IotDeQueue_EnqueueTail	16	static
iot_linear_containers.h:995:20:IotDeQueue_Remove	16	static
iot_linear_containers.h:1013:20:IotDeQueue_RemoveAll	24	static
iot_https_client.c:643:12:_httpParserOnMessageBeginCallback	32	static
iot_https_client.c:657:12:_httpParserOnStatusCallback	48	static
iot_https_client.c:684:12:_httpParserOnHeaderFieldCallback	48	static
iot_https_client.c:717:12:_httpParserOnHeaderValueCallback	48	static
iot_https_client.c:750:12:_httpParserOnHeadersCompleteCallback	32	static
iot_https_client.c:808:12:_httpParserOnBodyCallback	40	static
iot_https_client.c:894:12:_httpParserOnMessageCompleteCallback	32	static
iot_https_client.c:937:29:_receiveHttpsBodyAsync	48	static
iot_https_client.c:987:29:_receiveHttpsBodySync	40	static
iot_https_client.c:1040:13:_networkReceiveCallback	72	static
iot_https_client.c:1332:29:_createHttpsConnection	616	static
iot_https_client.c:1530:13:_networkDisconnect	32	static
iot_https_client.c:1544:13:_networkDestroy	32	static
iot_https_client.c:1558:29:_addHeader	64	static
iot_https_client.c:1601:29:_networkSend	64	static
iot_https_client.c:1638:29:_networkRecv	40	static
iot_https_client.c:1675:29:_sendHttpsHeaders	136	static
iot_https_client.c:1754:29:_sendHttpsBody	48	static
iot_https_client.c:1773:29:_parseHttpsMessage	64	static
iot_https_client.c:1809:13:_incrementNextLocationToWriteBeyondParsed	16	static
iot_https_client.c:1882:29:_receiveHttpsMessage	40	static
iot_https_client.c:1945:29:_receiveHttpsHeaders	40	static
iot_https_client.c:1975:29:_receiveHttpsBody	48	static
iot_https_client.c:2009:29:_flushHttpsNetworkData	48	static
iot_https_client.c:2065:29:_sendHttpsHeadersAndBody	32	static
iot_https_client.c:2103:13:_sendHttpsRequest	80	static
iot_https_client.c:2305:22:_scheduleHttpsRequestSend	32	static
iot_https_client.c:2340:22:_addRequestToConnectionReqQ	40	static
iot_https_client.c:2415:13:_cancelRequest	16	static
iot_https_client.c:2422:13:_cancelResponse	16	static
iot_https_client.c:2429:22:IotHttpsClient_Init	16	static
iot_https_client.c:2457:29:_initializeResponse	48	static
iot_https_client.c:2563:6:IotHttpsClient_Cleanup	4	static
iot_https_client.c:2570:22:IotHttpsClient_Connect	32	static
iot_https_client.c:2610:22:IotHttpsClient_Disconnect	48	static
iot_https_client.c:2712:22:IotHttpsClient_InitializeRequest	64	static
iot_https_client.c:2865:22:IotHttpsClient_AddHeader	48	static
iot_https_client.c:2932:22:IotHttpsClient_SendSync	40	static
iot_https_client.c:3038:22:IotHttpsClient_WriteRequestBody	40	static
iot_https_client.c:3090:22:IotHttpsClient_ReadResponseBody	48	static
iot_https_client.c:3152:22:IotHttpsClient_CancelRequestAsync	32	static
iot_https_client.c:3165:22:IotHttpsClient_CancelResponseAsync	32	static
iot_https_client.c:3179:22:IotHttpsClient_SendAsync	48	static
iot_https_client.c:3226:22:IotHttpsClient_ReadResponseStatus	32	static
iot_https_client.c:3245:22:IotHttpsClient_ReadHeader	56	static
iot_https_client.c:3341:22:IotHttpsClient_ReadContentLength	64	static
