main.c:155:5:main	8	static
main.c:236:6:SystemClock_Config	248	static
main.c:300:13:MX_RNG_Init	8	static
main.c:327:13:MX_RTC_Init	32	static
main.c:383:6:MX_SPI3_Init	8	static
main.c:424:13:MX_UART4_Init	8	static
main.c:472:13:MX_USART1_UART_Init	8	static
main.c:520:13:MX_GPIO_Init	48	static
main.c:582:6:vApplicationIdleHook	16	static
main.c:626:6:vMainUARTPrintString	24	static
main.c:635:6:vApplicationDaemonTaskStartupHook	16	static,ignoring_inline_asm
main.c:676:13:prvWifiConnect	168	static
main.c:732:13:prvInitializeHeap	32	static
main.c:767:6:HAL_GPIO_EXTI_Callback	16	static
main.c:788:6:Led_SetState	16	static
main.c:797:6:Led_Blink	24	static
main.c:830:6:vDevModePrintDevCertificate	1080	static
main.c:931:6:HAL_TIM_PeriodElapsedCallback	16	static
main.c:956:6:Error_Handler	8	static
