main.c:153:5:main	8	static
main.c:233:6:SystemClock_Config	248	static
main.c:294:13:MX_RNG_Init	8	static
main.c:321:13:MX_RTC_Init	32	static
main.c:377:6:MX_SPI3_Init	8	static
main.c:417:13:MX_USART1_UART_Init	8	static
main.c:465:13:MX_GPIO_Init	48	static
main.c:527:6:vApplicationIdleHook	16	static
main.c:571:6:vMainUARTPrintString	24	static
main.c:580:6:vApplicationDaemonTaskStartupHook	16	static,ignoring_inline_asm
main.c:621:13:prvWifiConnect	168	static
main.c:677:13:prvInitializeHeap	32	static
main.c:712:6:HAL_GPIO_EXTI_Callback	16	static
main.c:733:6:Led_SetState	16	static
main.c:742:6:Led_Blink	24	static
main.c:775:6:vDevModePrintDevCertificate	1080	static
main.c:876:6:HAL_TIM_PeriodElapsedCallback	16	static
main.c:901:6:Error_Handler	8	static
