stm32l4xx_it.c:72:6:NMI_Handler	4	static
stm32l4xx_it.c:85:6:HardFault_Handler	4	static
stm32l4xx_it.c:100:6:MemManage_Handler	4	static
stm32l4xx_it.c:115:6:BusFault_Handler	4	static
stm32l4xx_it.c:130:6:UsageFault_Handler	4	static
stm32l4xx_it.c:145:6:DebugMon_Handler	4	static
stm32l4xx_it.c:165:6:EXTI1_IRQHandler	8	static
stm32l4xx_it.c:179:6:EXTI15_10_IRQHandler	8	static
stm32l4xx_it.c:193:6:SPI3_IRQHandler	8	static
stm32l4xx_it.c:207:6:TIM6_DAC_IRQHandler	8	static
stm32l4xx_it.c:222:6:SysTick_Handler	8	static
stm32l4xx_it.c:238:6:UART4_IRQHandler	8	static
