aws_iot_ota_agent.c:354:15:prvInSelftest	16	static
aws_iot_ota_agent.c:378:19:prvStartSelfTestTimer	32	static
aws_iot_ota_agent.c:424:13:prvSelfTestTimer_Callback	16	static
aws_iot_ota_agent.c:435:13:prvStopSelfTestTimer	16	static
aws_iot_ota_agent.c:450:13:prvRequestTimer_Callback	24	static
aws_iot_ota_agent.c:466:13:prvStartRequestTimer	40	static
aws_iot_ota_agent.c:503:13:prvStopRequestTimer	16	static
aws_iot_ota_agent.c:514:18:prvSetImageStateWithReason	32	static
aws_iot_ota_agent.c:625:18:prvPAL_DefaultResetDevice	16	static
aws_iot_ota_agent.c:631:29:prvPAL_DefaultGetPlatformImageState	16	static
aws_iot_ota_agent.c:637:18:prvPAL_DefaultSetPlatformImageState	16	static
aws_iot_ota_agent.c:645:18:prvPAL_DefaultActivateNewImage	16	static
aws_iot_ota_agent.c:666:13:prvDefaultOTACompleteCallback	24	static
aws_iot_ota_agent.c:702:26:prvDefaultCustomJobCallback	16	static
aws_iot_ota_agent.c:719:18:prvStartHandler	32	static
aws_iot_ota_agent.c:739:18:prvInSelfTestHandler	16	static
aws_iot_ota_agent.c:766:18:prvRequestJobHandler	32	static
aws_iot_ota_agent.c:817:18:prvProcessJobHandler	32	static
aws_iot_ota_agent.c:894:18:prvInitFileHandler	32	static
aws_iot_ota_agent.c:937:18:prvRequestDataHandler	32	static
aws_iot_ota_agent.c:981:18:prvProcessDataHandler	48	static
aws_iot_ota_agent.c:1075:18:prvCloseFileHandler	16	static
aws_iot_ota_agent.c:1088:18:prvUserAbortHandler	24	static
aws_iot_ota_agent.c:1107:18:prvShutdownHandler	16	static
aws_iot_ota_agent.c:1132:18:prvResetDevice	16	static
aws_iot_ota_agent.c:1154:6:prvOTAEventBufferFree	16	static
aws_iot_ota_agent.c:1167:19:prvOTAEventBufferGet	16	static
aws_iot_ota_agent.c:1195:13:prvOTA_FreeContext	16	static
aws_iot_ota_agent.c:1257:15:prvOTA_Close	24	static
aws_iot_ota_agent.c:1287:28:prvGetFreeContext	16	static
aws_iot_ota_agent.c:1311:8:JSON_IsCStringEqual	32	static
aws_iot_ota_agent.c:1334:22:prvSearchModelForTokenKey	32	static
aws_iot_ota_agent.c:1369:22:prvParseJSONbyModel	160	static,ignoring_inline_asm
aws_iot_ota_agent.c:1699:22:prvInitDocModel	32	static
aws_iot_ota_agent.c:1757:28:prvParseJobDoc	144	static,ignoring_inline_asm
aws_iot_ota_agent.c:2020:28:prvGetFileContextFromJob	48	static
aws_iot_ota_agent.c:2113:23:prvIngestDataBlock	96	static
aws_iot_ota_agent.c:2278:13:prvAgentShutdownCleanup	24	static
aws_iot_ota_agent.c:2350:13:prvOTAAgentTask	56	static
aws_iot_ota_agent.c:2426:12:OTA_SignalEvent	24	static
aws_iot_ota_agent.c:2458:13:OTA_AgentInit	80	static
aws_iot_ota_agent.c:2491:13:OTA_AgentInit_internal	64	static,ignoring_inline_asm
aws_iot_ota_agent.c:2735:13:OTA_AgentShutdown	24	static
aws_iot_ota_agent.c:2773:13:OTA_GetAgentState	4	static
aws_iot_ota_agent.c:2781:10:OTA_GetPacketsDropped	4	static
aws_iot_ota_agent.c:2789:10:OTA_GetPacketsQueued	4	static
aws_iot_ota_agent.c:2797:10:OTA_GetPacketsProcessed	4	static
aws_iot_ota_agent.c:2805:10:OTA_GetPacketsReceived	4	static
aws_iot_ota_agent.c:2810:11:OTA_CheckForUpdate	24	static
aws_iot_ota_agent.c:2840:11:OTA_ActivateNewImage	16	static
aws_iot_ota_agent.c:2874:11:OTA_SetImageState	32	static
aws_iot_ota_agent.c:2934:18:OTA_GetImageState	4	static
