aws_iot_ota_http.c:216:13:_httpAllocateBuffers	24	static
aws_iot_ota_http.c:256:13:_httpFreeBuffers	8	static
aws_iot_ota_http.c:285:13:_httpProcessResponseBody	48	static
aws_iot_ota_http.c:317:13:_httpErrorHandler	32	static
aws_iot_ota_http.c:357:29:_httpReconnect	32	static
aws_iot_ota_http.c:380:13:_httpAppendHeaderCallback	32	static
aws_iot_ota_http.c:411:13:_httpReadReadyCallback	56	static
aws_iot_ota_http.c:515:13:_httpResponseCompleteCallback	40	static
aws_iot_ota_http.c:575:13:_httpErrorCallback	32	static
aws_iot_ota_http.c:596:13:_httpConnectionClosedCallback	32	static
aws_iot_ota_http.c:611:29:_httpInitUrl	32	static
aws_iot_ota_http.c:650:29:_httpConnect	40	static
aws_iot_ota_http.c:718:17:_httpGetFileSize	160	static
aws_iot_ota_http.c:870:17:_requestDataBlockPreCheck	24	static
aws_iot_ota_http.c:911:11:_AwsIotOTA_InitFileTransfer_HTTP	72	static
aws_iot_ota_http.c:1032:11:_AwsIotOTA_RequestDataBlock_HTTP	64	static
aws_iot_ota_http.c:1142:11:_AwsIotOTA_DecodeFileBlock_HTTP	32	static
aws_iot_ota_http.c:1169:11:_AwsIotOTA_Cleanup_HTTP	24	static
