bignum.c:419:12:mpi_get_digit	8	static
bignum.c:980:13:mpi_sub_hlp	20	static
bignum.c:1146:6:mpi_mul_hlp	20	static,ignoring_inline_asm
bignum.c:84:6:mbedtls_mpi_init	0	static
bignum.c:97:6:mbedtls_mpi_free	8	static
bignum.c:116:5:mbedtls_mpi_grow	16	static
bignum.c:146:5:mbedtls_mpi_shrink	16	static
bignum.c:182:5:mbedtls_mpi_copy	24	static
bignum.c:222:6:mbedtls_mpi_swap	24	static
bignum.c:236:5:mbedtls_mpi_safe_cond_assign	24	static
bignum.c:264:5:mbedtls_mpi_safe_cond_swap	24	static
bignum.c:298:5:mbedtls_mpi_lset	16	static
bignum.c:316:5:mbedtls_mpi_get_bit	0	static
bignum.c:331:5:mbedtls_mpi_set_bit	24	static
bignum.c:359:8:mbedtls_mpi_lsb	20	static
bignum.c:392:8:mbedtls_mpi_bitlen	0	static
bignum.c:411:8:mbedtls_mpi_size	8	static
bignum.c:684:5:mbedtls_mpi_read_binary	24	static
bignum.c:711:5:mbedtls_mpi_write_binary	24	static
bignum.c:752:5:mbedtls_mpi_shift_l	24	static
bignum.c:802:5:mbedtls_mpi_shift_r	16	static
bignum.c:845:5:mbedtls_mpi_cmp_abs	16	static
bignum.c:1587:12:mpi_montmul	56	static
bignum.c:875:5:mbedtls_mpi_cmp_mpi	16	static
bignum.c:908:5:mbedtls_mpi_cmp_int	24	static
bignum.c:924:5:mbedtls_mpi_add_abs	24	static
bignum.c:1001:5:mbedtls_mpi_sub_abs	40	static
bignum.c:1044:5:mbedtls_mpi_add_mpi	24	static
bignum.c:1075:5:mbedtls_mpi_sub_mpi	24	static
bignum.c:1106:5:mbedtls_mpi_add_int	24	static
bignum.c:1122:5:mbedtls_mpi_sub_int	24	static
bignum.c:1210:5:mbedtls_mpi_mul_mpi	56	static
bignum.c:1247:5:mbedtls_mpi_mul_int	24	static
bignum.c:436:5:mbedtls_mpi_read_string	48	static
bignum.c:1359:5:mbedtls_mpi_div_mpi	136	static
bignum.c:1474:5:mbedtls_mpi_div_int	24	static
bignum.c:1490:5:mbedtls_mpi_mod_mpi	16	static
bignum.c:1513:5:mbedtls_mpi_mod_int	20	static
bignum.c:508:12:mpi_write_hlp	32	static
bignum.c:535:5:mbedtls_mpi_write_string	40	static
bignum.c:1644:5:mbedtls_mpi_exp_mod	1656	static
bignum.c:1852:5:mbedtls_mpi_gcd	64	static
bignum.c:1908:5:mbedtls_mpi_fill_random	64	static
bignum.c:1929:5:mbedtls_mpi_inv_mod	136	static
