ecp.c:484:30:ecp_get_type	0	static
ecp.c:1124:12:ecp_safe_invert_jac	32	static
ecp.c:904:12:ecp_modp	16	static
ecp.c:1159:12:ecp_double_jac	88	static
ecp.c:984:12:ecp_normalize_jac	48	static
ecp.c:1035:12:ecp_normalize_jac_many.part.2	88	static
ecp.c:498:6:mbedtls_ecp_point_init.part.4	8	static
ecp.c:549:6:mbedtls_ecp_point_free.part.6	8	static
ecp.c:1649:12:ecp_select_comb.constprop	32	static
ecp.c:396:31:mbedtls_ecp_curve_list	0	static
ecp.c:404:29:mbedtls_ecp_grp_id_list	0	static
ecp.c:430:31:mbedtls_ecp_curve_info_from_grp_id	8	static
ecp.c:448:31:mbedtls_ecp_curve_info_from_tls_id	0	static
ecp.c:466:31:mbedtls_ecp_curve_info_from_name	16	static
ecp.c:498:6:mbedtls_ecp_point_init	0	static
ecp.c:511:6:mbedtls_ecp_group_init.part.5	16	static
ecp.c:511:6:mbedtls_ecp_group_init	0	static
ecp.c:536:6:mbedtls_ecp_keypair_init	8	static
ecp.c:549:6:mbedtls_ecp_point_free	0	static
ecp.c:562:6:mbedtls_ecp_group_free	16	static
ecp.c:591:6:mbedtls_ecp_keypair_free	8	static
ecp.c:604:5:mbedtls_ecp_copy	16	static
ecp.c:619:5:mbedtls_ecp_group_copy	0	static
ecp.c:627:5:mbedtls_ecp_set_zero	8	static
ecp.c:1255:12:ecp_add_mixed	120	static
ecp.c:642:5:mbedtls_ecp_is_zero	8	static
ecp.c:650:5:mbedtls_ecp_point_cmp	16	static
ecp.c:666:5:mbedtls_ecp_point_read_string	16	static
ecp.c:682:5:mbedtls_ecp_point_write_binary	32	static
ecp.c:738:5:mbedtls_ecp_point_read_binary	24	static
ecp.c:777:5:mbedtls_ecp_tls_read_point	8	static
ecp.c:808:5:mbedtls_ecp_tls_write_point	24	static
ecp.c:836:5:mbedtls_ecp_tls_read_group	8	static
ecp.c:869:5:mbedtls_ecp_tls_write_group	16	static
ecp.c:2493:5:mbedtls_ecp_check_pubkey	48	static
ecp.c:2513:5:mbedtls_ecp_check_privkey	16	static
ecp.c:2222:5:mbedtls_ecp_mul_restartable	312	static
ecp.c:2284:5:mbedtls_ecp_mul	24	static
ecp.c:2345:12:mbedtls_ecp_mul_shortcuts	40	static
ecp.c:2377:5:mbedtls_ecp_muladd_restartable	72	static
ecp.c:2467:5:mbedtls_ecp_muladd	24	static
ecp.c:2549:5:mbedtls_ecp_gen_privkey	48	static
ecp.c:2627:5:mbedtls_ecp_gen_keypair_base	32	static
ecp.c:2645:5:mbedtls_ecp_gen_keypair	16	static
ecp.c:2656:5:mbedtls_ecp_gen_key	24	static
ecp.c:2670:5:mbedtls_ecp_check_pub_priv	192	static
