iot_demo_https_s3_download_async.c:360:12:_getFreeRequestIndex	16	static
iot_demo_https_s3_download_async.c:390:13:_clearRequestContext	16	static
iot_demo_https_s3_download_async.c:404:13:_freeRequestIndex	16	static
iot_demo_https_s3_download_async.c:427:13:_freeScheduledRequests	24	static
iot_demo_https_s3_download_async.c:456:12:_initializeFileDownloadInformation	32	static
iot_demo_https_s3_download_async.c:499:13:_cleanupFileDownloadInformation	8	static
iot_demo_https_s3_download_async.c:528:13:_getNextIncompleteRange	32	static
iot_demo_https_s3_download_async.c:584:13:_clearAllScheduledRanges	24	static
iot_demo_https_s3_download_async.c:613:13:_appendHeaderCallback	48	static
iot_demo_https_s3_download_async.c:646:13:_readReadyCallback	80	static
iot_demo_https_s3_download_async.c:826:13:_responseCompleteCallback	48	static
iot_demo_https_s3_download_async.c:890:13:_connectionClosedCallback	32	static
iot_demo_https_s3_download_async.c:909:13:_errorCallback	48	static
iot_demo_https_s3_download_async.c:933:12:_scheduleAsyncRequest	64	static
iot_demo_https_s3_download_async.c:1025:5:RunHttpsAsyncDownloadDemo	112	static
