stm32l4xx_hal_rtc.c:695:13:HAL_RTC_MspInit	0	static
stm32l4xx_hal_rtc.c:710:13:HAL_RTC_MspDeInit	0	static
stm32l4xx_hal_rtc.c:2111:19:HAL_RTC_DeactivateAlarm	16	static
stm32l4xx_hal_rtc.c:2346:13:HAL_RTC_AlarmAEventCallback	0	static
stm32l4xx_hal_rtc.c:2265:6:HAL_RTC_AlarmIRQHandler	8	static
stm32l4xx_hal_rtc.c:2362:19:HAL_RTC_PollForAlarmAEvent	16	static
stm32l4xx_hal_rtc.c:2421:19:HAL_RTC_WaitForSynchro	16	static
stm32l4xx_hal_rtc.c:2473:21:HAL_RTC_GetState	0	static
stm32l4xx_hal_rtc.c:2497:19:RTC_EnterInitMode	24	static
stm32l4xx_hal_rtc.c:2547:19:RTC_ExitInitMode	16	static
stm32l4xx_hal_rtc.c:246:19:HAL_RTC_Init	16	static
stm32l4xx_hal_rtc.c:379:19:HAL_RTC_DeInit	16	static
stm32l4xx_hal_rtc.c:2591:9:RTC_ByteToBcd2	0	static
stm32l4xx_hal_rtc.c:1442:19:HAL_RTC_SetTime	24	static
stm32l4xx_hal_rtc.c:1596:19:HAL_RTC_SetDate	24	static
stm32l4xx_hal_rtc.c:1734:19:HAL_RTC_SetAlarm	32	static
stm32l4xx_hal_rtc.c:1921:19:HAL_RTC_SetAlarm_IT	32	static
stm32l4xx_hal_rtc.c:2610:9:RTC_Bcd2ToByte	0	static
stm32l4xx_hal_rtc.c:1552:19:HAL_RTC_GetTime	16	static
stm32l4xx_hal_rtc.c:1680:19:HAL_RTC_GetDate	16	static
stm32l4xx_hal_rtc.c:2205:19:HAL_RTC_GetAlarm	8	static
