stm32l4xx_ll_adc.h:4703:22:LL_ADC_SetChannelSamplingTime	12	static
stm32l4xx_ll_adc.h:5064:22:LL_ADC_SetAnalogWDMonitChannels	12	static
stm32l4xx_ll_adc.h:6155:26:LL_ADC_REG_IsConversionOngoing	0	static
stm32l4xx_hal_adc.c:909:13:HAL_ADC_MspInit	0	static
stm32l4xx_hal_adc.c:402:19:HAL_ADC_Init	24	static
stm32l4xx_hal_adc.c:926:13:HAL_ADC_MspDeInit	0	static
stm32l4xx_hal_adc.c:1404:19:HAL_ADC_PollForConversion	24	static
stm32l4xx_hal_adc.c:1583:19:HAL_ADC_PollForEvent	24	static
stm32l4xx_hal_adc.c:2214:10:HAL_ADC_GetValue	0	static
stm32l4xx_hal_adc.c:2601:13:HAL_ADC_ConvCpltCallback	0	static
stm32l4xx_hal_adc.c:2616:13:HAL_ADC_ConvHalfCpltCallback	0	static
stm32l4xx_hal_adc.c:3570:6:ADC_DMAHalfConvCplt	8	static
stm32l4xx_hal_adc.c:2631:13:HAL_ADC_LevelOutOfWindowCallback	0	static
stm32l4xx_hal_adc.c:2653:13:HAL_ADC_ErrorCallback	0	static
stm32l4xx_hal_adc.c:2231:6:HAL_ADC_IRQHandler	16	static
stm32l4xx_hal_adc.c:3492:6:ADC_DMAConvCplt	8	static
stm32l4xx_hal_adc.c:3588:6:ADC_DMAError	8	static
stm32l4xx_hal_adc.c:2699:19:HAL_ADC_ConfigChannel	32	static,ignoring_inline_asm
stm32l4xx_hal_adc.c:2941:19:HAL_ADC_AnalogWDGConfig	24	static,ignoring_inline_asm
stm32l4xx_hal_adc.c:3193:10:HAL_ADC_GetState	0	static
stm32l4xx_hal_adc.c:3207:10:HAL_ADC_GetError	0	static
stm32l4xx_hal_adc.c:3237:19:ADC_ConversionStop	16	static
stm32l4xx_hal_adc.c:3367:19:ADC_Enable	16	static
stm32l4xx_hal_adc.c:1215:19:HAL_ADC_Start	16	static
stm32l4xx_hal_adc.c:1728:19:HAL_ADC_Start_IT	16	static
stm32l4xx_hal_adc.c:1988:19:HAL_ADC_Start_DMA	24	static
stm32l4xx_hal_adc.c:3434:19:ADC_Disable	16	static
stm32l4xx_hal_adc.c:707:19:HAL_ADC_DeInit	16	static
stm32l4xx_hal_adc.c:1350:19:HAL_ADC_Stop	8	static
stm32l4xx_hal_adc.c:1935:19:HAL_ADC_Stop_IT	8	static
stm32l4xx_hal_adc.c:2129:19:HAL_ADC_Stop_DMA	16	static
