iot_mqtt_serialize.c:291:17:_nextPacketIdentifier	40	static,ignoring_inline_asm
iot_mqtt_serialize.c:305:15:_remainingLengthEncodedSize	24	static,ignoring_inline_asm
iot_mqtt_serialize.c:341:18:_encodeRemainingLength	24	static
iot_mqtt_serialize.c:372:18:_encodeString	24	static
iot_mqtt_serialize.c:395:13:_connectPacketSize	40	static
iot_mqtt_serialize.c:481:13:_publishPacketSize	40	static
iot_mqtt_serialize.c:543:13:_subscriptionPacketSize	40	static,ignoring_inline_asm
iot_mqtt_serialize.c:600:9:_IotMqtt_GetPacketType	24	static
iot_mqtt_serialize.c:615:8:_IotMqtt_GetRemainingLength	40	static,ignoring_inline_asm
iot_mqtt_serialize.c:672:16:_IotMqtt_SerializeConnect	64	static,ignoring_inline_asm
iot_mqtt_serialize.c:891:16:_IotMqtt_DeserializeConnack	32	static
iot_mqtt_serialize.c:1022:16:_IotMqtt_SerializePublish	64	static,ignoring_inline_asm
iot_mqtt_serialize.c:1160:6:_IotMqtt_PublishSetDup	48	static,ignoring_inline_asm
iot_mqtt_serialize.c:1195:16:_IotMqtt_DeserializePublish	56	static
iot_mqtt_serialize.c:1396:16:_IotMqtt_SerializePuback	40	static
iot_mqtt_serialize.c:1432:16:_IotMqtt_DeserializePuback	32	static
iot_mqtt_serialize.c:1489:16:_IotMqtt_SerializeSubscribe	72	static,ignoring_inline_asm
iot_mqtt_serialize.c:1583:16:_IotMqtt_DeserializeSuback	56	static
iot_mqtt_serialize.c:1686:16:_IotMqtt_SerializeUnsubscribe	72	static,ignoring_inline_asm
iot_mqtt_serialize.c:1776:16:_IotMqtt_DeserializeUnsuback	32	static
iot_mqtt_serialize.c:1833:16:_IotMqtt_SerializePingreq	16	static
iot_mqtt_serialize.c:1855:16:_IotMqtt_DeserializePingresp	32	static
iot_mqtt_serialize.c:1894:16:_IotMqtt_SerializeDisconnect	16	static
iot_mqtt_serialize.c:1916:6:_IotMqtt_FreePacket	24	static
