iot_linear_containers.h:303:20:IotLink_IsLinked	24	static
iot_linear_containers.h:330:20:IotListDouble_Create	24	static,ignoring_inline_asm
iot_linear_containers.h:584:20:IotListDouble_Remove	24	static,ignoring_inline_asm
iot_linear_containers.h:659:20:IotListDouble_RemoveAll	40	static,ignoring_inline_asm
iot_linear_containers.h:710:27:IotListDouble_FindFirstMatch	32	static,ignoring_inline_asm
iot_linear_containers.h:812:20:IotListDouble_RemoveAllMatches	32	static
iot_mqtt_api.c:148:13:_mqttSubscription_setUnsubscribe	24	static,ignoring_inline_asm
iot_mqtt_api.c:170:13:_mqttSubscription_tryDestroy	32	static,ignoring_inline_asm
iot_mqtt_api.c:193:13:_mqttOperation_tryDestroy	32	static,ignoring_inline_asm
iot_mqtt_api.c:241:13:_createKeepAliveJob	48	static,ignoring_inline_asm
iot_mqtt_api.c:319:28:_createMqttConnection	40	static
iot_mqtt_api.c:470:13:_destroyMqttConnection	48	static,ignoring_inline_asm
iot_mqtt_api.c:543:23:_subscriptionCommon	80	static,ignoring_inline_asm
iot_mqtt_api.c:759:6:_IotMqtt_IncrementConnectionReferences	40	static,ignoring_inline_asm
iot_mqtt_api.c:793:6:_IotMqtt_DecrementConnectionReferences	40	static,ignoring_inline_asm
iot_mqtt_api.c:836:16:IotMqtt_Init	24	static
iot_mqtt_api.c:870:6:IotMqtt_Cleanup	16	static
iot_mqtt_api.c:885:16:IotMqtt_Connect	80	static,ignoring_inline_asm
iot_mqtt_api.c:1237:6:IotMqtt_Disconnect	72	static,ignoring_inline_asm
iot_mqtt_api.c:1387:16:IotMqtt_Subscribe	40	static
iot_mqtt_api.c:1405:16:IotMqtt_TimedSubscribe	48	static,ignoring_inline_asm
iot_mqtt_api.c:1443:16:IotMqtt_Unsubscribe	40	static
iot_mqtt_api.c:1461:16:IotMqtt_TimedUnsubscribe	48	static,ignoring_inline_asm
iot_mqtt_api.c:1499:16:IotMqtt_Publish	72	static,ignoring_inline_asm
iot_mqtt_api.c:1753:16:IotMqtt_TimedPublish	48	static
iot_mqtt_api.c:1805:16:IotMqtt_Wait	56	static
iot_mqtt_api.c:1911:14:IotMqtt_strerror	24	static
iot_mqtt_api.c:1971:14:IotMqtt_OperationType	24	static
