sfu_fwimg_services.c:82:27:SFU_IMG_InitImageHandling	0	static
sfu_fwimg_services.c:96:17:SFU_IMG_ShutdownImageHandling	0	static
sfu_fwimg_services.c:134:32:SFU_IMG_CheckPendingInstallation	8	static
sfu_fwimg_services.c:312:17:SFU_IMG_TriggerResumeInstallation	0	static
sfu_fwimg_services.c:338:17:SFU_IMG_InvalidateCurrentFirmware	16	static
sfu_fwimg_services.c:361:17:SFU_IMG_VerifyActiveImgMetadata	0	static
sfu_fwimg_services.c:379:17:SFU_IMG_VerifyActiveImg	16	static
sfu_fwimg_services.c:406:17:SFU_IMG_VerifyActiveSlot	0	static
sfu_fwimg_services.c:427:17:SFU_IMG_VerifyEmptyActiveSlot	0	static
sfu_fwimg_services.c:438:17:SFU_IMG_ControlActiveImgTag	0	static
sfu_fwimg_services.c:461:17:SFU_IMG_LaunchActiveImg	8	static,ignoring_inline_asm
sfu_fwimg_services.c:503:9:SFU_IMG_GetActiveFwVersion	1960	static
sfu_fwimg_services.c:181:17:SFU_IMG_CheckCandidateMetadata	16	static
sfu_fwimg_services.c:528:17:SFU_IMG_HasValidActiveFirmware	16	static
sfu_fwimg_services.c:564:17:SFU_IMG_Validation	0	static
sfu_fwimg_services.c:574:17:SFU_IMG_EraseDownloadedImg	24	static
sfu_fwimg_services.c:263:17:SFU_IMG_TriggerImageInstallation	8	static
sfu_fwimg_services.c:595:17:SFU_IMG_VerifyDownloadSlot	0	static
sfu_fwimg_services.c:879:17:SFU_IMG_SetUpdateSourceFingerprint	48	static
sfu_fwimg_services.c:915:17:SFU_IMG_CheckUpdateSourceFingerprint	48	static
sfu_fwimg_services.c:735:17:SFU_IMG_RollbackFWUpdate	4192	static
sfu_fwimg_services.c:606:17:SFU_IMG_CheckImageState	24	static
