sfu_fwimg_core.c:488:24:CheckHeaderValidated	16	static
sfu_fwimg_core.c:211:24:VerifyFwRawHeaderTag	16	static
sfu_fwimg_core.c:720:24:EraseSlotIndex.part.1	16	static
sfu_fwimg_core.c:1203:24:DecryptImageInSlot1.constprop	4216	static
sfu_fwimg_core.c:242:24:VerifyTagScatter	4208	static
sfu_fwimg_core.c:1707:17:SFU_IMG_GetFWInfoMAC.part.2	1968	static
sfu_fwimg_core.c:770:24:SwapFirmwareImages	2240	static
sfu_fwimg_core.c:1435:27:SFU_IMG_CoreInit	48	static
sfu_fwimg_core.c:1652:17:SFU_IMG_CoreDeInit	0	static
sfu_fwimg_core.c:1669:18:SFU_IMG_CheckSlot0FwValid	2064	static
sfu_fwimg_core.c:1707:17:SFU_IMG_GetFWInfoMAC	0	static
sfu_fwimg_core.c:1745:17:SFU_IMG_VerifyFwSignature	40	static
sfu_fwimg_core.c:1778:17:SFU_IMG_WriteHeaderValidated	2064	static
sfu_fwimg_core.c:1839:17:SFU_IMG_VerifySlot	8	static
sfu_fwimg_core.c:1874:18:SFU_IMG_CheckTrailerValid	4048	static
sfu_fwimg_core.c:2026:17:SFU_IMG_Resume	24	static
sfu_fwimg_core.c:2095:17:SFU_IMG_FirmwareToInstall	2072	static
sfu_fwimg_core.c:2190:17:SFU_IMG_PrepareCandidateImageForInstall	56	static
sfu_fwimg_core.c:2286:17:SFU_IMG_InstallNewVersion	72	static
sfu_fwimg_core.c:2428:17:SFU_IMG_ControlFwTag	12	static
sfu_fwimg_core.c:2448:10:SFU_IMG_GetTrailerSize	0	static
sfu_fwimg_core.c:2459:17:SFU_IMG_CheckFwVersion	0	static
