sfu_boot.c:1411:13:SFU_BOOT_SM_HandleCriticalFailure	8	static
sfu_boot.c:1212:13:SFU_BOOT_SM_ResumeInstallNewUserFw	8	static
sfu_boot.c:1237:13:SFU_BOOT_SM_VerifyUserFwSignature	16	static
sfu_boot.c:1149:13:SFU_BOOT_SM_InstallNewUserFw	16	static
sfu_boot.c:762:13:SFU_BOOT_SM_InstallKMSBlob	24	static
sfu_boot.c:730:13:SFU_BOOT_SM_CheckKMSBlobToInstall	8	static
sfu_boot.c:1065:13:SFU_BOOT_SM_DownloadNewUserFw	1992	static
sfu_boot.c:681:13:SFU_BOOT_SM_CheckNewFwToDownload	8	static
sfu_boot.c:496:24:SFU_BOOT_DeInit	16	static
sfu_boot.c:1578:24:SFU_BOOT_SetLastExecStatus	40	static
sfu_boot.c:877:13:SFU_BOOT_SM_CheckUserFwStatus	16	static
sfu_boot.c:618:13:SFU_BOOT_SM_CheckStatusOnReset	72	static
sfu_boot.c:364:6:SFU_BOOT_ForceReboot	8	static,ignoring_inline_asm
sfu_boot.c:1430:13:SFU_BOOT_SM_RebootStateMachine	8	static
sfu_boot.c:1331:13:SFU_BOOT_SM_ExecuteUserFw	24	static
sfu_boot.c:302:27:SFU_BOOT_RunSecureBootService	24	static
sfu_boot.c:1898:6:HAL_RTCEx_Tamper2EventCallback	0	static
sfu_boot.c:1909:6:MemManage_Handler	0	static
sfu_boot.c:1920:6:HardFault_Handler	0	static
