bignum.c:441:12:mpi_get_digit	8	static
bignum.c:1225:13:mpi_sub_hlp	20	static
bignum.c:1406:6:mpi_mul_hlp	20	static,ignoring_inline_asm
bignum.c:795:13:mpi_bigendian_to_host.part.1	0	static
bignum.c:1787:5:mbedtls_mpi_mod_int.part.4	20	static
bignum.c:89:6:mbedtls_mpi_init	0	static
bignum.c:101:6:mbedtls_mpi_free	8	static
bignum.c:120:5:mbedtls_mpi_grow	24	static
bignum.c:151:5:mbedtls_mpi_shrink	24	static
bignum.c:191:5:mbedtls_mpi_copy	24	static
bignum.c:233:6:mbedtls_mpi_swap	24	static
bignum.c:249:5:mbedtls_mpi_safe_cond_assign	24	static
bignum.c:279:5:mbedtls_mpi_safe_cond_swap	24	static
bignum.c:315:5:mbedtls_mpi_lset	16	static
bignum.c:334:5:mbedtls_mpi_get_bit	0	static
bignum.c:351:5:mbedtls_mpi_set_bit	24	static
bignum.c:380:8:mbedtls_mpi_lsb	20	static
bignum.c:414:8:mbedtls_mpi_bitlen	0	static
bignum.c:433:8:mbedtls_mpi_size	8	static
bignum.c:827:5:mbedtls_mpi_read_binary_le	24	static
bignum.c:860:5:mbedtls_mpi_read_binary	24	static
bignum.c:902:5:mbedtls_mpi_write_binary_le	24	static
bignum.c:941:5:mbedtls_mpi_write_binary	24	static
bignum.c:987:5:mbedtls_mpi_shift_l	24	static
bignum.c:1038:5:mbedtls_mpi_shift_r	16	static
bignum.c:1082:5:mbedtls_mpi_cmp_abs	16	static
bignum.c:1863:12:mpi_montmul	56	static
bignum.c:1114:5:mbedtls_mpi_cmp_mpi	16	static
bignum.c:1149:5:mbedtls_mpi_cmp_int	24	static
bignum.c:1166:5:mbedtls_mpi_add_abs	24	static
bignum.c:1246:5:mbedtls_mpi_sub_abs	40	static
bignum.c:1292:5:mbedtls_mpi_add_mpi	24	static
bignum.c:1327:5:mbedtls_mpi_sub_mpi	24	static
bignum.c:1362:5:mbedtls_mpi_add_int	24	static
bignum.c:1380:5:mbedtls_mpi_sub_int	24	static
bignum.c:1470:5:mbedtls_mpi_mul_mpi	56	static
bignum.c:1510:5:mbedtls_mpi_mul_int	24	static
bignum.c:458:5:mbedtls_mpi_read_string	48	static
bignum.c:1624:5:mbedtls_mpi_div_mpi	136	static
bignum.c:1742:5:mbedtls_mpi_div_int	24	static
bignum.c:1761:5:mbedtls_mpi_mod_mpi	16	static
bignum.c:1787:5:mbedtls_mpi_mod_int	8	static
bignum.c:571:5:mbedtls_mpi_write_string	56	static
bignum.c:2362:12:mpi_check_small_factors	24	static
bignum.c:1921:5:mbedtls_mpi_exp_mod	1656	static
bignum.c:2138:5:mbedtls_mpi_gcd	64	static
bignum.c:2198:5:mbedtls_mpi_fill_random	32	static
bignum.c:2389:12:mpi_miller_rabin	120	static
bignum.c:2231:5:mbedtls_mpi_inv_mod	136	static
bignum.c:2483:5:mbedtls_mpi_is_prime_ext	40	static
bignum.c:2518:5:mbedtls_mpi_is_prime	0	static
bignum.c:2541:5:mbedtls_mpi_gen_prime	64	static
