cipher.c:923:12:get_no_padding	0	static
cipher.c:105:12:mbedtls_cipher_list	12	static
cipher.c:126:30:mbedtls_cipher_info_from_type	0	static
cipher.c:138:30:mbedtls_cipher_info_from_string	16	static
cipher.c:153:30:mbedtls_cipher_info_from_values	12	static
cipher.c:169:6:mbedtls_cipher_init	0	static
cipher.c:175:6:mbedtls_cipher_free	8	static
cipher.c:278:5:mbedtls_cipher_setkey	8	static
cipher.c:384:5:mbedtls_cipher_set_iv	16	static
cipher.c:440:5:mbedtls_cipher_reset	0	static
cipher.c:461:5:mbedtls_cipher_update_ad	16	static
cipher.c:512:5:mbedtls_cipher_update	56	static
cipher.c:935:5:mbedtls_cipher_finish	32	static
cipher.c:1036:5:mbedtls_cipher_set_padding_mode	0	static
cipher.c:218:5:mbedtls_cipher_setup	16	static
cipher.c:1099:5:mbedtls_cipher_write_tag	4	static
cipher.c:1141:5:mbedtls_cipher_check_tag	32	static
cipher.c:1217:5:mbedtls_cipher_crypt	40	static
cipher.c:1312:5:mbedtls_cipher_auth_encrypt	28	static
cipher.c:1415:5:mbedtls_cipher_auth_decrypt	56	static
