ecp.c:1253:12:ecp_safe_invert_jac	32	static
ecp.c:1029:12:ecp_modp	16	static
ecp.c:1288:12:ecp_double_jac	88	static
ecp.c:1113:12:ecp_normalize_jac	48	static
ecp.c:1164:12:ecp_normalize_jac_many.part.2	88	static
ecp.c:1778:12:ecp_select_comb	48	static
ecp.c:577:6:mbedtls_ecp_point_free.part.4	8	static
ecp.c:424:31:mbedtls_ecp_curve_list	0	static
ecp.c:432:29:mbedtls_ecp_grp_id_list	0	static
ecp.c:458:31:mbedtls_ecp_curve_info_from_grp_id	8	static
ecp.c:476:31:mbedtls_ecp_curve_info_from_tls_id	0	static
ecp.c:494:31:mbedtls_ecp_curve_info_from_name	16	static
ecp.c:515:24:mbedtls_ecp_get_type	0	static
ecp.c:529:6:mbedtls_ecp_point_init	8	static
ecp.c:541:6:mbedtls_ecp_group_init	16	static
ecp.c:565:6:mbedtls_ecp_keypair_init	8	static
ecp.c:577:6:mbedtls_ecp_point_free	0	static
ecp.c:590:6:mbedtls_ecp_group_free	16	static
ecp.c:619:6:mbedtls_ecp_keypair_free	8	static
ecp.c:632:5:mbedtls_ecp_copy	16	static
ecp.c:649:5:mbedtls_ecp_group_copy	0	static
ecp.c:660:5:mbedtls_ecp_set_zero	8	static
ecp.c:1384:12:ecp_add_mixed	120	static
ecp.c:1930:12:ecp_mul_comb_after_precomp.isra.9	400	static
ecp.c:676:5:mbedtls_ecp_is_zero	8	static
ecp.c:686:5:mbedtls_ecp_point_cmp	16	static
ecp.c:705:5:mbedtls_ecp_point_read_string	16	static
ecp.c:724:5:mbedtls_ecp_point_write_binary	32	static
ecp.c:798:5:mbedtls_ecp_point_read_binary	24	static
ecp.c:863:5:mbedtls_ecp_tls_read_point	8	static
ecp.c:899:5:mbedtls_ecp_tls_write_point	24	static
ecp.c:952:5:mbedtls_ecp_tls_read_group_id	8	static
ecp.c:933:5:mbedtls_ecp_tls_read_group	16	static
ecp.c:991:5:mbedtls_ecp_tls_write_group	16	static
ecp.c:2643:5:mbedtls_ecp_check_pubkey	48	static
ecp.c:2667:5:mbedtls_ecp_check_privkey	16	static
ecp.c:2351:5:mbedtls_ecp_mul_restartable	128	static
ecp.c:2417:5:mbedtls_ecp_mul	24	static
ecp.c:2482:12:mbedtls_ecp_mul_shortcuts	40	static
ecp.c:2514:5:mbedtls_ecp_muladd_restartable	72	static
ecp.c:2611:5:mbedtls_ecp_muladd	24	static
ecp.c:2707:5:mbedtls_ecp_gen_privkey	48	static
ecp.c:2791:5:mbedtls_ecp_gen_keypair_base	32	static
ecp.c:2814:5:mbedtls_ecp_gen_keypair	16	static
ecp.c:2830:5:mbedtls_ecp_gen_key	24	static
ecp.c:2847:5:mbedtls_ecp_read_key	24	static
ecp.c:2915:5:mbedtls_ecp_check_pub_priv	192	static
