oid.c:420:1:oid_sig_alg_from_asn1	16	static
oid.c:247:1:mbedtls_oid_get_attr_short_name	16	static
oid.c:290:1:mbedtls_oid_get_x509_ext_type	16	static
oid.c:305:1:mbedtls_oid_get_extended_key_usage	16	static
oid.c:314:1:mbedtls_oid_get_certificate_policies	16	static
oid.c:421:1:mbedtls_oid_get_sig_alg_desc	8	static
oid.c:422:1:mbedtls_oid_get_sig_alg	16	static
oid.c:423:1:mbedtls_oid_get_oid_by_sig_alg	16	static
oid.c:455:1:mbedtls_oid_get_pk_alg	16	static
oid.c:456:1:mbedtls_oid_get_oid_by_pk_alg	12	static
oid.c:542:1:mbedtls_oid_get_ec_grp	16	static
oid.c:543:1:mbedtls_oid_get_oid_by_ec_grp	12	static
oid.c:572:1:mbedtls_oid_get_cipher_alg	16	static
oid.c:643:1:mbedtls_oid_get_md_alg	16	static
oid.c:644:1:mbedtls_oid_get_oid_by_md	12	static
oid.c:689:1:mbedtls_oid_get_md_hmac	16	static
oid.c:732:5:mbedtls_oid_get_numeric_string	40	static
