pk_wrap.c:70:12:rsa_can_do	0	static
pk_wrap.c:183:13:rsa_debug	0	static
pk_wrap.c:224:12:eckey_can_do	0	static
pk_wrap.c:231:15:eckey_get_bitlen	0	static
pk_wrap.c:411:13:eckey_debug	0	static
pk_wrap.c:449:12:eckeydh_can_do	0	static
pk_wrap.c:480:12:ecdsa_can_do	0	static
pk_wrap.c:177:13:rsa_free_wrap	8	static
pk_wrap.c:167:14:rsa_alloc_wrap	8	static
pk_wrap.c:161:12:rsa_check_pair_wrap	0	static
pk_wrap.c:76:15:rsa_get_bitlen	8	static
pk_wrap.c:146:12:rsa_encrypt_wrap	40	static
pk_wrap.c:132:12:rsa_decrypt_wrap	40	static
pk_wrap.c:114:12:rsa_sign_wrap	40	static
pk_wrap.c:82:12:rsa_verify_wrap	48	static
pk_wrap.c:405:13:eckey_free_wrap	8	static
pk_wrap.c:395:14:eckey_alloc_wrap	8	static
pk_wrap.c:389:12:eckey_check_pair	0	static
pk_wrap.c:695:14:ecdsa_alloc_wrap	8	static
pk_wrap.c:705:13:ecdsa_free_wrap	8	static
pk_wrap.c:652:12:ecdsa_sign_wrap	0	static
pk_wrap.c:264:12:eckey_sign_wrap	216	static
pk_wrap.c:635:12:ecdsa_verify_wrap	16	static
pk_wrap.c:247:12:eckey_verify_wrap	208	static
