psa_crypto.c:126:21:mbedtls_to_psa_error	0	static
psa_crypto.c:4075:21:psa_generator_tls12_prf_setup	48	static
psa_crypto.c:724:21:psa_get_empty_key_slot	16	static
psa_crypto.c:4128:21:psa_generator_tls12_psk_to_ms_setup	312	static
psa_crypto.c:1689:37:mbedtls_cipher_info_from_psa	4	static
psa_crypto.c:3339:13:psa_aead_abort	0	static
psa_crypto.c:747:24:psa_key_policy_algorithm_intersection.part.1	16	static
psa_crypto.c:769:12:psa_key_algorithm_permits	12	static
psa_crypto.c:832:21:psa_get_key_from_slot	32	static
psa_crypto.c:421:21:prepare_raw_data_slot	16	static
psa_crypto.c:976:15:psa_get_key_bits	8	static
psa_crypto.c:1032:21:psa_internal_export_key	48	static
psa_crypto.c:3356:21:psa_aead_setup.part.7	32	static
psa_crypto.c:2336:21:psa_rsa_decode_md_type	24	static
psa_crypto.c:811:21:psa_restrict_key_policy	32	static
psa_crypto.c:671:14:psa_import_key_into_slot	64	static
psa_crypto.c:904:14:psa_wipe_key_slot	16	static
psa_crypto.c:914:14:psa_import_key	24	static
psa_crypto.c:953:14:psa_destroy_key	16	static
psa_crypto.c:992:14:psa_get_key_information	24	static
psa_crypto.c:1144:14:psa_export_key	32	static
psa_crypto.c:1168:14:psa_export_public_key	32	static
psa_crypto.c:1248:14:psa_copy_key	64	static
psa_crypto.c:1329:14:psa_hash_abort	8	static
psa_crypto.c:1846:21:psa_hmac_abort_internal	8	static
psa_crypto.c:1457:14:psa_hash_update.part.8	16	static
psa_crypto.c:1382:14:psa_hash_setup	24	static
psa_crypto.c:1457:14:psa_hash_update	0	static
psa_crypto.c:1523:14:psa_hash_finish	24	static
psa_crypto.c:1929:21:psa_hmac_setup_internal	104	static
psa_crypto.c:2169:21:psa_hmac_finish_internal	72	static
psa_crypto.c:2208:21:psa_mac_finish_internal	32	static
psa_crypto.c:1604:14:psa_hash_verify	64	static
psa_crypto.c:1622:14:psa_hash_clone	16	static
psa_crypto.c:1859:14:psa_mac_abort	8	static
psa_crypto.c:1998:21:psa_mac_setup	40	static
psa_crypto.c:2115:14:psa_mac_sign_setup	0	static
psa_crypto.c:2122:14:psa_mac_verify_setup	0	static
psa_crypto.c:2129:14:psa_mac_update	16	static
psa_crypto.c:2247:14:psa_mac_sign_finish	24	static
psa_crypto.c:2288:14:psa_mac_verify_finish	56	static
psa_crypto.c:2589:14:psa_asymmetric_sign	96	static
psa_crypto.c:2665:14:psa_asymmetric_verify	88	static
psa_crypto.c:2721:14:psa_asymmetric_encrypt	64	static
psa_crypto.c:2801:14:psa_asymmetric_decrypt	56	static
psa_crypto.c:3185:14:psa_cipher_abort	8	static
psa_crypto.c:2910:21:psa_cipher_setup	40	static
psa_crypto.c:3007:14:psa_cipher_encrypt_setup	0	static
psa_crypto.c:3014:14:psa_cipher_decrypt_setup	0	static
psa_crypto.c:3054:14:psa_cipher_set_iv	16	static
psa_crypto.c:3021:14:psa_cipher_generate_iv	24	static
psa_crypto.c:3079:14:psa_cipher_update	24	static
psa_crypto.c:3125:14:psa_cipher_finish	40	static
psa_crypto.c:3219:6:psa_key_policy_set_usage	0	static
psa_crypto.c:3227:17:psa_key_policy_get_usage	0	static
psa_crypto.c:3232:17:psa_key_policy_get_algorithm	0	static
psa_crypto.c:3237:6:psa_key_policy_set_enrollment_algorithm	0	static
psa_crypto.c:3243:17:psa_key_policy_get_enrollment_algorithm	0	static
psa_crypto.c:3250:14:psa_set_key_policy	24	static
psa_crypto.c:3276:14:psa_get_key_policy	24	static
psa_crypto.c:3300:14:psa_get_key_lifetime	16	static
psa_crypto.c:3430:14:psa_aead_encrypt	488	static
psa_crypto.c:3524:14:psa_aead_decrypt	480	static
psa_crypto.c:3606:14:psa_generator_abort	16	static
psa_crypto.c:3660:14:psa_get_generator_capacity	0	static
psa_crypto.c:3892:14:psa_generator_read	232	static
psa_crypto.c:3988:14:psa_generator_import_key	24	static
psa_crypto.c:4268:14:psa_key_derivation	72	static
psa_crypto.c:4409:14:psa_key_agreement	16	static
psa_crypto.c:4438:14:psa_generate_random	8	static
psa_crypto.c:4466:14:psa_generate_key	40	static
psa_crypto.c:4599:14:mbedtls_psa_crypto_configure_entropy_sources	0	static
psa_crypto.c:4610:6:mbedtls_psa_crypto_free	8	static
psa_crypto.c:4624:14:psa_crypto_init	32	static
