kms_nvm_storage.c:112:13:reset	0	static
kms_nvm_storage.c:643:13:null_callback	0	static
kms_nvm_storage.c:652:13:use_slot_callback	0	static
kms_nvm_storage.c:661:13:use_end_callback	0	static
kms_nvm_storage.c:97:21:block_erase	8	static
kms_nvm_storage.c:175:27:check_slot_instance	12	static
kms_nvm_storage.c:265:28:scan_slots	32	static
kms_nvm_storage.c:678:21:use	16	static
kms_nvm_storage.c:557:21:copy_slots	80	static
kms_nvm_storage.c:595:21:validate	40	static
kms_nvm_storage.c:840:21:garbage_collect	8	static
kms_nvm_storage.c:774:21:append_slot	56	static
kms_nvm_storage.c:1198:14:NVMS_Init	48	static
kms_nvm_storage.c:1223:6:NVMS_Deinit	0	static
kms_nvm_storage.c:1242:14:NVMS_Erase	8	static
kms_nvm_storage.c:1285:14:NVMS_WriteDataWithType	56	static
kms_nvm_storage.c:1380:14:NVMS_EraseData	40	static
kms_nvm_storage.c:1469:14:NVMS_GetDataWithType	12	static
