kms_platf_objects.c:78:18:KMS_PlatfObjects_EmbeddedRange	0	static
kms_platf_objects.c:92:20:KMS_PlatfObjects_EmbeddedObject	0	static
kms_platf_objects.c:103:18:KMS_PlatfObjects_NvmStaticRange	0	static
kms_platf_objects.c:117:20:KMS_PlatfObjects_NvmStaticObject	0	static
kms_platf_objects.c:128:18:KMS_PlatfObjects_NvmDynamicRange	0	static
kms_platf_objects.c:142:20:KMS_PlatfObjects_NvmDynamicObject	0	static
kms_platf_objects.c:152:7:KMS_PlatfObjects_AllocateNvmDynamicObjectId	0	static
kms_platf_objects.c:173:6:KMS_PlatfObjects_NvmDynamicObjectList	24	static
kms_platf_objects.c:207:18:KMS_PlatfObjects_ExtTokenStaticRange	0	static
kms_platf_objects.c:220:18:KMS_PlatfObjects_ExtTokenDynamicRange	0	static
kms_platf_objects.c:277:8:KMS_PlatfObjects_Finalize	0	static
kms_platf_objects.c:285:8:KMS_PlatfObjects_NvmInitialize	8	static
kms_platf_objects.c:235:8:KMS_PlatfObjects_Init	24	static
kms_platf_objects.c:301:8:KMS_PlatfObjects_NvmFinalize	8	static
kms_platf_objects.c:322:16:KMS_PlatfObjects_NvmStoreObject	0	static
kms_platf_objects.c:362:16:KMS_PlatfObjects_NvmRemoveObject	0	static
kms_platf_objects.c:382:17:KMS_PlatfObjects_GetBlobVerifyKey	0	static
kms_platf_objects.c:391:17:KMS_PlatfObjects_GetBlobDecryptKey	0	static
