iot_linear_containers.h:303:20:IotLink_IsLinked	24	static
iot_linear_containers.h:330:20:IotListDouble_Create	24	static,ignoring_inline_asm
iot_linear_containers.h:378:20:IotListDouble_IsEmpty	16	static
iot_linear_containers.h:473:20:IotListDouble_InsertTail	32	static,ignoring_inline_asm
iot_linear_containers.h:584:20:IotListDouble_Remove	24	static,ignoring_inline_asm
iot_linear_containers.h:609:27:IotListDouble_RemoveHead	24	static
aws_iot_network_manager.c:419:21:_wifiConnectAccessPoint	24	static
aws_iot_network_manager.c:460:17:_wifiEnable	16	static
aws_iot_network_manager.c:495:17:_wifiDisable	16	static
aws_iot_network_manager.c:527:13:_dispatchNetworkStateChangeCB	56	static
aws_iot_network_manager.c:588:13:_onNetworkStateChangeCallback	56	static
aws_iot_network_manager.c:658:13:_initializeTCPIPCredentials	4	static
aws_iot_network_manager.c:686:12:AwsIotNetworkManager_Init	16	static
aws_iot_network_manager.c:742:12:AwsIotNetworkManager_SubscribeForStateChange	40	static
aws_iot_network_manager.c:772:12:AwsIotNetworkManager_RemoveSubscription	32	static
aws_iot_network_manager.c:800:10:AwsIotNetworkManager_GetConfiguredNetworks	24	static
aws_iot_network_manager.c:815:10:AwsIotNetworkManager_GetEnabledNetworks	24	static
aws_iot_network_manager.c:836:10:AwsIotNetworkManager_GetConnectedNetworks	24	static
aws_iot_network_manager.c:857:10:AwsIotNetworkManager_EnableNetwork	24	static
aws_iot_network_manager.c:894:10:AwsIotNetworkManager_DisableNetwork	24	static
aws_iot_network_manager.c:928:31:AwsIotNetworkManager_GetNetworkInterface	32	static
aws_iot_network_manager.c:947:8:AwsIotNetworkManager_GetCredentials	32	static
aws_iot_network_manager.c:966:8:AwsIotNetworkManager_GetConnectionParams	32	static
