stm32l4xx_hal_uart_ex.c:746:13:UARTEx_SetNbDataToProcess	16	static
stm32l4xx_hal_uart_ex.c:170:19:HAL_RS485Ex_Init	24	static
stm32l4xx_hal_uart_ex.c:276:13:HAL_UARTEx_WakeupCallback	0	static
stm32l4xx_hal_uart_ex.c:292:13:HAL_UARTEx_RxFifoFullCallback	0	static
stm32l4xx_hal_uart_ex.c:307:13:HAL_UARTEx_TxFifoEmptyCallback	0	static
stm32l4xx_hal_uart_ex.c:404:19:HAL_MultiProcessorEx_AddressLength_Set	0	static
stm32l4xx_hal_uart_ex.c:442:19:HAL_UARTEx_StopModeWakeUpSourceConfig	24	static
stm32l4xx_hal_uart_ex.c:497:19:HAL_UARTEx_EnableStopMode	0	static
stm32l4xx_hal_uart_ex.c:516:19:HAL_UARTEx_DisableStopMode	0	static
stm32l4xx_hal_uart_ex.c:536:19:HAL_UARTEx_EnableFifoMode	8	static
stm32l4xx_hal_uart_ex.c:577:19:HAL_UARTEx_DisableFifoMode	0	static
stm32l4xx_hal_uart_ex.c:623:19:HAL_UARTEx_SetTxFifoThreshold	16	static
stm32l4xx_hal_uart_ex.c:672:19:HAL_UARTEx_SetRxFifoThreshold	16	static
