stm32l4xx_hal_dma.c:1068:13:DMA_SetConfig	16	static
stm32l4xx_hal_dma.c:1115:13:DMA_CalcDMAMUXChannelBaseAndMask	0	static
stm32l4xx_hal_dma.c:153:19:HAL_DMA_Init	8	static
stm32l4xx_hal_dma.c:294:19:HAL_DMA_DeInit	16	static
stm32l4xx_hal_dma.c:430:19:HAL_DMA_Start	24	static
stm32l4xx_hal_dma.c:473:19:HAL_DMA_Start_IT	16	static
stm32l4xx_hal_dma.c:546:19:HAL_DMA_Abort	0	static
stm32l4xx_hal_dma.c:608:19:HAL_DMA_Abort_IT	8	static
stm32l4xx_hal_dma.c:675:19:HAL_DMA_PollForTransfer	32	static
stm32l4xx_hal_dma.c:805:6:HAL_DMA_IRQHandler	12	static
stm32l4xx_hal_dma.c:901:19:HAL_DMA_RegisterCallback	8	static
stm32l4xx_hal_dma.c:952:19:HAL_DMA_UnRegisterCallback	0	static
stm32l4xx_hal_dma.c:1030:22:HAL_DMA_GetState	0	static
stm32l4xx_hal_dma.c:1042:10:HAL_DMA_GetError	0	static
