kms_ext_token_stsafe.c:444:14:STSAFE_P11_GetInfo	0	static
kms_ext_token_stsafe.c:457:14:STSAFE_P11_GetSlotList	0	static
kms_ext_token_stsafe.c:469:14:STSAFE_P11_GetSlotInfo	0	static
kms_ext_token_stsafe.c:494:14:STSAFE_P11_GetMechanismList	0	static
kms_ext_token_stsafe.c:506:14:STSAFE_P11_GetMechanismInfo	0	static
kms_ext_token_stsafe.c:520:14:STSAFE_P11_InitToken	0	static
kms_ext_token_stsafe.c:533:14:STSAFE_P11_InitPIN	0	static
kms_ext_token_stsafe.c:548:14:STSAFE_P11_SetPIN	0	static
kms_ext_token_stsafe.c:698:14:STSAFE_P11_CloseAllSessions	0	static
kms_ext_token_stsafe.c:736:14:STSAFE_P11_SetOperationState	0	static
kms_ext_token_stsafe.c:751:14:STSAFE_P11_Login	0	static
kms_ext_token_stsafe.c:1062:14:STSAFE_P11_CopyObject	0	static
kms_ext_token_stsafe.c:1077:14:STSAFE_P11_DestroyObject	0	static
kms_ext_token_stsafe.c:1467:14:STSAFE_P11_Encrypt	0	static
kms_ext_token_stsafe.c:1601:14:STSAFE_P11_DigestKey	0	static
kms_ext_token_stsafe.c:2473:14:STSAFE_P11_GenerateKey	0	static
kms_ext_token_stsafe.c:2794:14:STSAFE_P11_WrapKey	0	static
kms_ext_token_stsafe.c:2811:14:STSAFE_P11_UnwrapKey	0	static
kms_ext_token_stsafe.c:3209:7:KMS_EXT_TOKEN_GetFunctionList	0	static
kms_ext_token_stsafe.c:3612:17:ObjectSetSession	32	static
kms_ext_token_stsafe.c:4400:7:FindObjectsFromTemplate	80	static
kms_ext_token_stsafe.c:3410:17:SessionIsValid	0	static
kms_ext_token_stsafe.c:3438:17:SessionIsOpen	8	static
kms_ext_token_stsafe.c:3467:17:SessionOperationIsActive	8	static
kms_ext_token_stsafe.c:3533:17:SessionOperationGetObjects	24	static
kms_ext_token_stsafe.c:1351:14:STSAFE_P11_FindObjects	24	static
kms_ext_token_stsafe.c:3684:17:IsMechanismTypeAllowed	12	static
kms_ext_token_stsafe.c:4364:17:IsAttributeTypeInList	8	static
kms_ext_token_stsafe.c:3119:14:STSAFE_P11_GenerateRandom	40	static
kms_ext_token_stsafe.c:4245:14:DecodeDerASN1UncompressedEcPoint	16	static
kms_ext_token_stsafe.c:2838:14:STSAFE_P11_DeriveKey	632	static
kms_ext_token_stsafe.c:3498:17:SessionOperationSetObjects	24	static
kms_ext_token_stsafe.c:2029:14:STSAFE_P11_VerifyInit	40	static
kms_ext_token_stsafe.c:1634:14:STSAFE_P11_SignInit	40	static
kms_ext_token_stsafe.c:1278:14:STSAFE_P11_FindObjectsInit	80	static
kms_ext_token_stsafe.c:3581:17:SessionOperationFinish	16	static
kms_ext_token_stsafe.c:2158:14:STSAFE_P11_Verify	480	static
kms_ext_token_stsafe.c:1405:14:STSAFE_P11_FindObjectsFinal	8	static
kms_ext_token_stsafe.c:615:14:STSAFE_P11_CloseSession	56	static
kms_ext_token_stsafe.c:413:14:STSAFE_P11_Finalize	16	static
kms_ext_token_stsafe.c:1782:14:STSAFE_P11_Sign	80	static
kms_ext_token_stsafe.c:348:14:STSAFE_P11_Initialize	32	static
kms_ext_token_stsafe.c:2443:14:STSAFE_P11_SignEncryptUpdate	0	static
kms_ext_token_stsafe.c:1262:14:STSAFE_P11_SetAttributeValue	0	static
kms_ext_token_stsafe.c:3185:14:STSAFE_P11_CancelFunction	0	static
kms_ext_token_stsafe.c:3105:14:STSAFE_P11_SeedRandom	0	static
kms_ext_token_stsafe.c:1090:14:STSAFE_P11_GetObjectSize	0	static
kms_ext_token_stsafe.c:721:14:STSAFE_P11_GetOperationState	0	static
kms_ext_token_stsafe.c:481:14:STSAFE_P11_GetTokenInfo	0	static
kms_ext_token_stsafe.c:3899:14:StSafeReadZone.constprop	72	static
kms_ext_token_stsafe.c:3715:14:GetAttributeValueFromTemplate	32	static
kms_ext_token_stsafe.c:1104:14:STSAFE_P11_GetAttributeValue	80	static
kms_ext_token_stsafe.c:565:14:STSAFE_P11_OpenSession	24	static
kms_ext_token_stsafe.c:3648:14:ObjectSetVendorObjectAvailability.constprop	24	static
kms_ext_token_stsafe.c:785:14:STSAFE_P11_CreateObject.part.20	376	static
kms_ext_token_stsafe.c:785:14:STSAFE_P11_CreateObject	24	static
kms_ext_token_stsafe.c:2494:14:STSAFE_P11_GenerateKeyPair.part.11	496	static
kms_ext_token_stsafe.c:2494:14:STSAFE_P11_GenerateKeyPair	40	static
kms_ext_token_stsafe.c:2459:14:STSAFE_P11_DecryptVerifyUpdate	0	static
kms_ext_token_stsafe.c:1482:14:STSAFE_P11_EncryptUpdate	0	static
kms_ext_token_stsafe.c:1522:14:STSAFE_P11_Decrypt	0	static
kms_ext_token_stsafe.c:1537:14:STSAFE_P11_DecryptUpdate	0	static
kms_ext_token_stsafe.c:1575:14:STSAFE_P11_Digest	0	static
kms_ext_token_stsafe.c:2008:14:STSAFE_P11_SignRecover	0	static
kms_ext_token_stsafe.c:2395:14:STSAFE_P11_VerifyRecover	0	static
kms_ext_token_stsafe.c:2411:14:STSAFE_P11_DigestEncryptUpdate	0	static
kms_ext_token_stsafe.c:2427:14:STSAFE_P11_DecryptDigestUpdate	0	static
kms_ext_token_stsafe.c:1994:14:STSAFE_P11_SignRecoverInit	0	static
kms_ext_token_stsafe.c:1967:14:STSAFE_P11_SignUpdate	0	static
kms_ext_token_stsafe.c:1981:14:STSAFE_P11_SignFinal	0	static
kms_ext_token_stsafe.c:1588:14:STSAFE_P11_DigestUpdate	0	static
kms_ext_token_stsafe.c:1613:14:STSAFE_P11_DigestFinal	0	static
kms_ext_token_stsafe.c:2353:14:STSAFE_P11_VerifyUpdate	0	static
kms_ext_token_stsafe.c:2366:14:STSAFE_P11_VerifyFinal	0	static
kms_ext_token_stsafe.c:2379:14:STSAFE_P11_VerifyRecoverInit	0	static
kms_ext_token_stsafe.c:1453:14:STSAFE_P11_EncryptInit	0	static
kms_ext_token_stsafe.c:1495:14:STSAFE_P11_EncryptFinal	0	static
kms_ext_token_stsafe.c:1508:14:STSAFE_P11_DecryptInit	0	static
kms_ext_token_stsafe.c:1550:14:STSAFE_P11_DecryptFinal	0	static
kms_ext_token_stsafe.c:3197:14:STSAFE_P11_WaitForSlotEvent	0	static
kms_ext_token_stsafe.c:709:14:STSAFE_P11_GetSessionInfo	0	static
kms_ext_token_stsafe.c:1561:14:STSAFE_P11_DigestInit	0	static
kms_ext_token_stsafe.c:762:14:STSAFE_P11_Logout	0	static
kms_ext_token_stsafe.c:3174:14:STSAFE_P11_GetFunctionStatus	0	static
