se_interface_kms.c:156:14:SE_KMS_GetFunctionList	0	static
se_interface_kms.c:69:14:SE_KMS_Initialize	16	static
se_interface_kms.c:98:14:SE_KMS_Finalize	16	static
se_interface_kms.c:128:14:SE_KMS_GetInfo	16	static
se_interface_kms.c:247:14:SE_KMS_GetSlotList	32	static
se_interface_kms.c:312:14:SE_KMS_GetTokenInfo	32	static
se_interface_kms.c:412:14:SE_KMS_OpenSession	48	static
se_interface_kms.c:445:14:SE_KMS_CloseSession	16	static
se_interface_kms.c:477:14:SE_KMS_CreateObject	48	static
se_interface_kms.c:510:14:SE_KMS_DestroyObject	32	static
se_interface_kms.c:544:14:SE_KMS_GetAttributeValue	48	static
se_interface_kms.c:578:14:SE_KMS_SetAttributeValue	48	static
se_interface_kms.c:612:14:SE_KMS_FindObjectsInit	32	static
se_interface_kms.c:646:14:SE_KMS_FindObjects	48	static
se_interface_kms.c:677:14:SE_KMS_FindObjectsFinal	16	static
se_interface_kms.c:710:14:SE_KMS_EncryptInit	32	static
se_interface_kms.c:745:14:SE_KMS_Encrypt	48	static
se_interface_kms.c:783:14:SE_KMS_EncryptUpdate	48	static
se_interface_kms.c:819:14:SE_KMS_EncryptFinal	32	static
se_interface_kms.c:854:14:SE_KMS_DecryptInit	32	static
se_interface_kms.c:890:14:SE_KMS_Decrypt	48	static
se_interface_kms.c:927:14:SE_KMS_DecryptUpdate	48	static
se_interface_kms.c:964:14:SE_KMS_DecryptFinal	32	static
se_interface_kms.c:999:14:SE_KMS_DigestInit	32	static
se_interface_kms.c:1036:14:SE_KMS_Digest	48	static
se_interface_kms.c:1071:14:SE_KMS_DigestUpdate	32	static
se_interface_kms.c:1103:14:SE_KMS_DigestKey	32	static
se_interface_kms.c:1136:14:SE_KMS_DigestFinal	32	static
se_interface_kms.c:1171:14:SE_KMS_SignInit	32	static
se_interface_kms.c:1207:14:SE_KMS_Sign	48	static
se_interface_kms.c:1243:14:SE_KMS_VerifyInit	32	static
se_interface_kms.c:1278:14:SE_KMS_Verify	48	static
se_interface_kms.c:1346:14:SE_KMS_DeriveKey	56	static
se_interface_kms.c:1385:14:SE_KMS_GenerateKeyPair	64	static
se_interface_kms.c:1422:14:SE_KMS_GenerateRandom	32	static
se_interface_kms.c:279:14:SE_KMS_GetSlotInfo	32	static
se_interface_kms.c:344:14:SE_KMS_GetMechanismInfo	32	static
se_interface_kms.c:376:14:SE_KMS_InitToken	48	static
se_interface_kms.c:1311:14:SE_KMS_ImportBlob	32	static
